###############################################################################
#
# IAR ELF Linker V8.30.1.114/W32 for ARM                  15/May/2020  16:05:00
# Copyright 2007-2018 IAR Systems AB.
#
#    Output file  =  
#        C:\Users\Чистое небо\Desktop\Э.01.00.00
#        Беспилотный
#        мотодельтаплан\Вспомогательное
#        электронное
#        оборудование\firmware\AssistEquipment\EWARM\AssistEquipment\Exe\AssistEquipment.out
#    Map file     =  
#        C:\Users\Чистое небо\Desktop\Э.01.00.00
#        Беспилотный
#        мотодельтаплан\Вспомогательное
#        электронное
#        оборудование\firmware\AssistEquipment\EWARM\AssistEquipment\List\AssistEquipment.map
#    Command line =  
#        -f C:\Users\A146~1\AppData\Local\Temp\EW6C34.tmp
#        ("C:\Users\Чистое небо\Desktop\Э.01.00.00
#        Беспилотный
#        мотодельтаплан\Вспомогательное
#        электронное
#        оборудование\firmware\AssistEquipment\EWARM\AssistEquipment\Obj\cmsis_os.o"
#        "C:\Users\Чистое небо\Desktop\Э.01.00.00
#        Беспилотный
#        мотодельтаплан\Вспомогательное
#        электронное
#        оборудование\firmware\AssistEquipment\EWARM\AssistEquipment\Obj\croutine.o"
#        "C:\Users\Чистое небо\Desktop\Э.01.00.00
#        Беспилотный
#        мотодельтаплан\Вспомогательное
#        электронное
#        оборудование\firmware\AssistEquipment\EWARM\AssistEquipment\Obj\event_groups.o"
#        "C:\Users\Чистое небо\Desktop\Э.01.00.00
#        Беспилотный
#        мотодельтаплан\Вспомогательное
#        электронное
#        оборудование\firmware\AssistEquipment\EWARM\AssistEquipment\Obj\freertos.o"
#        "C:\Users\Чистое небо\Desktop\Э.01.00.00
#        Беспилотный
#        мотодельтаплан\Вспомогательное
#        электронное
#        оборудование\firmware\AssistEquipment\EWARM\AssistEquipment\Obj\heap_4.o"
#        "C:\Users\Чистое небо\Desktop\Э.01.00.00
#        Беспилотный
#        мотодельтаплан\Вспомогательное
#        электронное
#        оборудование\firmware\AssistEquipment\EWARM\AssistEquipment\Obj\list.o"
#        "C:\Users\Чистое небо\Desktop\Э.01.00.00
#        Беспилотный
#        мотодельтаплан\Вспомогательное
#        электронное
#        оборудование\firmware\AssistEquipment\EWARM\AssistEquipment\Obj\main.o"
#        "C:\Users\Чистое небо\Desktop\Э.01.00.00
#        Беспилотный
#        мотодельтаплан\Вспомогательное
#        электронное
#        оборудование\firmware\AssistEquipment\EWARM\AssistEquipment\Obj\port.o"
#        "C:\Users\Чистое небо\Desktop\Э.01.00.00
#        Беспилотный
#        мотодельтаплан\Вспомогательное
#        электронное
#        оборудование\firmware\AssistEquipment\EWARM\AssistEquipment\Obj\portasm.o"
#        "C:\Users\Чистое небо\Desktop\Э.01.00.00
#        Беспилотный
#        мотодельтаплан\Вспомогательное
#        электронное
#        оборудование\firmware\AssistEquipment\EWARM\AssistEquipment\Obj\queue.o"
#        "C:\Users\Чистое небо\Desktop\Э.01.00.00
#        Беспилотный
#        мотодельтаплан\Вспомогательное
#        электронное
#        оборудование\firmware\AssistEquipment\EWARM\AssistEquipment\Obj\startup_stm32f103xb.o"
#        "C:\Users\Чистое небо\Desktop\Э.01.00.00
#        Беспилотный
#        мотодельтаплан\Вспомогательное
#        электронное
#        оборудование\firmware\AssistEquipment\EWARM\AssistEquipment\Obj\stm32f1xx_hal.o"
#        "C:\Users\Чистое небо\Desktop\Э.01.00.00
#        Беспилотный
#        мотодельтаплан\Вспомогательное
#        электронное
#        оборудование\firmware\AssistEquipment\EWARM\AssistEquipment\Obj\stm32f1xx_hal_can.o"
#        "C:\Users\Чистое небо\Desktop\Э.01.00.00
#        Беспилотный
#        мотодельтаплан\Вспомогательное
#        электронное
#        оборудование\firmware\AssistEquipment\EWARM\AssistEquipment\Obj\stm32f1xx_hal_cortex.o"
#        "C:\Users\Чистое небо\Desktop\Э.01.00.00
#        Беспилотный
#        мотодельтаплан\Вспомогательное
#        электронное
#        оборудование\firmware\AssistEquipment\EWARM\AssistEquipment\Obj\stm32f1xx_hal_dma.o"
#        "C:\Users\Чистое небо\Desktop\Э.01.00.00
#        Беспилотный
#        мотодельтаплан\Вспомогательное
#        электронное
#        оборудование\firmware\AssistEquipment\EWARM\AssistEquipment\Obj\stm32f1xx_hal_exti.o"
#        "C:\Users\Чистое небо\Desktop\Э.01.00.00
#        Беспилотный
#        мотодельтаплан\Вспомогательное
#        электронное
#        оборудование\firmware\AssistEquipment\EWARM\AssistEquipment\Obj\stm32f1xx_hal_flash.o"
#        "C:\Users\Чистое небо\Desktop\Э.01.00.00
#        Беспилотный
#        мотодельтаплан\Вспомогательное
#        электронное
#        оборудование\firmware\AssistEquipment\EWARM\AssistEquipment\Obj\stm32f1xx_hal_flash_ex.o"
#        "C:\Users\Чистое небо\Desktop\Э.01.00.00
#        Беспилотный
#        мотодельтаплан\Вспомогательное
#        электронное
#        оборудование\firmware\AssistEquipment\EWARM\AssistEquipment\Obj\stm32f1xx_hal_gpio.o"
#        "C:\Users\Чистое небо\Desktop\Э.01.00.00
#        Беспилотный
#        мотодельтаплан\Вспомогательное
#        электронное
#        оборудование\firmware\AssistEquipment\EWARM\AssistEquipment\Obj\stm32f1xx_hal_gpio_ex.o"
#        "C:\Users\Чистое небо\Desktop\Э.01.00.00
#        Беспилотный
#        мотодельтаплан\Вспомогательное
#        электронное
#        оборудование\firmware\AssistEquipment\EWARM\AssistEquipment\Obj\stm32f1xx_hal_msp.o"
#        "C:\Users\Чистое небо\Desktop\Э.01.00.00
#        Беспилотный
#        мотодельтаплан\Вспомогательное
#        электронное
#        оборудование\firmware\AssistEquipment\EWARM\AssistEquipment\Obj\stm32f1xx_hal_pwr.o"
#        "C:\Users\Чистое небо\Desktop\Э.01.00.00
#        Беспилотный
#        мотодельтаплан\Вспомогательное
#        электронное
#        оборудование\firmware\AssistEquipment\EWARM\AssistEquipment\Obj\stm32f1xx_hal_rcc.o"
#        "C:\Users\Чистое небо\Desktop\Э.01.00.00
#        Беспилотный
#        мотодельтаплан\Вспомогательное
#        электронное
#        оборудование\firmware\AssistEquipment\EWARM\AssistEquipment\Obj\stm32f1xx_hal_rcc_ex.o"
#        "C:\Users\Чистое небо\Desktop\Э.01.00.00
#        Беспилотный
#        мотодельтаплан\Вспомогательное
#        электронное
#        оборудование\firmware\AssistEquipment\EWARM\AssistEquipment\Obj\stm32f1xx_hal_tim.o"
#        "C:\Users\Чистое небо\Desktop\Э.01.00.00
#        Беспилотный
#        мотодельтаплан\Вспомогательное
#        электронное
#        оборудование\firmware\AssistEquipment\EWARM\AssistEquipment\Obj\stm32f1xx_hal_tim_ex.o"
#        "C:\Users\Чистое небо\Desktop\Э.01.00.00
#        Беспилотный
#        мотодельтаплан\Вспомогательное
#        электронное
#        оборудование\firmware\AssistEquipment\EWARM\AssistEquipment\Obj\stm32f1xx_hal_timebase_tim.o"
#        "C:\Users\Чистое небо\Desktop\Э.01.00.00
#        Беспилотный
#        мотодельтаплан\Вспомогательное
#        электронное
#        оборудование\firmware\AssistEquipment\EWARM\AssistEquipment\Obj\stm32f1xx_it.o"
#        "C:\Users\Чистое небо\Desktop\Э.01.00.00
#        Беспилотный
#        мотодельтаплан\Вспомогательное
#        электронное
#        оборудование\firmware\AssistEquipment\EWARM\AssistEquipment\Obj\stream_buffer.o"
#        "C:\Users\Чистое небо\Desktop\Э.01.00.00
#        Беспилотный
#        мотодельтаплан\Вспомогательное
#        электронное
#        оборудование\firmware\AssistEquipment\EWARM\AssistEquipment\Obj\system_stm32f1xx.o"
#        "C:\Users\Чистое небо\Desktop\Э.01.00.00
#        Беспилотный
#        мотодельтаплан\Вспомогательное
#        электронное
#        оборудование\firmware\AssistEquipment\EWARM\AssistEquipment\Obj\tasks.o"
#        "C:\Users\Чистое небо\Desktop\Э.01.00.00
#        Беспилотный
#        мотодельтаплан\Вспомогательное
#        электронное
#        оборудование\firmware\AssistEquipment\EWARM\AssistEquipment\Obj\timers.o"
#        --redirect _Printf=_PrintfFull --redirect _Scanf=_ScanfFull
#        --no_out_extension -o "C:\Users\Чистое
#        небо\Desktop\Э.01.00.00 Беспилотный
#        мотодельтаплан\Вспомогательное
#        электронное
#        оборудование\firmware\AssistEquipment\EWARM\AssistEquipment\Exe\AssistEquipment.out"
#        --map "C:\Users\Чистое небо\Desktop\Э.01.00.00
#        Беспилотный
#        мотодельтаплан\Вспомогательное
#        электронное
#        оборудование\firmware\AssistEquipment\EWARM\AssistEquipment\List\AssistEquipment.map"
#        --config "C:\Users\Чистое небо\Desktop\Э.01.00.00
#        Беспилотный
#        мотодельтаплан\Вспомогательное
#        электронное
#        оборудование\firmware\AssistEquipment\EWARM/stm32f103xb_flash.icf"
#        --semihosting --entry __iar_program_start --vfe --text_out locale)
#
###############################################################################

*******************************************************************************
*** RUNTIME MODEL ATTRIBUTES
***

CppFlavor       = *
__SystemLibrary = DLib
__dlib_version  = 6


*******************************************************************************
*** HEAP SELECTION
***

The basic heap was selected because no calls to memory allocation
functions were found in the application outside of system library
functions, and there are calls to deallocation functions in the
application.


*******************************************************************************
*** PLACEMENT SUMMARY
***

"A0":  place at 0x800'0000 { ro section .intvec };
"P1":  place in [from 0x800'0000 to 0x801'ffff] { ro };
define block CSTACK with size = 1K, alignment = 8 { };
define block HEAP with size = 512, alignment = 8 { };
"P2":  place in [from 0x2000'0000 to 0x2000'4fff] {
          rw, block CSTACK, block HEAP };
initialize by copy { rw };

  Section            Kind         Address    Size  Object
  -------            ----         -------    ----  ------
"A0":                                        0xec
  .intvec            ro code   0x800'0000    0xec  startup_stm32f103xb.o [1]
                             - 0x800'00ec    0xec

"P1":                                      0x2704
  .text              ro code   0x800'00ec   0x770  tasks.o [1]
  .text              ro code   0x800'085c   0x260  heap_4.o [1]
  .text              ro code   0x800'0abc    0x98  list.o [1]
  .text              ro code   0x800'0b54   0x1ac  port.o [1]
  .text              ro code   0x800'0d00    0x24  freertos.o [1]
  CODE               ro code   0x800'0d24    0x88  portasm.o [1]
  .text              ro code   0x800'0dac   0x686  stm32f1xx_hal_can.o [1]
  .text              ro code   0x800'1432    0x3a  zero_init3.o [3]
  .text              ro code   0x800'146c    0xec  stm32f1xx_hal_msp.o [1]
  .text              ro code   0x800'1558     0xc  stm32f1xx_hal.o [1]
  .text              ro code   0x800'1564     0x2  stm32f1xx_hal_can.o [1]
  .text              ro code   0x800'1566     0x2  stm32f1xx_hal_can.o [1]
  .text              ro code   0x800'1568     0x2  stm32f1xx_hal_can.o [1]
  .text              ro code   0x800'156a     0x2  stm32f1xx_hal_can.o [1]
  .text              ro code   0x800'156c     0x2  stm32f1xx_hal_can.o [1]
  .text              ro code   0x800'156e     0x2  stm32f1xx_hal_can.o [1]
  .text              ro code   0x800'1570     0x2  stm32f1xx_hal_can.o [1]
  .rodata            const     0x800'1572     0x2  stm32f1xx_hal_rcc.o [1]
  .text              ro code   0x800'1574   0x236  main.o [1]
  .text              ro code   0x800'17aa     0x2  stm32f1xx_hal_can.o [1]
  .text              ro code   0x800'17ac     0x2  stm32f1xx_hal_can.o [1]
  .text              ro code   0x800'17ae     0x2  stm32f1xx_hal_can.o [1]
  .text              ro code   0x800'17b0     0x2  stm32f1xx_hal_can.o [1]
  .text              ro code   0x800'17b2     0x2  stm32f1xx_hal_can.o [1]
  .text              ro code   0x800'17b4    0xe8  stm32f1xx_hal_cortex.o [1]
  .text              ro code   0x800'189c     0x6  ABImemclr4.o [3]
  .text              ro code   0x800'18a4   0x21c  stm32f1xx_hal_gpio.o [1]
  .text              ro code   0x800'1ac0    0x24  stm32f1xx_hal.o [1]
  .text              ro code   0x800'1ae4    0x86  ABImemcpy.o [3]
  .text              ro code   0x800'1b6c    0x94  cmsis_os.o [1]
  .text              ro code   0x800'1c00   0x638  stm32f1xx_hal_rcc.o [1]
  .text              ro code   0x800'2238    0x18  stm32f1xx_hal.o [1]
  .text              ro code   0x800'2250    0x32  ABImemset48.o [3]
  .text              ro code   0x800'2284    0x80  stm32f1xx_hal_timebase_tim.o [1]
  .text              ro code   0x800'2304   0x24a  stm32f1xx_hal_tim.o [1]
  .text              ro code   0x800'254e     0x2  stm32f1xx_hal_tim.o [1]
  .text              ro code   0x800'2550     0x2  stm32f1xx_hal_tim.o [1]
  .text              ro code   0x800'2552     0x2  stm32f1xx_hal_tim.o [1]
  .text              ro code   0x800'2554     0x2  stm32f1xx_hal_tim_ex.o [1]
  .text              ro code   0x800'2556     0x2  stm32f1xx_hal_tim.o [1]
  .text              ro code   0x800'2558     0x2  stm32f1xx_hal_tim_ex.o [1]
  .text              ro code   0x800'255c    0x58  system_stm32f1xx.o [1]
  .text              ro code   0x800'25b4    0x2c  copy_init3.o [3]
  .text              ro code   0x800'25e0    0x28  stm32f1xx_it.o [1]
  .text              ro code   0x800'2608    0x28  data_init.o [3]
  .iar.init_table    const     0x800'2630    0x24  - Linker created -
  .text              ro code   0x800'2654    0x1e  cmain.o [3]
  .text              ro code   0x800'2672     0x4  low_level_init.o [2]
  .text              ro code   0x800'2676     0x4  exit.o [2]
  .text              ro code   0x800'267c     0xa  cexit.o [3]
  .text              ro code   0x800'2688    0x14  exit.o [4]
  .rodata            const     0x800'269c    0x1c  main.o [1]
  .rodata            const     0x800'26b8    0x1c  main.o [1]
  .rodata            const     0x800'26d4    0x10  stm32f1xx_hal_rcc.o [1]
  .rodata            const     0x800'26e4    0x10  system_stm32f1xx.o [1]
  .text              ro code   0x800'26f4    0x10  startup_stm32f103xb.o [1]
  Initializer bytes  const     0x800'2704    0x10  <for P2-1>
  .rodata            const     0x800'2714     0xc  main.o [1]
  .rodata            const     0x800'2720     0xc  main.o [1]
  .text              ro code   0x800'272c     0xc  cstartup_M.o [3]
  .rodata            const     0x800'2738     0x8  system_stm32f1xx.o [1]
  .rodata            const     0x800'2740     0x8  tasks.o [1]
  .rodata            const     0x800'2748     0x4  heap_4.o [1]
  .text              ro code   0x800'274c     0x4  startup_stm32f103xb.o [1]
  .text              ro code   0x800'2750     0x4  startup_stm32f103xb.o [1]
  .text              ro code   0x800'2754     0x4  startup_stm32f103xb.o [1]
  .text              ro code   0x800'2758     0x4  startup_stm32f103xb.o [1]
  .text              ro code   0x800'275c     0x4  startup_stm32f103xb.o [1]
  .text              ro code   0x800'2760     0x4  startup_stm32f103xb.o [1]
  .text              ro code   0x800'2764     0x4  startup_stm32f103xb.o [1]
  .text              ro code   0x800'2768     0x4  startup_stm32f103xb.o [1]
  .text              ro code   0x800'276c     0x4  startup_stm32f103xb.o [1]
  .text              ro code   0x800'2770     0x4  startup_stm32f103xb.o [1]
  .text              ro code   0x800'2774     0x4  startup_stm32f103xb.o [1]
  .text              ro code   0x800'2778     0x4  startup_stm32f103xb.o [1]
  .text              ro code   0x800'277c     0x4  startup_stm32f103xb.o [1]
  .text              ro code   0x800'2780     0x4  startup_stm32f103xb.o [1]
  .text              ro code   0x800'2784     0x4  startup_stm32f103xb.o [1]
  .text              ro code   0x800'2788     0x4  startup_stm32f103xb.o [1]
  .text              ro code   0x800'278c     0x4  startup_stm32f103xb.o [1]
  .text              ro code   0x800'2790     0x4  startup_stm32f103xb.o [1]
  .text              ro code   0x800'2794     0x4  startup_stm32f103xb.o [1]
  .text              ro code   0x800'2798     0x4  startup_stm32f103xb.o [1]
  .text              ro code   0x800'279c     0x4  startup_stm32f103xb.o [1]
  .text              ro code   0x800'27a0     0x4  startup_stm32f103xb.o [1]
  .text              ro code   0x800'27a4     0x4  startup_stm32f103xb.o [1]
  .text              ro code   0x800'27a8     0x4  startup_stm32f103xb.o [1]
  .text              ro code   0x800'27ac     0x4  startup_stm32f103xb.o [1]
  .text              ro code   0x800'27b0     0x4  startup_stm32f103xb.o [1]
  .text              ro code   0x800'27b4     0x4  startup_stm32f103xb.o [1]
  .text              ro code   0x800'27b8     0x4  startup_stm32f103xb.o [1]
  .text              ro code   0x800'27bc     0x4  startup_stm32f103xb.o [1]
  .text              ro code   0x800'27c0     0x4  startup_stm32f103xb.o [1]
  .text              ro code   0x800'27c4     0x4  startup_stm32f103xb.o [1]
  .text              ro code   0x800'27c8     0x4  startup_stm32f103xb.o [1]
  .text              ro code   0x800'27cc     0x4  startup_stm32f103xb.o [1]
  .text              ro code   0x800'27d0     0x4  startup_stm32f103xb.o [1]
  .text              ro code   0x800'27d4     0x4  startup_stm32f103xb.o [1]
  .text              ro code   0x800'27d8     0x4  startup_stm32f103xb.o [1]
  .text              ro code   0x800'27dc     0x4  startup_stm32f103xb.o [1]
  .text              ro code   0x800'27e0     0x4  startup_stm32f103xb.o [1]
  .text              ro code   0x800'27e4     0x4  startup_stm32f103xb.o [1]
  .text              ro code   0x800'27e8     0x4  startup_stm32f103xb.o [1]
  .text              ro code   0x800'27ec     0x4  startup_stm32f103xb.o [1]
  .rodata            const     0x800'27f0     0x0  zero_init3.o [3]
  .rodata            const     0x800'27f0     0x0  copy_init3.o [3]
                             - 0x800'27f0  0x2704

"P2", part 1 of 3:                           0x10
  P2-1                        0x2000'0000     0xd  <Init block>
    .data            inited   0x2000'0000     0x4  port.o [1]
    .data            inited   0x2000'0004     0x4  stm32f1xx_hal.o [1]
    .data            inited   0x2000'0008     0x4  system_stm32f1xx.o [1]
    .data            inited   0x2000'000c     0x1  stm32f1xx_hal.o [1]
                            - 0x2000'000d     0xd

"P2", part 2 of 3:                         0x13e4
  .bss               zero     0x2000'0010   0xfd0  heap_4.o [1]
  .bss               zero     0x2000'0fe0   0x200  freertos.o [1]
  .bss               zero     0x2000'11e0    0x8c  tasks.o [1]
  .bss               zero     0x2000'126c    0x54  freertos.o [1]
  .bss               zero     0x2000'12c0    0x40  stm32f1xx_hal_timebase_tim.o [1]
  .bss               zero     0x2000'1300    0x28  main.o [1]
  .bss               zero     0x2000'1328    0x14  tasks.o [1]
  .bss               zero     0x2000'133c    0x14  tasks.o [1]
  .bss               zero     0x2000'1350    0x14  tasks.o [1]
  .bss               zero     0x2000'1364    0x14  tasks.o [1]
  .bss               zero     0x2000'1378    0x14  tasks.o [1]
  .bss               zero     0x2000'138c     0x8  heap_4.o [1]
  .bss               zero     0x2000'1394     0x4  heap_4.o [1]
  .bss               zero     0x2000'1398     0x4  heap_4.o [1]
  .bss               zero     0x2000'139c     0x4  heap_4.o [1]
  .bss               zero     0x2000'13a0     0x4  heap_4.o [1]
  .bss               zero     0x2000'13a4     0x4  main.o [1]
  .bss               zero     0x2000'13a8     0x4  main.o [1]
  .bss               zero     0x2000'13ac     0x4  port.o [1]
  .bss               zero     0x2000'13b0     0x4  stm32f1xx_hal.o [1]
  .bss               zero     0x2000'13b4     0x4  tasks.o [1]
  .bss               zero     0x2000'13b8     0x4  tasks.o [1]
  .bss               zero     0x2000'13bc     0x4  tasks.o [1]
  .bss               zero     0x2000'13c0     0x4  tasks.o [1]
  .bss               zero     0x2000'13c4     0x4  tasks.o [1]
  .bss               zero     0x2000'13c8     0x4  tasks.o [1]
  .bss               zero     0x2000'13cc     0x4  tasks.o [1]
  .bss               zero     0x2000'13d0     0x4  tasks.o [1]
  .bss               zero     0x2000'13d4     0x4  tasks.o [1]
  .bss               zero     0x2000'13d8     0x4  tasks.o [1]
  .bss               zero     0x2000'13dc     0x4  tasks.o [1]
  .bss               zero     0x2000'13e0     0x4  tasks.o [1]
  .bss               zero     0x2000'13e4     0x4  tasks.o [1]
  .bss               zero     0x2000'13e8     0x4  tasks.o [1]
  .bss               zero     0x2000'13ec     0x4  tasks.o [1]
  .bss               zero     0x2000'13f0     0x1  port.o [1]
                            - 0x2000'13f1  0x13e1

"P2", part 3 of 3:                          0x400
  CSTACK                      0x2000'13f8   0x400  <Block>
    CSTACK           uninit   0x2000'13f8   0x400  <Block tail>
                            - 0x2000'17f8   0x400

Unused ranges:

         From           To      Size
         ----           --      ----
   0x800'27f0   0x801'ffff  0x1'd810
  0x2000'13f4  0x2000'13f7       0x4
  0x2000'17f8  0x2000'4fff    0x3808


*******************************************************************************
*** INIT TABLE
***

          Address      Size
          -------      ----
Zero (__iar_zero_init3)
    1 destination range, total size 0x13e1:
          0x2000'0010  0x13e1

Copy (__iar_copy_init3)
    1 source range, total size 0x10 (123% of destination):
           0x800'2704    0x10
    1 destination range, total size 0xd:
          0x2000'0000     0xd



*******************************************************************************
*** MODULE SUMMARY
***

    Module                        ro code  ro data  rw data
    ------                        -------  -------  -------
command line/config:
    -------------------------------------------------------
    Total:

C:\Users\Чистое небо\Desktop\Э.01.00.00 Беспилотный мотодельтаплан\Вспомогательное электронное оборудование\firmware\AssistEquipment\EWARM\AssistEquipment\Obj: [1]
    cmsis_os.o                        148
    freertos.o                         36               596
    heap_4.o                          608        4    4 072
    list.o                            152
    main.o                            566       80       48
    port.o                            428        4        9
    portasm.o                         136
    startup_stm32f103xb.o             416
    stm32f1xx_hal.o                    72        5        9
    stm32f1xx_hal_can.o             1 694
    stm32f1xx_hal_cortex.o            232
    stm32f1xx_hal_gpio.o              540
    stm32f1xx_hal_msp.o               236
    stm32f1xx_hal_rcc.o             1 592       18
    stm32f1xx_hal_tim.o               594
    stm32f1xx_hal_tim_ex.o              4
    stm32f1xx_hal_timebase_tim.o      128                64
    stm32f1xx_it.o                     40
    system_stm32f1xx.o                 88       28        4
    tasks.o                         1 904        8      300
    -------------------------------------------------------
    Total:                          9 614      147    5 102

dl7M_tlf.a: [2]
    exit.o                              4
    low_level_init.o                    4
    -------------------------------------------------------
    Total:                              8

rt7M_tl.a: [3]
    ABImemclr4.o                        6
    ABImemcpy.o                       134
    ABImemset48.o                      50
    cexit.o                            10
    cmain.o                            30
    copy_init3.o                       44
    cstartup_M.o                       12
    data_init.o                        40
    zero_init3.o                       58
    -------------------------------------------------------
    Total:                            384

shb_l.a: [4]
    exit.o                             20
    -------------------------------------------------------
    Total:                             20

    Gaps                               12
    Linker created                              39    1 024
-----------------------------------------------------------
    Grand Total:                   10 038      186    6 126


*******************************************************************************
*** ENTRY LIST
***

Entry                       Address   Size  Type      Object
-----                       -------   ----  ----      ------
.iar.init_table$$Base    0x800'2630          --   Gb  - Linker created -
.iar.init_table$$Limit   0x800'2654          --   Gb  - Linker created -
?main                    0x800'2655         Code  Gb  cmain.o [3]
AHBPrescTable            0x800'26e4   0x10  Data  Gb  system_stm32f1xx.o [1]
APBPrescTable            0x800'2738    0x8  Data  Gb  system_stm32f1xx.o [1]
BusFault_Handler         0x800'25e7    0x2  Code  Gb  stm32f1xx_it.o [1]
CAN_TX_TaskHandle       0x2000'13a8    0x4  Data  Gb  main.o [1]
CSTACK$$Base            0x2000'13f8          --   Gb  - Linker created -
CSTACK$$Limit           0x2000'17f8          --   Gb  - Linker created -
DebugMon_Handler         0x800'25eb    0x2  Code  Gb  stm32f1xx_it.o [1]
Error_Handler            0x800'17a9    0x2  Code  Gb  main.o [1]
HAL_CAN_ActivateNotification
                         0x800'11d7   0x2c  Code  Gb  stm32f1xx_hal_can.o [1]
HAL_CAN_ConfigFilter     0x800'0f19  0x10e  Code  Gb  stm32f1xx_hal_can.o [1]
HAL_CAN_GetRxMessage     0x800'1083  0x154  Code  Gb  stm32f1xx_hal_can.o [1]
HAL_CAN_IRQHandler       0x800'1203  0x230  Code  Gb  stm32f1xx_hal_can.o [1]
HAL_CAN_Init             0x800'0dad  0x16c  Code  Gb  stm32f1xx_hal_can.o [1]
HAL_CAN_MspInit          0x800'14b3   0x92  Code  Gb  stm32f1xx_hal_msp.o [1]
HAL_CAN_RxFifo0MsgPendingCallback
                         0x800'173f   0x2c  Code  Gb  main.o [1]
HAL_CAN_Start            0x800'1027   0x5c  Code  Gb  stm32f1xx_hal_can.o [1]
HAL_GPIO_Init            0x800'18a5  0x1b0  Code  Gb  stm32f1xx_hal_gpio.o [1]
HAL_GPIO_TogglePin       0x800'1a69   0x16  Code  Gb  stm32f1xx_hal_gpio.o [1]
HAL_GPIO_WritePin        0x800'1a55   0x14  Code  Gb  stm32f1xx_hal_gpio.o [1]
HAL_GetTick              0x800'1559    0xc  Code  Wk  stm32f1xx_hal.o [1]
HAL_IncTick              0x800'2239   0x18  Code  Wk  stm32f1xx_hal.o [1]
HAL_Init                 0x800'1ac1   0x20  Code  Gb  stm32f1xx_hal.o [1]
HAL_InitTick             0x800'2285   0x70  Code  Gb  stm32f1xx_hal_timebase_tim.o [1]
HAL_MspInit              0x800'146d   0x46  Code  Gb  stm32f1xx_hal_msp.o [1]
HAL_NVIC_EnableIRQ       0x800'187f    0xa  Code  Gb  stm32f1xx_hal_cortex.o [1]
HAL_NVIC_SetPriority     0x800'185d   0x22  Code  Gb  stm32f1xx_hal_cortex.o [1]
HAL_NVIC_SetPriorityGrouping
                         0x800'1855    0x8  Code  Gb  stm32f1xx_hal_cortex.o [1]
HAL_RCC_ClockConfig      0x800'1fd3  0x146  Code  Gb  stm32f1xx_hal_rcc.o [1]
HAL_RCC_GetClockConfig   0x800'2197   0x34  Code  Gb  stm32f1xx_hal_rcc.o [1]
HAL_RCC_GetHCLKFreq      0x800'217b    0x6  Code  Gb  stm32f1xx_hal_rcc.o [1]
HAL_RCC_GetPCLK1Freq     0x800'2181   0x16  Code  Gb  stm32f1xx_hal_rcc.o [1]
HAL_RCC_GetSysClockFreq
                         0x800'2119   0x62  Code  Gb  stm32f1xx_hal_rcc.o [1]
HAL_RCC_OscConfig        0x800'1c01  0x3d2  Code  Gb  stm32f1xx_hal_rcc.o [1]
HAL_TIMEx_BreakCallback
                         0x800'2555    0x2  Code  Wk  stm32f1xx_hal_tim_ex.o [1]
HAL_TIMEx_CommutCallback
                         0x800'2559    0x2  Code  Wk  stm32f1xx_hal_tim_ex.o [1]
HAL_TIM_Base_Init        0x800'2305   0x38  Code  Gb  stm32f1xx_hal_tim.o [1]
HAL_TIM_Base_Start_IT    0x800'233d   0x28  Code  Gb  stm32f1xx_hal_tim.o [1]
HAL_TIM_IRQHandler       0x800'2365  0x176  Code  Gb  stm32f1xx_hal_tim.o [1]
HAL_TIM_PeriodElapsedCallback
                         0x800'1775   0x10  Code  Gb  main.o [1]
HardFault_Handler        0x800'25e3    0x2  Code  Gb  stm32f1xx_it.o [1]
MX_CAN_Init              0x800'1625   0x98  Code  Lc  main.o [1]
MX_GPIO_Init             0x800'16bd   0x82  Code  Lc  main.o [1]
MemManage_Handler        0x800'25e5    0x2  Code  Gb  stm32f1xx_it.o [1]
NMI_Handler              0x800'25e1    0x2  Code  Gb  stm32f1xx_it.o [1]
NVIC_EncodePriority      0x800'1819   0x3c  Code  Lc  stm32f1xx_hal_cortex.o [1]
PendSV_Handler           0x800'0d25         Code  Gb  portasm.o [1]
RCC_Delay                0x800'21cb   0x24  Code  Lc  stm32f1xx_hal_rcc.o [1]
Region$$Table$$Base      0x800'2630          --   Gb  - Linker created -
Region$$Table$$Limit     0x800'2654          --   Gb  - Linker created -
SVC_Handler              0x800'0d6b         Code  Gb  portasm.o [1]
StartDefaultTask         0x800'176b    0xa  Code  Gb  main.o [1]
Start_CAN_TX_Task        0x800'0d19    0xc  Code  Gb  freertos.o [1]
SysTick_Handler          0x800'0c8d   0x28  Code  Gb  port.o [1]
SystemClock_Config       0x800'15bb   0x6a  Code  Gb  main.o [1]
SystemCoreClock         0x2000'0008    0x4  Data  Gb  system_stm32f1xx.o [1]
SystemInit               0x800'255d   0x3e  Code  Gb  system_stm32f1xx.o [1]
TIM4_IRQHandler          0x800'25f7    0xa  Code  Gb  stm32f1xx_it.o [1]
TIM_Base_SetConfig       0x800'24db   0x64  Code  Gb  stm32f1xx_hal_tim.o [1]
USB_LP_CAN1_RX0_IRQHandler
                         0x800'25ed    0xa  Code  Gb  stm32f1xx_it.o [1]
UsageFault_Handler       0x800'25e9    0x2  Code  Gb  stm32f1xx_it.o [1]
__NVIC_EnableIRQ         0x800'17d9   0x1c  Code  Lc  stm32f1xx_hal_cortex.o [1]
__NVIC_GetPriorityGrouping
                         0x800'17cf    0xa  Code  Lc  stm32f1xx_hal_cortex.o [1]
__NVIC_SetPriority       0x800'17f5   0x24  Code  Lc  stm32f1xx_hal_cortex.o [1]
__NVIC_SetPriorityGrouping
                         0x800'17b5   0x1a  Code  Lc  stm32f1xx_hal_cortex.o [1]
__aeabi_memclr4          0x800'189d         Code  Gb  ABImemclr4.o [3]
__aeabi_memcpy4          0x800'1ae5         Code  Gb  ABImemcpy.o [3]
__aeabi_memcpy8          0x800'1ae5         Code  Gb  ABImemcpy.o [3]
__cmain                  0x800'2655         Code  Gb  cmain.o [3]
__exit                   0x800'2689   0x14  Code  Gb  exit.o [4]
__iar_Memset4_word       0x800'2251         Code  Gb  ABImemset48.o [3]
__iar_Memset8_word       0x800'2251         Code  Gb  ABImemset48.o [3]
__iar_copy_init3         0x800'25b5   0x2c  Code  Gb  copy_init3.o [3]
__iar_data_init3         0x800'2609   0x28  Code  Gb  data_init.o [3]
__iar_program_start      0x800'272d         Code  Gb  cstartup_M.o [3]
__iar_zero_init3         0x800'1433   0x3a  Code  Gb  zero_init3.o [3]
__low_level_init         0x800'2673    0x4  Code  Gb  low_level_init.o [2]
__vector_table           0x800'0000         Data  Gb  startup_stm32f103xb.o [1]
_call_main               0x800'2661         Code  Gb  cmain.o [3]
_exit                    0x800'267d         Code  Gb  cexit.o [3]
_main                    0x800'266f         Code  Gb  cmain.o [3]
defaultTaskHandle       0x2000'13a4    0x4  Data  Gb  main.o [1]
exit                     0x800'2677    0x4  Code  Gb  exit.o [2]
hcan                    0x2000'1300   0x28  Data  Gb  main.o [1]
htim4                   0x2000'12c0   0x40  Data  Gb  stm32f1xx_hal_timebase_tim.o [1]
main                     0x800'1575   0x46  Code  Gb  main.o [1]
makeFreeRtosPriority     0x800'1b6d   0x16  Code  Lc  cmsis_os.o [1]
osDelay                  0x800'1beb   0x16  Code  Gb  cmsis_os.o [1]
osKernelStart            0x800'1b83    0xa  Code  Gb  cmsis_os.o [1]
osThreadCreate           0x800'1b8d   0x5e  Code  Gb  cmsis_os.o [1]
prvAddCurrentTaskToDelayedList
                         0x800'07c5   0x6e  Code  Lc  tasks.o [1]
prvAddNewTaskToReadyList
                         0x800'028d   0x9a  Code  Lc  tasks.o [1]
prvCheckTasksWaitingTermination
                         0x800'06e1   0x38  Code  Lc  tasks.o [1]
prvDeleteTCB             0x800'0721   0x42  Code  Lc  tasks.o [1]
prvHeapInit              0x800'09e3   0x5e  Code  Lc  heap_4.o [1]
prvIdleTask              0x800'065d   0x22  Code  Lc  tasks.o [1]
prvInitialiseNewTask     0x800'01e3   0xaa  Code  Lc  tasks.o [1]
prvInitialiseTaskLists   0x800'068d   0x50  Code  Lc  tasks.o [1]
prvInsertBlockIntoFreeList
                         0x800'0a41   0x5e  Code  Lc  heap_4.o [1]
prvResetNextTaskUnblockTime
                         0x800'0763   0x28  Code  Lc  tasks.o [1]
prvTaskExitError         0x800'0b75   0x2a  Code  Lc  port.o [1]
pvPortMalloc             0x800'085d  0x114  Code  Gb  heap_4.o [1]
pxCurrentTCB            0x2000'13b4    0x4  Data  Gb  tasks.o [1]
pxDelayedTaskList       0x2000'13b8    0x4  Data  Lc  tasks.o [1]
pxEnd                   0x2000'1394    0x4  Data  Lc  heap_4.o [1]
pxOverflowDelayedTaskList
                        0x2000'13bc    0x4  Data  Lc  tasks.o [1]
pxPortInitialiseStack    0x800'0b55   0x20  Code  Gb  port.o [1]
pxReadyTasksLists       0x2000'11e0   0x8c  Data  Lc  tasks.o [1]
ucHeap                  0x2000'0010  0xfd0  Data  Lc  heap_4.o [1]
ucMaxSysCallPriority    0x2000'13f0    0x1  Data  Lc  port.o [1]
ulMaxPRIGROUPValue      0x2000'13ac    0x4  Data  Lc  port.o [1]
uwTick                  0x2000'13b0    0x4  Data  Gb  stm32f1xx_hal.o [1]
uwTickFreq              0x2000'000c    0x1  Data  Gb  stm32f1xx_hal.o [1]
uwTickPrio              0x2000'0004    0x4  Data  Gb  stm32f1xx_hal.o [1]
uxCriticalNesting       0x2000'0000    0x4  Data  Lc  port.o [1]
uxCurrentNumberOfTasks  0x2000'13c4    0x4  Data  Lc  tasks.o [1]
uxDeletedTasksWaitingCleanUp
                        0x2000'13c0    0x4  Data  Lc  tasks.o [1]
uxListRemove             0x800'0b2f   0x26  Code  Gb  list.o [1]
uxPendedTicks           0x2000'13d4    0x4  Data  Lc  tasks.o [1]
uxSchedulerSuspended    0x2000'13ec    0x4  Data  Lc  tasks.o [1]
uxTaskNumber            0x2000'13e0    0x4  Data  Lc  tasks.o [1]
uxTopReadyPriority      0x2000'13cc    0x4  Data  Lc  tasks.o [1]
vApplicationGetIdleTaskMemory
                         0x800'0d01    0xe  Code  Gb  freertos.o [1]
vListInitialise          0x800'0abd   0x1e  Code  Gb  list.o [1]
vListInitialiseItem      0x800'0adb    0x6  Code  Gb  list.o [1]
vListInsert              0x800'0af9   0x36  Code  Gb  list.o [1]
vListInsertEnd           0x800'0ae1   0x18  Code  Gb  list.o [1]
vPortEnterCritical       0x800'0c2d   0x34  Code  Gb  port.o [1]
vPortExitCritical        0x800'0c61   0x2c  Code  Gb  port.o [1]
vPortFree                0x800'0971   0x72  Code  Gb  heap_4.o [1]
vPortStartFirstTask      0x800'0d8b         Code  Gb  portasm.o [1]
vTaskDelay               0x800'0327   0x4c  Code  Gb  tasks.o [1]
vTaskStartScheduler      0x800'0373   0x8e  Code  Gb  tasks.o [1]
vTaskSuspendAll          0x800'0401    0xc  Code  Gb  tasks.o [1]
vTaskSwitchContext       0x800'05e9   0x6c  Code  Gb  tasks.o [1]
xBlockAllocatedBit      0x2000'13a0    0x4  Data  Lc  heap_4.o [1]
xDelayedTaskList1       0x2000'1328   0x14  Data  Lc  tasks.o [1]
xDelayedTaskList2       0x2000'133c   0x14  Data  Lc  tasks.o [1]
xFreeBytesRemaining     0x2000'1398    0x4  Data  Lc  heap_4.o [1]
xHeapStructSize          0x800'2748    0x4  Data  Lc  heap_4.o [1]
xIdleStack              0x2000'0fe0  0x200  Data  Lc  freertos.o [1]
xIdleTaskHandle         0x2000'13e8    0x4  Data  Lc  tasks.o [1]
xIdleTaskTCBBuffer      0x2000'126c   0x54  Data  Lc  freertos.o [1]
xMinimumEverFreeBytesRemaining
                        0x2000'139c    0x4  Data  Lc  heap_4.o [1]
xNextTaskUnblockTime    0x2000'13e4    0x4  Data  Lc  tasks.o [1]
xNumOfOverflows         0x2000'13dc    0x4  Data  Lc  tasks.o [1]
xPendingReadyList       0x2000'1350   0x14  Data  Lc  tasks.o [1]
xPortStartScheduler      0x800'0b9f   0x8e  Code  Gb  port.o [1]
xSchedulerRunning       0x2000'13d0    0x4  Data  Lc  tasks.o [1]
xStart                  0x2000'138c    0x8  Data  Lc  heap_4.o [1]
xSuspendedTaskList      0x2000'1378   0x14  Data  Lc  tasks.o [1]
xTaskCreate              0x800'016f   0x74  Code  Gb  tasks.o [1]
xTaskCreateStatic        0x800'00ed   0x82  Code  Gb  tasks.o [1]
xTaskIncrementTick       0x800'04f1   0xf8  Code  Gb  tasks.o [1]
xTaskResumeAll           0x800'040d   0xe4  Code  Gb  tasks.o [1]
xTasksWaitingTermination
                        0x2000'1364   0x14  Data  Lc  tasks.o [1]
xTickCount              0x2000'13c8    0x4  Data  Lc  tasks.o [1]
xYieldPending           0x2000'13d8    0x4  Data  Lc  tasks.o [1]


[1] = C:\Users\Чистое небо\Desktop\Э.01.00.00 Беспилотный мотодельтаплан\Вспомогательное электронное оборудование\firmware\AssistEquipment\EWARM\AssistEquipment\Obj
[2] = dl7M_tlf.a
[3] = rt7M_tl.a
[4] = shb_l.a

  10 038 bytes of readonly  code memory
     186 bytes of readonly  data memory
   6 126 bytes of readwrite data memory

Errors: none
Warnings: none
