###############################################################################
#
# IAR ELF Linker V8.30.1.114/W32 for ARM                  01/Sep/2020  22:27:23
# Copyright 2007-2018 IAR Systems AB.
#
#    Output file  =  
#        C:\Users\Чистое небо\Desktop\Э.01.00.00
#        Беспилотный
#        мотодельтаплан\Вспомогательное
#        электронное
#        оборудование\firmware\AssistEquipment\EWARM\AssistEquipment\Exe\AssistEquipment.out
#    Map file     =  
#        C:\Users\Чистое небо\Desktop\Э.01.00.00
#        Беспилотный
#        мотодельтаплан\Вспомогательное
#        электронное
#        оборудование\firmware\AssistEquipment\EWARM\AssistEquipment\List\AssistEquipment.map
#    Command line =  
#        -f C:\Users\A146~1\AppData\Local\Temp\EW428C.tmp
#        ("C:\Users\Чистое небо\Desktop\Э.01.00.00
#        Беспилотный
#        мотодельтаплан\Вспомогательное
#        электронное
#        оборудование\firmware\AssistEquipment\EWARM\AssistEquipment\Obj\cmsis_os.o"
#        "C:\Users\Чистое небо\Desktop\Э.01.00.00
#        Беспилотный
#        мотодельтаплан\Вспомогательное
#        электронное
#        оборудование\firmware\AssistEquipment\EWARM\AssistEquipment\Obj\croutine.o"
#        "C:\Users\Чистое небо\Desktop\Э.01.00.00
#        Беспилотный
#        мотодельтаплан\Вспомогательное
#        электронное
#        оборудование\firmware\AssistEquipment\EWARM\AssistEquipment\Obj\event_groups.o"
#        "C:\Users\Чистое небо\Desktop\Э.01.00.00
#        Беспилотный
#        мотодельтаплан\Вспомогательное
#        электронное
#        оборудование\firmware\AssistEquipment\EWARM\AssistEquipment\Obj\freertos.o"
#        "C:\Users\Чистое небо\Desktop\Э.01.00.00
#        Беспилотный
#        мотодельтаплан\Вспомогательное
#        электронное
#        оборудование\firmware\AssistEquipment\EWARM\AssistEquipment\Obj\heap_4.o"
#        "C:\Users\Чистое небо\Desktop\Э.01.00.00
#        Беспилотный
#        мотодельтаплан\Вспомогательное
#        электронное
#        оборудование\firmware\AssistEquipment\EWARM\AssistEquipment\Obj\list.o"
#        "C:\Users\Чистое небо\Desktop\Э.01.00.00
#        Беспилотный
#        мотодельтаплан\Вспомогательное
#        электронное
#        оборудование\firmware\AssistEquipment\EWARM\AssistEquipment\Obj\main.o"
#        "C:\Users\Чистое небо\Desktop\Э.01.00.00
#        Беспилотный
#        мотодельтаплан\Вспомогательное
#        электронное
#        оборудование\firmware\AssistEquipment\EWARM\AssistEquipment\Obj\port.o"
#        "C:\Users\Чистое небо\Desktop\Э.01.00.00
#        Беспилотный
#        мотодельтаплан\Вспомогательное
#        электронное
#        оборудование\firmware\AssistEquipment\EWARM\AssistEquipment\Obj\portasm.o"
#        "C:\Users\Чистое небо\Desktop\Э.01.00.00
#        Беспилотный
#        мотодельтаплан\Вспомогательное
#        электронное
#        оборудование\firmware\AssistEquipment\EWARM\AssistEquipment\Obj\queue.o"
#        "C:\Users\Чистое небо\Desktop\Э.01.00.00
#        Беспилотный
#        мотодельтаплан\Вспомогательное
#        электронное
#        оборудование\firmware\AssistEquipment\EWARM\AssistEquipment\Obj\servo.o"
#        "C:\Users\Чистое небо\Desktop\Э.01.00.00
#        Беспилотный
#        мотодельтаплан\Вспомогательное
#        электронное
#        оборудование\firmware\AssistEquipment\EWARM\AssistEquipment\Obj\startup_stm32f103xb.o"
#        "C:\Users\Чистое небо\Desktop\Э.01.00.00
#        Беспилотный
#        мотодельтаплан\Вспомогательное
#        электронное
#        оборудование\firmware\AssistEquipment\EWARM\AssistEquipment\Obj\stm32f1xx_hal.o"
#        "C:\Users\Чистое небо\Desktop\Э.01.00.00
#        Беспилотный
#        мотодельтаплан\Вспомогательное
#        электронное
#        оборудование\firmware\AssistEquipment\EWARM\AssistEquipment\Obj\stm32f1xx_hal_can.o"
#        "C:\Users\Чистое небо\Desktop\Э.01.00.00
#        Беспилотный
#        мотодельтаплан\Вспомогательное
#        электронное
#        оборудование\firmware\AssistEquipment\EWARM\AssistEquipment\Obj\stm32f1xx_hal_cortex.o"
#        "C:\Users\Чистое небо\Desktop\Э.01.00.00
#        Беспилотный
#        мотодельтаплан\Вспомогательное
#        электронное
#        оборудование\firmware\AssistEquipment\EWARM\AssistEquipment\Obj\stm32f1xx_hal_dma.o"
#        "C:\Users\Чистое небо\Desktop\Э.01.00.00
#        Беспилотный
#        мотодельтаплан\Вспомогательное
#        электронное
#        оборудование\firmware\AssistEquipment\EWARM\AssistEquipment\Obj\stm32f1xx_hal_exti.o"
#        "C:\Users\Чистое небо\Desktop\Э.01.00.00
#        Беспилотный
#        мотодельтаплан\Вспомогательное
#        электронное
#        оборудование\firmware\AssistEquipment\EWARM\AssistEquipment\Obj\stm32f1xx_hal_flash.o"
#        "C:\Users\Чистое небо\Desktop\Э.01.00.00
#        Беспилотный
#        мотодельтаплан\Вспомогательное
#        электронное
#        оборудование\firmware\AssistEquipment\EWARM\AssistEquipment\Obj\stm32f1xx_hal_flash_ex.o"
#        "C:\Users\Чистое небо\Desktop\Э.01.00.00
#        Беспилотный
#        мотодельтаплан\Вспомогательное
#        электронное
#        оборудование\firmware\AssistEquipment\EWARM\AssistEquipment\Obj\stm32f1xx_hal_gpio.o"
#        "C:\Users\Чистое небо\Desktop\Э.01.00.00
#        Беспилотный
#        мотодельтаплан\Вспомогательное
#        электронное
#        оборудование\firmware\AssistEquipment\EWARM\AssistEquipment\Obj\stm32f1xx_hal_gpio_ex.o"
#        "C:\Users\Чистое небо\Desktop\Э.01.00.00
#        Беспилотный
#        мотодельтаплан\Вспомогательное
#        электронное
#        оборудование\firmware\AssistEquipment\EWARM\AssistEquipment\Obj\stm32f1xx_hal_msp.o"
#        "C:\Users\Чистое небо\Desktop\Э.01.00.00
#        Беспилотный
#        мотодельтаплан\Вспомогательное
#        электронное
#        оборудование\firmware\AssistEquipment\EWARM\AssistEquipment\Obj\stm32f1xx_hal_pwr.o"
#        "C:\Users\Чистое небо\Desktop\Э.01.00.00
#        Беспилотный
#        мотодельтаплан\Вспомогательное
#        электронное
#        оборудование\firmware\AssistEquipment\EWARM\AssistEquipment\Obj\stm32f1xx_hal_rcc.o"
#        "C:\Users\Чистое небо\Desktop\Э.01.00.00
#        Беспилотный
#        мотодельтаплан\Вспомогательное
#        электронное
#        оборудование\firmware\AssistEquipment\EWARM\AssistEquipment\Obj\stm32f1xx_hal_rcc_ex.o"
#        "C:\Users\Чистое небо\Desktop\Э.01.00.00
#        Беспилотный
#        мотодельтаплан\Вспомогательное
#        электронное
#        оборудование\firmware\AssistEquipment\EWARM\AssistEquipment\Obj\stm32f1xx_hal_tim.o"
#        "C:\Users\Чистое небо\Desktop\Э.01.00.00
#        Беспилотный
#        мотодельтаплан\Вспомогательное
#        электронное
#        оборудование\firmware\AssistEquipment\EWARM\AssistEquipment\Obj\stm32f1xx_hal_tim_ex.o"
#        "C:\Users\Чистое небо\Desktop\Э.01.00.00
#        Беспилотный
#        мотодельтаплан\Вспомогательное
#        электронное
#        оборудование\firmware\AssistEquipment\EWARM\AssistEquipment\Obj\stm32f1xx_hal_timebase_tim.o"
#        "C:\Users\Чистое небо\Desktop\Э.01.00.00
#        Беспилотный
#        мотодельтаплан\Вспомогательное
#        электронное
#        оборудование\firmware\AssistEquipment\EWARM\AssistEquipment\Obj\stm32f1xx_it.o"
#        "C:\Users\Чистое небо\Desktop\Э.01.00.00
#        Беспилотный
#        мотодельтаплан\Вспомогательное
#        электронное
#        оборудование\firmware\AssistEquipment\EWARM\AssistEquipment\Obj\stream_buffer.o"
#        "C:\Users\Чистое небо\Desktop\Э.01.00.00
#        Беспилотный
#        мотодельтаплан\Вспомогательное
#        электронное
#        оборудование\firmware\AssistEquipment\EWARM\AssistEquipment\Obj\system_stm32f1xx.o"
#        "C:\Users\Чистое небо\Desktop\Э.01.00.00
#        Беспилотный
#        мотодельтаплан\Вспомогательное
#        электронное
#        оборудование\firmware\AssistEquipment\EWARM\AssistEquipment\Obj\tasks.o"
#        "C:\Users\Чистое небо\Desktop\Э.01.00.00
#        Беспилотный
#        мотодельтаплан\Вспомогательное
#        электронное
#        оборудование\firmware\AssistEquipment\EWARM\AssistEquipment\Obj\timers.o"
#        --redirect _Printf=_PrintfFull --redirect _Scanf=_ScanfFull
#        --no_out_extension -o "C:\Users\Чистое
#        небо\Desktop\Э.01.00.00 Беспилотный
#        мотодельтаплан\Вспомогательное
#        электронное
#        оборудование\firmware\AssistEquipment\EWARM\AssistEquipment\Exe\AssistEquipment.out"
#        --map "C:\Users\Чистое небо\Desktop\Э.01.00.00
#        Беспилотный
#        мотодельтаплан\Вспомогательное
#        электронное
#        оборудование\firmware\AssistEquipment\EWARM\AssistEquipment\List\AssistEquipment.map"
#        --config "C:\Users\Чистое небо\Desktop\Э.01.00.00
#        Беспилотный
#        мотодельтаплан\Вспомогательное
#        электронное
#        оборудование\firmware\AssistEquipment\EWARM/stm32f103xb_flash.icf"
#        --semihosting --entry __iar_program_start --vfe --text_out locale)
#
###############################################################################

*******************************************************************************
*** RUNTIME MODEL ATTRIBUTES
***

CppFlavor       = *
__SystemLibrary = DLib
__dlib_version  = 6


*******************************************************************************
*** HEAP SELECTION
***

The basic heap was selected because no calls to memory allocation
functions were found in the application outside of system library
functions, and there are calls to deallocation functions in the
application.


*******************************************************************************
*** PLACEMENT SUMMARY
***

"A0":  place at 0x800'0000 { ro section .intvec };
"P1":  place in [from 0x800'0000 to 0x801'ffff] { ro };
define block CSTACK with size = 1K, alignment = 8 { };
define block HEAP with size = 512, alignment = 8 { };
"P2":  place in [from 0x2000'0000 to 0x2000'4fff] {
          rw, block CSTACK, block HEAP };
initialize by copy { rw };

  Section            Kind         Address    Size  Object
  -------            ----         -------    ----  ------
"A0":                                        0xec
  .intvec            ro code   0x800'0000    0xec  startup_stm32f103xb.o [1]
                             - 0x800'00ec    0xec

"P1":                                      0x35c0
  .text              ro code   0x800'00ec   0x91a  stm32f1xx_hal_tim.o [1]
  .text              ro code   0x800'0a06    0x3a  zero_init3.o [3]
  .text              ro code   0x800'0a40   0x204  stm32f1xx_hal_msp.o [1]
  .text              ro code   0x800'0c44     0x2  stm32f1xx_hal_tim.o [1]
  .text              ro code   0x800'0c46     0x2  stm32f1xx_hal_tim.o [1]
  .text              ro code   0x800'0c48   0x16c  freertos.o [1]
  .text              ro code   0x800'0db4     0x2  stm32f1xx_hal_tim.o [1]
  .text              ro code   0x800'0db6     0x2  stm32f1xx_hal_tim.o [1]
  .text              ro code   0x800'0db8   0x518  main.o [1]
  .text              ro code   0x800'12d0     0x2  stm32f1xx_hal_tim_ex.o [1]
  .text              ro code   0x800'12d2     0x2  stm32f1xx_hal_tim.o [1]
  .text              ro code   0x800'12d4     0x2  stm32f1xx_hal_tim_ex.o [1]
  .rodata            const     0x800'12d6     0x2  stm32f1xx_hal_rcc.o [1]
  .text              ro code   0x800'12d8    0xe8  stm32f1xx_hal_cortex.o [1]
  .text              ro code   0x800'13c0     0x6  ABImemclr4.o [3]
  .text              ro code   0x800'13c8   0x21c  stm32f1xx_hal_gpio.o [1]
  .text              ro code   0x800'15e4   0x790  stm32f1xx_hal_can.o [1]
  .text              ro code   0x800'1d74   0x1ac  port.o [1]
  .text              ro code   0x800'1f20   0x770  tasks.o [1]
  .text              ro code   0x800'2690    0xb4  servo.o [1]
  .text              ro code   0x800'2744    0x24  stm32f1xx_hal.o [1]
  .text              ro code   0x800'2768    0x86  ABImemcpy.o [3]
  .text              ro code   0x800'27f0    0x7e  cmsis_os.o [1]
  .text              ro code   0x800'2870   0x638  stm32f1xx_hal_rcc.o [1]
  .text              ro code   0x800'2ea8    0xa6  stm32f1xx_hal_tim_ex.o [1]
  .text              ro code   0x800'2f50    0x18  stm32f1xx_hal.o [1]
  .text              ro code   0x800'2f68    0x28  stm32f1xx_hal.o [1]
  .text              ro code   0x800'2f90    0x32  ABImemset48.o [3]
  .text              ro code   0x800'2fc4     0xc  stm32f1xx_hal.o [1]
  .text              ro code   0x800'2fd0     0x2  stm32f1xx_hal_can.o [1]
  .text              ro code   0x800'2fd2     0x2  stm32f1xx_hal_can.o [1]
  .text              ro code   0x800'2fd4     0x2  stm32f1xx_hal_can.o [1]
  .text              ro code   0x800'2fd6     0x2  stm32f1xx_hal_can.o [1]
  .text              ro code   0x800'2fd8     0x2  stm32f1xx_hal_can.o [1]
  .text              ro code   0x800'2fda     0x2  stm32f1xx_hal_can.o [1]
  .text              ro code   0x800'2fdc     0x2  stm32f1xx_hal_can.o [1]
  .text              ro code   0x800'2fde     0x2  stm32f1xx_hal_can.o [1]
  .text              ro code   0x800'2fe0     0x2  stm32f1xx_hal_can.o [1]
  .text              ro code   0x800'2fe2     0x2  stm32f1xx_hal_can.o [1]
  .text              ro code   0x800'2fe4     0x2  stm32f1xx_hal_can.o [1]
  .text              ro code   0x800'2fe6     0x2  stm32f1xx_hal_can.o [1]
  CODE               ro code   0x800'2fe8    0x88  portasm.o [1]
  .text              ro code   0x800'3070   0x260  heap_4.o [1]
  .text              ro code   0x800'32d0    0x98  list.o [1]
  .text              ro code   0x800'3368    0x80  stm32f1xx_hal_timebase_tim.o [1]
  .text              ro code   0x800'33e8    0x58  system_stm32f1xx.o [1]
  .text              ro code   0x800'3440    0x44  stm32f1xx_it.o [1]
  .text              ro code   0x800'3484    0x2c  copy_init3.o [3]
  .text              ro code   0x800'34b0    0x28  data_init.o [3]
  .iar.init_table    const     0x800'34d8    0x24  - Linker created -
  .text              ro code   0x800'34fc    0x1e  cmain.o [3]
  .text              ro code   0x800'351a     0x4  low_level_init.o [2]
  .text              ro code   0x800'351e     0x4  exit.o [2]
  .text              ro code   0x800'3524     0xa  cexit.o [3]
  .text              ro code   0x800'3530    0x14  exit.o [4]
  .rodata            const     0x800'3544    0x1c  main.o [1]
  .rodata            const     0x800'3560    0x1c  main.o [1]
  Initializer bytes  const     0x800'357c    0x14  <for P2-1>
  .rodata            const     0x800'3590    0x10  stm32f1xx_hal_rcc.o [1]
  .rodata            const     0x800'35a0    0x10  system_stm32f1xx.o [1]
  .text              ro code   0x800'35b0    0x10  startup_stm32f103xb.o [1]
  .rodata            const     0x800'35c0     0xc  main.o [1]
  .rodata            const     0x800'35cc     0xc  main.o [1]
  .text              ro code   0x800'35d8     0xc  cstartup_M.o [3]
  .rodata            const     0x800'35e4     0x8  main.o [1]
  .rodata            const     0x800'35ec     0x8  main.o [1]
  .rodata            const     0x800'35f4     0x8  main.o [1]
  .rodata            const     0x800'35fc     0x8  system_stm32f1xx.o [1]
  .rodata            const     0x800'3604     0x8  tasks.o [1]
  .rodata            const     0x800'360c     0x4  heap_4.o [1]
  .text              ro code   0x800'3610     0x4  startup_stm32f103xb.o [1]
  .text              ro code   0x800'3614     0x4  startup_stm32f103xb.o [1]
  .text              ro code   0x800'3618     0x4  startup_stm32f103xb.o [1]
  .text              ro code   0x800'361c     0x4  startup_stm32f103xb.o [1]
  .text              ro code   0x800'3620     0x4  startup_stm32f103xb.o [1]
  .text              ro code   0x800'3624     0x4  startup_stm32f103xb.o [1]
  .text              ro code   0x800'3628     0x4  startup_stm32f103xb.o [1]
  .text              ro code   0x800'362c     0x4  startup_stm32f103xb.o [1]
  .text              ro code   0x800'3630     0x4  startup_stm32f103xb.o [1]
  .text              ro code   0x800'3634     0x4  startup_stm32f103xb.o [1]
  .text              ro code   0x800'3638     0x4  startup_stm32f103xb.o [1]
  .text              ro code   0x800'363c     0x4  startup_stm32f103xb.o [1]
  .text              ro code   0x800'3640     0x4  startup_stm32f103xb.o [1]
  .text              ro code   0x800'3644     0x4  startup_stm32f103xb.o [1]
  .text              ro code   0x800'3648     0x4  startup_stm32f103xb.o [1]
  .text              ro code   0x800'364c     0x4  startup_stm32f103xb.o [1]
  .text              ro code   0x800'3650     0x4  startup_stm32f103xb.o [1]
  .text              ro code   0x800'3654     0x4  startup_stm32f103xb.o [1]
  .text              ro code   0x800'3658     0x4  startup_stm32f103xb.o [1]
  .text              ro code   0x800'365c     0x4  startup_stm32f103xb.o [1]
  .text              ro code   0x800'3660     0x4  startup_stm32f103xb.o [1]
  .text              ro code   0x800'3664     0x4  startup_stm32f103xb.o [1]
  .text              ro code   0x800'3668     0x4  startup_stm32f103xb.o [1]
  .text              ro code   0x800'366c     0x4  startup_stm32f103xb.o [1]
  .text              ro code   0x800'3670     0x4  startup_stm32f103xb.o [1]
  .text              ro code   0x800'3674     0x4  startup_stm32f103xb.o [1]
  .text              ro code   0x800'3678     0x4  startup_stm32f103xb.o [1]
  .text              ro code   0x800'367c     0x4  startup_stm32f103xb.o [1]
  .text              ro code   0x800'3680     0x4  startup_stm32f103xb.o [1]
  .text              ro code   0x800'3684     0x4  startup_stm32f103xb.o [1]
  .text              ro code   0x800'3688     0x4  startup_stm32f103xb.o [1]
  .text              ro code   0x800'368c     0x4  startup_stm32f103xb.o [1]
  .text              ro code   0x800'3690     0x4  startup_stm32f103xb.o [1]
  .text              ro code   0x800'3694     0x4  startup_stm32f103xb.o [1]
  .text              ro code   0x800'3698     0x4  startup_stm32f103xb.o [1]
  .text              ro code   0x800'369c     0x4  startup_stm32f103xb.o [1]
  .text              ro code   0x800'36a0     0x4  startup_stm32f103xb.o [1]
  .text              ro code   0x800'36a4     0x4  startup_stm32f103xb.o [1]
  .text              ro code   0x800'36a8     0x4  startup_stm32f103xb.o [1]
  .rodata            const     0x800'36ac     0x0  zero_init3.o [3]
  .rodata            const     0x800'36ac     0x0  copy_init3.o [3]
                             - 0x800'36ac  0x35c0

"P2", part 1 of 3:                           0x14
  P2-1                        0x2000'0000    0x11  <Init block>
    .data            inited   0x2000'0000     0x4  port.o [1]
    .data            inited   0x2000'0004     0x4  stm32f1xx_hal.o [1]
    .data            inited   0x2000'0008     0x4  system_stm32f1xx.o [1]
    .data            inited   0x2000'000c     0x2  servo.o [1]
    .data            inited   0x2000'000e     0x2  servo.o [1]
    .data            inited   0x2000'0010     0x1  stm32f1xx_hal.o [1]
                            - 0x2000'0011    0x11

"P2", part 2 of 3:                         0x14b4
  .bss               zero     0x2000'0014   0xfd0  heap_4.o [1]
  .bss               zero     0x2000'0fe4   0x200  freertos.o [1]
  .bss               zero     0x2000'11e4    0x8c  tasks.o [1]
  .bss               zero     0x2000'1270    0x54  freertos.o [1]
  .bss               zero     0x2000'12c4    0x40  main.o [1]
  .bss               zero     0x2000'1304    0x40  main.o [1]
  .bss               zero     0x2000'1344    0x40  main.o [1]
  .bss               zero     0x2000'1384    0x40  stm32f1xx_hal_timebase_tim.o [1]
  .bss               zero     0x2000'13c4    0x28  main.o [1]
  .bss               zero     0x2000'13ec    0x14  tasks.o [1]
  .bss               zero     0x2000'1400    0x14  tasks.o [1]
  .bss               zero     0x2000'1414    0x14  tasks.o [1]
  .bss               zero     0x2000'1428    0x14  tasks.o [1]
  .bss               zero     0x2000'143c    0x14  tasks.o [1]
  .bss               zero     0x2000'1450     0xc  freertos.o [1]
  .bss               zero     0x2000'145c     0x8  heap_4.o [1]
  .bss               zero     0x2000'1464     0x4  freertos.o [1]
  .bss               zero     0x2000'1468     0x4  heap_4.o [1]
  .bss               zero     0x2000'146c     0x4  heap_4.o [1]
  .bss               zero     0x2000'1470     0x4  heap_4.o [1]
  .bss               zero     0x2000'1474     0x4  heap_4.o [1]
  .bss               zero     0x2000'1478     0x4  main.o [1]
  .bss               zero     0x2000'147c     0x4  main.o [1]
  .bss               zero     0x2000'1480     0x4  port.o [1]
  .bss               zero     0x2000'1484     0x4  stm32f1xx_hal.o [1]
  .bss               zero     0x2000'1488     0x4  tasks.o [1]
  .bss               zero     0x2000'148c     0x4  tasks.o [1]
  .bss               zero     0x2000'1490     0x4  tasks.o [1]
  .bss               zero     0x2000'1494     0x4  tasks.o [1]
  .bss               zero     0x2000'1498     0x4  tasks.o [1]
  .bss               zero     0x2000'149c     0x4  tasks.o [1]
  .bss               zero     0x2000'14a0     0x4  tasks.o [1]
  .bss               zero     0x2000'14a4     0x4  tasks.o [1]
  .bss               zero     0x2000'14a8     0x4  tasks.o [1]
  .bss               zero     0x2000'14ac     0x4  tasks.o [1]
  .bss               zero     0x2000'14b0     0x4  tasks.o [1]
  .bss               zero     0x2000'14b4     0x4  tasks.o [1]
  .bss               zero     0x2000'14b8     0x4  tasks.o [1]
  .bss               zero     0x2000'14bc     0x4  tasks.o [1]
  .bss               zero     0x2000'14c0     0x4  tasks.o [1]
  .bss               zero     0x2000'14c4     0x1  freertos.o [1]
  .bss               zero     0x2000'14c5     0x1  freertos.o [1]
  .bss               zero     0x2000'14c6     0x1  main.o [1]
  .bss               zero     0x2000'14c7     0x1  port.o [1]
                            - 0x2000'14c8  0x14b4

"P2", part 3 of 3:                          0x400
  CSTACK                      0x2000'14c8   0x400  <Block>
    CSTACK           uninit   0x2000'14c8   0x400  <Block tail>
                            - 0x2000'18c8   0x400

Unused ranges:

         From           To      Size
         ----           --      ----
   0x800'36ac   0x801'ffff  0x1'c954
  0x2000'18c8  0x2000'4fff    0x3738


*******************************************************************************
*** INIT TABLE
***

          Address      Size
          -------      ----
Zero (__iar_zero_init3)
    1 destination range, total size 0x14b4:
          0x2000'0014  0x14b4

Copy (__iar_copy_init3)
    1 source range, total size 0x14 (117% of destination):
           0x800'357c    0x14
    1 destination range, total size 0x11:
          0x2000'0000    0x11



*******************************************************************************
*** MODULE SUMMARY
***

    Module                        ro code  ro data  rw data
    ------                        -------  -------  -------
command line/config:
    -------------------------------------------------------
    Total:

C:\Users\Чистое небо\Desktop\Э.01.00.00 Беспилотный мотодельтаплан\Вспомогательное электронное оборудование\firmware\AssistEquipment\EWARM\AssistEquipment\Obj: [1]
    cmsis_os.o                        126
    freertos.o                        364               614
    heap_4.o                          608        4    4 072
    list.o                            152
    main.o                          1 304      104      241
    port.o                            428        4        9
    portasm.o                         136
    servo.o                           180        4        4
    startup_stm32f103xb.o             408
    stm32f1xx_hal.o                   112        5        9
    stm32f1xx_hal_can.o             1 960
    stm32f1xx_hal_cortex.o            232
    stm32f1xx_hal_gpio.o              540
    stm32f1xx_hal_msp.o               516
    stm32f1xx_hal_rcc.o             1 592       18
    stm32f1xx_hal_tim.o             2 340
    stm32f1xx_hal_tim_ex.o            170
    stm32f1xx_hal_timebase_tim.o      128                64
    stm32f1xx_it.o                     68
    system_stm32f1xx.o                 88       28        4
    tasks.o                         1 904        8      300
    -------------------------------------------------------
    Total:                         13 356      175    5 317

dl7M_tlf.a: [2]
    exit.o                              4
    low_level_init.o                    4
    -------------------------------------------------------
    Total:                              8

rt7M_tl.a: [3]
    ABImemclr4.o                        6
    ABImemcpy.o                       134
    ABImemset48.o                      50
    cexit.o                            10
    cmain.o                            30
    copy_init3.o                       44
    cstartup_M.o                       12
    data_init.o                        40
    zero_init3.o                       58
    -------------------------------------------------------
    Total:                            384

shb_l.a: [4]
    exit.o                             20
    -------------------------------------------------------
    Total:                             20

    Gaps                               14
    Linker created                              39    1 024
-----------------------------------------------------------
    Grand Total:                   13 782      214    6 341


*******************************************************************************
*** ENTRY LIST
***

Entry                       Address   Size  Type      Object
-----                       -------   ----  ----      ------
.iar.init_table$$Base    0x800'34d8          --   Gb  - Linker created -
.iar.init_table$$Limit   0x800'34fc          --   Gb  - Linker created -
?main                    0x800'34fd         Code  Gb  cmain.o [3]
AHBPrescTable            0x800'35a0   0x10  Data  Gb  system_stm32f1xx.o [1]
APBPrescTable            0x800'35fc    0x8  Data  Gb  system_stm32f1xx.o [1]
BusFault_Handler         0x800'3447    0x2  Code  Gb  stm32f1xx_it.o [1]
CAN_TX_TaskHandle       0x2000'147c    0x4  Data  Gb  main.o [1]
CSTACK$$Base            0x2000'14c8          --   Gb  - Linker created -
CSTACK$$Limit           0x2000'18c8          --   Gb  - Linker created -
DebugMon_Handler         0x800'344b    0x2  Code  Gb  stm32f1xx_it.o [1]
Error_Handler            0x800'1211   0x72  Code  Gb  main.o [1]
FuelCapacity            0x2000'14c5    0x1  Data  Gb  freertos.o [1]
HAL_CAN_ActivateNotification
                         0x800'1b19   0x2c  Code  Gb  stm32f1xx_hal_can.o [1]
HAL_CAN_AddTxMessage     0x800'18bb  0x10a  Code  Gb  stm32f1xx_hal_can.o [1]
HAL_CAN_ConfigFilter     0x800'1751  0x10e  Code  Gb  stm32f1xx_hal_can.o [1]
HAL_CAN_GetRxMessage     0x800'19c5  0x154  Code  Gb  stm32f1xx_hal_can.o [1]
HAL_CAN_IRQHandler       0x800'1b45  0x230  Code  Gb  stm32f1xx_hal_can.o [1]
HAL_CAN_Init             0x800'15e5  0x16c  Code  Gb  stm32f1xx_hal_can.o [1]
HAL_CAN_MspInit          0x800'0a87   0x92  Code  Gb  stm32f1xx_hal_msp.o [1]
HAL_CAN_RxFifo0MsgPendingCallback
                         0x800'0c77   0x66  Code  Gb  freertos.o [1]
HAL_CAN_Start            0x800'185f   0x5c  Code  Gb  stm32f1xx_hal_can.o [1]
HAL_Delay                0x800'2f69   0x28  Code  Wk  stm32f1xx_hal.o [1]
HAL_GPIO_Init            0x800'13c9  0x1b0  Code  Gb  stm32f1xx_hal_gpio.o [1]
HAL_GPIO_TogglePin       0x800'158d   0x16  Code  Gb  stm32f1xx_hal_gpio.o [1]
HAL_GPIO_WritePin        0x800'1579   0x14  Code  Gb  stm32f1xx_hal_gpio.o [1]
HAL_GetTick              0x800'2fc5    0xc  Code  Wk  stm32f1xx_hal.o [1]
HAL_IncTick              0x800'2f51   0x18  Code  Wk  stm32f1xx_hal.o [1]
HAL_Init                 0x800'2745   0x20  Code  Gb  stm32f1xx_hal.o [1]
HAL_InitTick             0x800'3369   0x70  Code  Gb  stm32f1xx_hal_timebase_tim.o [1]
HAL_MspInit              0x800'0a41   0x46  Code  Gb  stm32f1xx_hal_msp.o [1]
HAL_NVIC_EnableIRQ       0x800'13a3    0xa  Code  Gb  stm32f1xx_hal_cortex.o [1]
HAL_NVIC_SetPriority     0x800'1381   0x22  Code  Gb  stm32f1xx_hal_cortex.o [1]
HAL_NVIC_SetPriorityGrouping
                         0x800'1379    0x8  Code  Gb  stm32f1xx_hal_cortex.o [1]
HAL_RCC_ClockConfig      0x800'2c43  0x146  Code  Gb  stm32f1xx_hal_rcc.o [1]
HAL_RCC_GetClockConfig   0x800'2e07   0x34  Code  Gb  stm32f1xx_hal_rcc.o [1]
HAL_RCC_GetHCLKFreq      0x800'2deb    0x6  Code  Gb  stm32f1xx_hal_rcc.o [1]
HAL_RCC_GetPCLK1Freq     0x800'2df1   0x16  Code  Gb  stm32f1xx_hal_rcc.o [1]
HAL_RCC_GetSysClockFreq
                         0x800'2d89   0x62  Code  Gb  stm32f1xx_hal_rcc.o [1]
HAL_RCC_OscConfig        0x800'2871  0x3d2  Code  Gb  stm32f1xx_hal_rcc.o [1]
HAL_TIMEx_BreakCallback
                         0x800'12d1    0x2  Code  Wk  stm32f1xx_hal_tim_ex.o [1]
HAL_TIMEx_CommutCallback
                         0x800'12d5    0x2  Code  Wk  stm32f1xx_hal_tim_ex.o [1]
HAL_TIMEx_ConfigBreakDeadTime
                         0x800'2ef5   0x5a  Code  Gb  stm32f1xx_hal_tim_ex.o [1]
HAL_TIMEx_MasterConfigSynchronization
                         0x800'2ea9   0x4c  Code  Gb  stm32f1xx_hal_tim_ex.o [1]
HAL_TIM_Base_Init        0x800'00ed   0x38  Code  Gb  stm32f1xx_hal_tim.o [1]
HAL_TIM_Base_MspInit     0x800'0b19   0xc6  Code  Gb  stm32f1xx_hal_msp.o [1]
HAL_TIM_Base_Start_IT    0x800'0125   0x28  Code  Gb  stm32f1xx_hal_tim.o [1]
HAL_TIM_ConfigClockSource
                         0x800'05bb   0xe8  Code  Gb  stm32f1xx_hal_tim.o [1]
HAL_TIM_IC_CaptureCallback
                         0x800'0c57   0x20  Code  Gb  freertos.o [1]
HAL_TIM_IC_ConfigChannel
                         0x800'03eb   0xd4  Code  Gb  stm32f1xx_hal_tim.o [1]
HAL_TIM_IC_Init          0x800'01c3   0x38  Code  Gb  stm32f1xx_hal_tim.o [1]
HAL_TIM_IC_Start_IT      0x800'01fb   0x74  Code  Gb  stm32f1xx_hal_tim.o [1]
HAL_TIM_IRQHandler       0x800'0275  0x176  Code  Gb  stm32f1xx_hal_tim.o [1]
HAL_TIM_MspPostInit      0x800'0bdf   0x44  Code  Gb  stm32f1xx_hal_msp.o [1]
HAL_TIM_PWM_ConfigChannel
                         0x800'04bf   0xfc  Code  Gb  stm32f1xx_hal_tim.o [1]
HAL_TIM_PWM_Init         0x800'014d   0x38  Code  Gb  stm32f1xx_hal_tim.o [1]
HAL_TIM_PWM_Start        0x800'0185   0x3e  Code  Gb  stm32f1xx_hal_tim.o [1]
HAL_TIM_PeriodElapsedCallback
                         0x800'11f1   0x20  Code  Gb  main.o [1]
HardFault_Handler        0x800'3443    0x2  Code  Gb  stm32f1xx_it.o [1]
MX_CAN_Init              0x800'0e87   0x9c  Code  Lc  main.o [1]
MX_GPIO_Init             0x800'1147   0xaa  Code  Lc  main.o [1]
MX_TIM1_Init             0x800'0f23   0xf6  Code  Lc  main.o [1]
MX_TIM2_Init             0x800'1019   0xac  Code  Lc  main.o [1]
MX_TIM3_Init             0x800'10c5   0x82  Code  Lc  main.o [1]
MemManage_Handler        0x800'3445    0x2  Code  Gb  stm32f1xx_it.o [1]
NMI_Handler              0x800'3441    0x2  Code  Gb  stm32f1xx_it.o [1]
NVIC_EncodePriority      0x800'133d   0x3c  Code  Lc  stm32f1xx_hal_cortex.o [1]
PendSV_Handler           0x800'2fe9         Code  Gb  portasm.o [1]
RCC_Delay                0x800'2e3b   0x24  Code  Lc  stm32f1xx_hal_rcc.o [1]
RPM                     0x2000'14c4    0x1  Data  Gb  freertos.o [1]
Region$$Table$$Base      0x800'34d8          --   Gb  - Linker created -
Region$$Table$$Limit     0x800'34fc          --   Gb  - Linker created -
SVC_Handler              0x800'302f         Code  Gb  portasm.o [1]
ServoAccel              0x2000'1450    0xc  Data  Gb  freertos.o [1]
ServoMaxWidth           0x2000'000c    0x2  Data  Lc  servo.o [1]
ServoMinWidth           0x2000'000e    0x2  Data  Lc  servo.o [1]
ServoSetAngle            0x800'269f   0x9a  Code  Gb  servo.o [1]
ServoStart               0x800'2691    0xe  Code  Gb  servo.o [1]
SignalStatus            0x2000'14c6    0x1  Data  Gb  main.o [1]
StartDefaultTask         0x800'0d49   0x38  Code  Gb  freertos.o [1]
Start_CAN_TX_Task        0x800'0cdd   0x6c  Code  Gb  freertos.o [1]
SysTick_Handler          0x800'1ead   0x28  Code  Gb  port.o [1]
SystemClock_Config       0x800'0e1d   0x6a  Code  Gb  main.o [1]
SystemCoreClock         0x2000'0008    0x4  Data  Gb  system_stm32f1xx.o [1]
SystemInit               0x800'33e9   0x3e  Code  Gb  system_stm32f1xx.o [1]
TIM2_IRQHandler          0x800'3457    0xa  Code  Gb  stm32f1xx_it.o [1]
TIM3_IRQHandler          0x800'3461    0xa  Code  Gb  stm32f1xx_it.o [1]
TIM4_IRQHandler          0x800'346b    0xa  Code  Gb  stm32f1xx_it.o [1]
TIM_Base_SetConfig       0x800'06a3   0x64  Code  Gb  stm32f1xx_hal_tim.o [1]
TIM_CCxChannelCmd        0x800'09e1   0x26  Code  Gb  stm32f1xx_hal_tim.o [1]
TIM_ETR_SetConfig        0x800'09cb   0x16  Code  Gb  stm32f1xx_hal_tim.o [1]
TIM_ITRx_SetConfig       0x800'09bb   0x10  Code  Lc  stm32f1xx_hal_tim.o [1]
TIM_OC1_SetConfig        0x800'0707   0x58  Code  Lc  stm32f1xx_hal_tim.o [1]
TIM_OC2_SetConfig        0x800'075f   0x62  Code  Gb  stm32f1xx_hal_tim.o [1]
TIM_OC3_SetConfig        0x800'07c1   0x60  Code  Lc  stm32f1xx_hal_tim.o [1]
TIM_OC4_SetConfig        0x800'0821   0x46  Code  Lc  stm32f1xx_hal_tim.o [1]
TIM_TI1_ConfigInputStage
                         0x800'08d1   0x24  Code  Lc  stm32f1xx_hal_tim.o [1]
TIM_TI1_SetConfig        0x800'0867   0x5e  Code  Gb  stm32f1xx_hal_tim.o [1]
TIM_TI2_ConfigInputStage
                         0x800'092b   0x26  Code  Lc  stm32f1xx_hal_tim.o [1]
TIM_TI2_SetConfig        0x800'08f5   0x36  Code  Lc  stm32f1xx_hal_tim.o [1]
TIM_TI3_SetConfig        0x800'0951   0x34  Code  Lc  stm32f1xx_hal_tim.o [1]
TIM_TI4_SetConfig        0x800'0985   0x36  Code  Lc  stm32f1xx_hal_tim.o [1]
USB_LP_CAN1_RX0_IRQHandler
                         0x800'344d    0xa  Code  Gb  stm32f1xx_it.o [1]
UsageFault_Handler       0x800'3449    0x2  Code  Gb  stm32f1xx_it.o [1]
__NVIC_EnableIRQ         0x800'12fd   0x1c  Code  Lc  stm32f1xx_hal_cortex.o [1]
__NVIC_GetPriorityGrouping
                         0x800'12f3    0xa  Code  Lc  stm32f1xx_hal_cortex.o [1]
__NVIC_SetPriority       0x800'1319   0x24  Code  Lc  stm32f1xx_hal_cortex.o [1]
__NVIC_SetPriorityGrouping
                         0x800'12d9   0x1a  Code  Lc  stm32f1xx_hal_cortex.o [1]
__aeabi_memclr4          0x800'13c1         Code  Gb  ABImemclr4.o [3]
__aeabi_memcpy4          0x800'2769         Code  Gb  ABImemcpy.o [3]
__aeabi_memcpy8          0x800'2769         Code  Gb  ABImemcpy.o [3]
__cmain                  0x800'34fd         Code  Gb  cmain.o [3]
__exit                   0x800'3531   0x14  Code  Gb  exit.o [4]
__iar_Memset4_word       0x800'2f91         Code  Gb  ABImemset48.o [3]
__iar_Memset8_word       0x800'2f91         Code  Gb  ABImemset48.o [3]
__iar_copy_init3         0x800'3485   0x2c  Code  Gb  copy_init3.o [3]
__iar_data_init3         0x800'34b1   0x28  Code  Gb  data_init.o [3]
__iar_program_start      0x800'35d9         Code  Gb  cstartup_M.o [3]
__iar_zero_init3         0x800'0a07   0x3a  Code  Gb  zero_init3.o [3]
__low_level_init         0x800'351b    0x4  Code  Gb  low_level_init.o [2]
__vector_table           0x800'0000         Data  Gb  startup_stm32f103xb.o [1]
_call_main               0x800'3509         Code  Gb  cmain.o [3]
_exit                    0x800'3525         Code  Gb  cexit.o [3]
_main                    0x800'3517         Code  Gb  cmain.o [3]
defaultTaskHandle       0x2000'1478    0x4  Data  Gb  main.o [1]
exit                     0x800'351f    0x4  Code  Gb  exit.o [2]
experiment              0x2000'1464    0x4  Data  Gb  freertos.o [1]
hcan                    0x2000'13c4   0x28  Data  Gb  main.o [1]
htim1                   0x2000'12c4   0x40  Data  Gb  main.o [1]
htim2                   0x2000'1304   0x40  Data  Gb  main.o [1]
htim3                   0x2000'1344   0x40  Data  Gb  main.o [1]
htim4                   0x2000'1384   0x40  Data  Gb  stm32f1xx_hal_timebase_tim.o [1]
main                     0x800'0db9   0x64  Code  Gb  main.o [1]
makeFreeRtosPriority     0x800'27f1   0x16  Code  Lc  cmsis_os.o [1]
osKernelStart            0x800'2807    0xa  Code  Gb  cmsis_os.o [1]
osThreadCreate           0x800'2811   0x5e  Code  Gb  cmsis_os.o [1]
prvAddCurrentTaskToDelayedList
                         0x800'25f9   0x6e  Code  Lc  tasks.o [1]
prvAddNewTaskToReadyList
                         0x800'20c1   0x9a  Code  Lc  tasks.o [1]
prvCheckTasksWaitingTermination
                         0x800'2515   0x38  Code  Lc  tasks.o [1]
prvDeleteTCB             0x800'2555   0x42  Code  Lc  tasks.o [1]
prvHeapInit              0x800'31f7   0x5e  Code  Lc  heap_4.o [1]
prvIdleTask              0x800'2491   0x22  Code  Lc  tasks.o [1]
prvInitialiseNewTask     0x800'2017   0xaa  Code  Lc  tasks.o [1]
prvInitialiseTaskLists   0x800'24c1   0x50  Code  Lc  tasks.o [1]
prvInsertBlockIntoFreeList
                         0x800'3255   0x5e  Code  Lc  heap_4.o [1]
prvResetNextTaskUnblockTime
                         0x800'2597   0x28  Code  Lc  tasks.o [1]
prvTaskExitError         0x800'1d95   0x2a  Code  Lc  port.o [1]
pvPortMalloc             0x800'3071  0x114  Code  Gb  heap_4.o [1]
pxCurrentTCB            0x2000'1488    0x4  Data  Gb  tasks.o [1]
pxDelayedTaskList       0x2000'148c    0x4  Data  Lc  tasks.o [1]
pxEnd                   0x2000'1468    0x4  Data  Lc  heap_4.o [1]
pxOverflowDelayedTaskList
                        0x2000'1490    0x4  Data  Lc  tasks.o [1]
pxPortInitialiseStack    0x800'1d75   0x20  Code  Gb  port.o [1]
pxReadyTasksLists       0x2000'11e4   0x8c  Data  Lc  tasks.o [1]
ucHeap                  0x2000'0014  0xfd0  Data  Lc  heap_4.o [1]
ucMaxSysCallPriority    0x2000'14c7    0x1  Data  Lc  port.o [1]
ulMaxPRIGROUPValue      0x2000'1480    0x4  Data  Lc  port.o [1]
uwTick                  0x2000'1484    0x4  Data  Gb  stm32f1xx_hal.o [1]
uwTickFreq              0x2000'0010    0x1  Data  Gb  stm32f1xx_hal.o [1]
uwTickPrio              0x2000'0004    0x4  Data  Gb  stm32f1xx_hal.o [1]
uxCriticalNesting       0x2000'0000    0x4  Data  Lc  port.o [1]
uxCurrentNumberOfTasks  0x2000'1498    0x4  Data  Lc  tasks.o [1]
uxDeletedTasksWaitingCleanUp
                        0x2000'1494    0x4  Data  Lc  tasks.o [1]
uxListRemove             0x800'3343   0x26  Code  Gb  list.o [1]
uxPendedTicks           0x2000'14a8    0x4  Data  Lc  tasks.o [1]
uxSchedulerSuspended    0x2000'14c0    0x4  Data  Lc  tasks.o [1]
uxTaskNumber            0x2000'14b4    0x4  Data  Lc  tasks.o [1]
uxTopReadyPriority      0x2000'14a0    0x4  Data  Lc  tasks.o [1]
vApplicationGetIdleTaskMemory
                         0x800'0c49    0xe  Code  Gb  freertos.o [1]
vListInitialise          0x800'32d1   0x1e  Code  Gb  list.o [1]
vListInitialiseItem      0x800'32ef    0x6  Code  Gb  list.o [1]
vListInsert              0x800'330d   0x36  Code  Gb  list.o [1]
vListInsertEnd           0x800'32f5   0x18  Code  Gb  list.o [1]
vPortEnterCritical       0x800'1e4d   0x34  Code  Gb  port.o [1]
vPortExitCritical        0x800'1e81   0x2c  Code  Gb  port.o [1]
vPortFree                0x800'3185   0x72  Code  Gb  heap_4.o [1]
vPortStartFirstTask      0x800'304f         Code  Gb  portasm.o [1]
vTaskDelay               0x800'215b   0x4c  Code  Gb  tasks.o [1]
vTaskStartScheduler      0x800'21a7   0x8e  Code  Gb  tasks.o [1]
vTaskSuspendAll          0x800'2235    0xc  Code  Gb  tasks.o [1]
vTaskSwitchContext       0x800'241d   0x6c  Code  Gb  tasks.o [1]
xBlockAllocatedBit      0x2000'1474    0x4  Data  Lc  heap_4.o [1]
xDelayedTaskList1       0x2000'13ec   0x14  Data  Lc  tasks.o [1]
xDelayedTaskList2       0x2000'1400   0x14  Data  Lc  tasks.o [1]
xFreeBytesRemaining     0x2000'146c    0x4  Data  Lc  heap_4.o [1]
xHeapStructSize          0x800'360c    0x4  Data  Lc  heap_4.o [1]
xIdleStack              0x2000'0fe4  0x200  Data  Lc  freertos.o [1]
xIdleTaskHandle         0x2000'14bc    0x4  Data  Lc  tasks.o [1]
xIdleTaskTCBBuffer      0x2000'1270   0x54  Data  Lc  freertos.o [1]
xMinimumEverFreeBytesRemaining
                        0x2000'1470    0x4  Data  Lc  heap_4.o [1]
xNextTaskUnblockTime    0x2000'14b8    0x4  Data  Lc  tasks.o [1]
xNumOfOverflows         0x2000'14b0    0x4  Data  Lc  tasks.o [1]
xPendingReadyList       0x2000'1414   0x14  Data  Lc  tasks.o [1]
xPortStartScheduler      0x800'1dbf   0x8e  Code  Gb  port.o [1]
xSchedulerRunning       0x2000'14a4    0x4  Data  Lc  tasks.o [1]
xStart                  0x2000'145c    0x8  Data  Lc  heap_4.o [1]
xSuspendedTaskList      0x2000'143c   0x14  Data  Lc  tasks.o [1]
xTaskCreate              0x800'1fa3   0x74  Code  Gb  tasks.o [1]
xTaskCreateStatic        0x800'1f21   0x82  Code  Gb  tasks.o [1]
xTaskIncrementTick       0x800'2325   0xf8  Code  Gb  tasks.o [1]
xTaskResumeAll           0x800'2241   0xe4  Code  Gb  tasks.o [1]
xTasksWaitingTermination
                        0x2000'1428   0x14  Data  Lc  tasks.o [1]
xTickCount              0x2000'149c    0x4  Data  Lc  tasks.o [1]
xYieldPending           0x2000'14ac    0x4  Data  Lc  tasks.o [1]


[1] = C:\Users\Чистое небо\Desktop\Э.01.00.00 Беспилотный мотодельтаплан\Вспомогательное электронное оборудование\firmware\AssistEquipment\EWARM\AssistEquipment\Obj
[2] = dl7M_tlf.a
[3] = rt7M_tl.a
[4] = shb_l.a

  13 782 bytes of readonly  code memory
     214 bytes of readonly  data memory
   6 341 bytes of readwrite data memory

Errors: none
Warnings: none
