###############################################################################
#
# IAR ELF Linker V8.30.1.114/W32 for ARM                  12/May/2020  09:59:08
# Copyright 2007-2018 IAR Systems AB.
#
#    Output file  =  
#        C:\Users\Чистое небо\Desktop\Э.01.00.00
#        Беспилотный
#        мотодельтаплан\Вспомогательное
#        электронное
#        оборудование\firmware\AssistEquipment\EWARM\AssistEquipment\Exe\AssistEquipment.out
#    Map file     =  
#        C:\Users\Чистое небо\Desktop\Э.01.00.00
#        Беспилотный
#        мотодельтаплан\Вспомогательное
#        электронное
#        оборудование\firmware\AssistEquipment\EWARM\AssistEquipment\List\AssistEquipment.map
#    Command line =  
#        -f C:\Users\A146~1\AppData\Local\Temp\EWD1B0.tmp
#        ("C:\Users\Чистое небо\Desktop\Э.01.00.00
#        Беспилотный
#        мотодельтаплан\Вспомогательное
#        электронное
#        оборудование\firmware\AssistEquipment\EWARM\AssistEquipment\Obj\cmsis_os.o"
#        "C:\Users\Чистое небо\Desktop\Э.01.00.00
#        Беспилотный
#        мотодельтаплан\Вспомогательное
#        электронное
#        оборудование\firmware\AssistEquipment\EWARM\AssistEquipment\Obj\croutine.o"
#        "C:\Users\Чистое небо\Desktop\Э.01.00.00
#        Беспилотный
#        мотодельтаплан\Вспомогательное
#        электронное
#        оборудование\firmware\AssistEquipment\EWARM\AssistEquipment\Obj\event_groups.o"
#        "C:\Users\Чистое небо\Desktop\Э.01.00.00
#        Беспилотный
#        мотодельтаплан\Вспомогательное
#        электронное
#        оборудование\firmware\AssistEquipment\EWARM\AssistEquipment\Obj\freertos.o"
#        "C:\Users\Чистое небо\Desktop\Э.01.00.00
#        Беспилотный
#        мотодельтаплан\Вспомогательное
#        электронное
#        оборудование\firmware\AssistEquipment\EWARM\AssistEquipment\Obj\heap_4.o"
#        "C:\Users\Чистое небо\Desktop\Э.01.00.00
#        Беспилотный
#        мотодельтаплан\Вспомогательное
#        электронное
#        оборудование\firmware\AssistEquipment\EWARM\AssistEquipment\Obj\list.o"
#        "C:\Users\Чистое небо\Desktop\Э.01.00.00
#        Беспилотный
#        мотодельтаплан\Вспомогательное
#        электронное
#        оборудование\firmware\AssistEquipment\EWARM\AssistEquipment\Obj\main.o"
#        "C:\Users\Чистое небо\Desktop\Э.01.00.00
#        Беспилотный
#        мотодельтаплан\Вспомогательное
#        электронное
#        оборудование\firmware\AssistEquipment\EWARM\AssistEquipment\Obj\port.o"
#        "C:\Users\Чистое небо\Desktop\Э.01.00.00
#        Беспилотный
#        мотодельтаплан\Вспомогательное
#        электронное
#        оборудование\firmware\AssistEquipment\EWARM\AssistEquipment\Obj\portasm.o"
#        "C:\Users\Чистое небо\Desktop\Э.01.00.00
#        Беспилотный
#        мотодельтаплан\Вспомогательное
#        электронное
#        оборудование\firmware\AssistEquipment\EWARM\AssistEquipment\Obj\queue.o"
#        "C:\Users\Чистое небо\Desktop\Э.01.00.00
#        Беспилотный
#        мотодельтаплан\Вспомогательное
#        электронное
#        оборудование\firmware\AssistEquipment\EWARM\AssistEquipment\Obj\startup_stm32f103xb.o"
#        "C:\Users\Чистое небо\Desktop\Э.01.00.00
#        Беспилотный
#        мотодельтаплан\Вспомогательное
#        электронное
#        оборудование\firmware\AssistEquipment\EWARM\AssistEquipment\Obj\stm32f1xx_hal.o"
#        "C:\Users\Чистое небо\Desktop\Э.01.00.00
#        Беспилотный
#        мотодельтаплан\Вспомогательное
#        электронное
#        оборудование\firmware\AssistEquipment\EWARM\AssistEquipment\Obj\stm32f1xx_hal_can.o"
#        "C:\Users\Чистое небо\Desktop\Э.01.00.00
#        Беспилотный
#        мотодельтаплан\Вспомогательное
#        электронное
#        оборудование\firmware\AssistEquipment\EWARM\AssistEquipment\Obj\stm32f1xx_hal_cortex.o"
#        "C:\Users\Чистое небо\Desktop\Э.01.00.00
#        Беспилотный
#        мотодельтаплан\Вспомогательное
#        электронное
#        оборудование\firmware\AssistEquipment\EWARM\AssistEquipment\Obj\stm32f1xx_hal_dma.o"
#        "C:\Users\Чистое небо\Desktop\Э.01.00.00
#        Беспилотный
#        мотодельтаплан\Вспомогательное
#        электронное
#        оборудование\firmware\AssistEquipment\EWARM\AssistEquipment\Obj\stm32f1xx_hal_exti.o"
#        "C:\Users\Чистое небо\Desktop\Э.01.00.00
#        Беспилотный
#        мотодельтаплан\Вспомогательное
#        электронное
#        оборудование\firmware\AssistEquipment\EWARM\AssistEquipment\Obj\stm32f1xx_hal_flash.o"
#        "C:\Users\Чистое небо\Desktop\Э.01.00.00
#        Беспилотный
#        мотодельтаплан\Вспомогательное
#        электронное
#        оборудование\firmware\AssistEquipment\EWARM\AssistEquipment\Obj\stm32f1xx_hal_flash_ex.o"
#        "C:\Users\Чистое небо\Desktop\Э.01.00.00
#        Беспилотный
#        мотодельтаплан\Вспомогательное
#        электронное
#        оборудование\firmware\AssistEquipment\EWARM\AssistEquipment\Obj\stm32f1xx_hal_gpio.o"
#        "C:\Users\Чистое небо\Desktop\Э.01.00.00
#        Беспилотный
#        мотодельтаплан\Вспомогательное
#        электронное
#        оборудование\firmware\AssistEquipment\EWARM\AssistEquipment\Obj\stm32f1xx_hal_gpio_ex.o"
#        "C:\Users\Чистое небо\Desktop\Э.01.00.00
#        Беспилотный
#        мотодельтаплан\Вспомогательное
#        электронное
#        оборудование\firmware\AssistEquipment\EWARM\AssistEquipment\Obj\stm32f1xx_hal_msp.o"
#        "C:\Users\Чистое небо\Desktop\Э.01.00.00
#        Беспилотный
#        мотодельтаплан\Вспомогательное
#        электронное
#        оборудование\firmware\AssistEquipment\EWARM\AssistEquipment\Obj\stm32f1xx_hal_pwr.o"
#        "C:\Users\Чистое небо\Desktop\Э.01.00.00
#        Беспилотный
#        мотодельтаплан\Вспомогательное
#        электронное
#        оборудование\firmware\AssistEquipment\EWARM\AssistEquipment\Obj\stm32f1xx_hal_rcc.o"
#        "C:\Users\Чистое небо\Desktop\Э.01.00.00
#        Беспилотный
#        мотодельтаплан\Вспомогательное
#        электронное
#        оборудование\firmware\AssistEquipment\EWARM\AssistEquipment\Obj\stm32f1xx_hal_rcc_ex.o"
#        "C:\Users\Чистое небо\Desktop\Э.01.00.00
#        Беспилотный
#        мотодельтаплан\Вспомогательное
#        электронное
#        оборудование\firmware\AssistEquipment\EWARM\AssistEquipment\Obj\stm32f1xx_hal_tim.o"
#        "C:\Users\Чистое небо\Desktop\Э.01.00.00
#        Беспилотный
#        мотодельтаплан\Вспомогательное
#        электронное
#        оборудование\firmware\AssistEquipment\EWARM\AssistEquipment\Obj\stm32f1xx_hal_tim_ex.o"
#        "C:\Users\Чистое небо\Desktop\Э.01.00.00
#        Беспилотный
#        мотодельтаплан\Вспомогательное
#        электронное
#        оборудование\firmware\AssistEquipment\EWARM\AssistEquipment\Obj\stm32f1xx_hal_timebase_tim.o"
#        "C:\Users\Чистое небо\Desktop\Э.01.00.00
#        Беспилотный
#        мотодельтаплан\Вспомогательное
#        электронное
#        оборудование\firmware\AssistEquipment\EWARM\AssistEquipment\Obj\stm32f1xx_it.o"
#        "C:\Users\Чистое небо\Desktop\Э.01.00.00
#        Беспилотный
#        мотодельтаплан\Вспомогательное
#        электронное
#        оборудование\firmware\AssistEquipment\EWARM\AssistEquipment\Obj\stream_buffer.o"
#        "C:\Users\Чистое небо\Desktop\Э.01.00.00
#        Беспилотный
#        мотодельтаплан\Вспомогательное
#        электронное
#        оборудование\firmware\AssistEquipment\EWARM\AssistEquipment\Obj\system_stm32f1xx.o"
#        "C:\Users\Чистое небо\Desktop\Э.01.00.00
#        Беспилотный
#        мотодельтаплан\Вспомогательное
#        электронное
#        оборудование\firmware\AssistEquipment\EWARM\AssistEquipment\Obj\tasks.o"
#        "C:\Users\Чистое небо\Desktop\Э.01.00.00
#        Беспилотный
#        мотодельтаплан\Вспомогательное
#        электронное
#        оборудование\firmware\AssistEquipment\EWARM\AssistEquipment\Obj\timers.o"
#        --redirect _Printf=_PrintfFull --redirect _Scanf=_ScanfFull
#        --no_out_extension -o "C:\Users\Чистое
#        небо\Desktop\Э.01.00.00 Беспилотный
#        мотодельтаплан\Вспомогательное
#        электронное
#        оборудование\firmware\AssistEquipment\EWARM\AssistEquipment\Exe\AssistEquipment.out"
#        --map "C:\Users\Чистое небо\Desktop\Э.01.00.00
#        Беспилотный
#        мотодельтаплан\Вспомогательное
#        электронное
#        оборудование\firmware\AssistEquipment\EWARM\AssistEquipment\List\AssistEquipment.map"
#        --config "C:\Users\Чистое небо\Desktop\Э.01.00.00
#        Беспилотный
#        мотодельтаплан\Вспомогательное
#        электронное
#        оборудование\firmware\AssistEquipment\EWARM/stm32f103xb_flash.icf"
#        --semihosting --entry __iar_program_start --vfe --text_out locale)
#
###############################################################################

*******************************************************************************
*** RUNTIME MODEL ATTRIBUTES
***

CppFlavor       = *
__SystemLibrary = DLib
__dlib_version  = 6


*******************************************************************************
*** HEAP SELECTION
***

The basic heap was selected because no calls to memory allocation
functions were found in the application outside of system library
functions, and there are calls to deallocation functions in the
application.


*******************************************************************************
*** PLACEMENT SUMMARY
***

"A0":  place at 0x800'0000 { ro section .intvec };
"P1":  place in [from 0x800'0000 to 0x801'ffff] { ro };
define block CSTACK with size = 1K, alignment = 8 { };
define block HEAP with size = 512, alignment = 8 { };
"P2":  place in [from 0x2000'0000 to 0x2000'4fff] {
          rw, block CSTACK, block HEAP };
initialize by copy { rw };

  Section            Kind         Address    Size  Object
  -------            ----         -------    ----  ------
"A0":                                        0xec
  .intvec            ro code   0x800'0000    0xec  startup_stm32f103xb.o [1]
                             - 0x800'00ec    0xec

"P1":                                      0x1d48
  .text              ro code   0x800'00ec   0x588  tasks.o [1]
  .text              ro code   0x800'0674   0x1b4  heap_4.o [1]
  .text              ro code   0x800'0828    0x92  list.o [1]
  .text              ro code   0x800'08ba    0x3a  zero_init3.o [3]
  .text              ro code   0x800'08f4   0x16c  port.o [1]
  .text              ro code   0x800'0a60    0x14  freertos.o [1]
  CODE               ro code   0x800'0a74    0x88  portasm.o [1]
  .text              ro code   0x800'0afc   0x4f2  stm32f1xx_hal_rcc.o [1]
  .text              ro code   0x800'0ff0     0xc  stm32f1xx_hal.o [1]
  .text              ro code   0x800'0ffc    0x78  stm32f1xx_hal_timebase_tim.o [1]
  .text              ro code   0x800'1074    0x98  stm32f1xx_hal_cortex.o [1]
  .text              ro code   0x800'110c   0x216  stm32f1xx_hal_tim.o [1]
  .text              ro code   0x800'1322     0x2  stm32f1xx_hal_tim.o [1]
  .text              ro code   0x800'1324     0x2  stm32f1xx_hal_tim.o [1]
  .text              ro code   0x800'1328   0x1a0  main.o [1]
  .text              ro code   0x800'14c8     0x2  stm32f1xx_hal_tim_ex.o [1]
  .text              ro code   0x800'14ca     0x2  stm32f1xx_hal_tim.o [1]
  .text              ro code   0x800'14cc     0x2  stm32f1xx_hal_tim_ex.o [1]
  .text              ro code   0x800'14ce     0x2  stm32f1xx_hal_tim.o [1]
  .text              ro code   0x800'14d0    0x24  stm32f1xx_hal.o [1]
  .text              ro code   0x800'14f4     0x6  ABImemclr4.o [3]
  .text              ro code   0x800'14fc   0x1bc  stm32f1xx_hal_gpio.o [1]
  .text              ro code   0x800'16b8   0x30c  stm32f1xx_hal_can.o [1]
  .text              ro code   0x800'19c4    0x86  ABImemcpy.o [3]
  .text              ro code   0x800'1a4c    0x82  cmsis_os.o [1]
  .text              ro code   0x800'1ad0    0x10  stm32f1xx_hal.o [1]
  .text              ro code   0x800'1ae0    0xd0  stm32f1xx_hal_msp.o [1]
  .text              ro code   0x800'1bb0    0x32  ABImemset48.o [3]
  .text              ro code   0x800'1be2     0x2  stm32f1xx_hal_can.o [1]
  .text              ro code   0x800'1be4     0x2  stm32f1xx_hal_can.o [1]
  .text              ro code   0x800'1be6     0x2  stm32f1xx_hal_can.o [1]
  .text              ro code   0x800'1be8     0x2  stm32f1xx_hal_can.o [1]
  .text              ro code   0x800'1bea     0x2  stm32f1xx_hal_can.o [1]
  .text              ro code   0x800'1bec     0x2  stm32f1xx_hal_can.o [1]
  .text              ro code   0x800'1bee     0x2  stm32f1xx_hal_can.o [1]
  .text              ro code   0x800'1bf0     0x2  stm32f1xx_hal_can.o [1]
  .text              ro code   0x800'1bf2     0x2  stm32f1xx_hal_can.o [1]
  .text              ro code   0x800'1bf4     0x2  stm32f1xx_hal_can.o [1]
  .text              ro code   0x800'1bf6     0x2  stm32f1xx_hal_can.o [1]
  .text              ro code   0x800'1bf8     0x2  stm32f1xx_hal_can.o [1]
  .text              ro code   0x800'1bfa     0x2  stm32f1xx_hal_can.o [1]
  .text              ro code   0x800'1bfc    0x5c  system_stm32f1xx.o [1]
  .text              ro code   0x800'1c58    0x2c  copy_init3.o [3]
  .text              ro code   0x800'1c84    0x28  data_init.o [3]
  .iar.init_table    const     0x800'1cac    0x24  - Linker created -
  .text              ro code   0x800'1cd0    0x20  stm32f1xx_it.o [1]
  .text              ro code   0x800'1cf0    0x1e  cmain.o [3]
  .text              ro code   0x800'1d0e     0x4  low_level_init.o [2]
  .text              ro code   0x800'1d12     0x4  exit.o [2]
  .text              ro code   0x800'1d18     0xa  cexit.o [3]
  .text              ro code   0x800'1d24    0x14  exit.o [4]
  Initializer bytes  const     0x800'1d38    0x1c  <for P2-1>
  .rodata            const     0x800'1d54    0x18  main.o [1]
  .text              ro code   0x800'1d6c    0x10  startup_stm32f103xb.o [1]
  .text              ro code   0x800'1d7c     0xc  cstartup_M.o [3]
  .rodata            const     0x800'1d88     0x8  system_stm32f1xx.o [1]
  .text              ro code   0x800'1d90     0x4  startup_stm32f103xb.o [1]
  .text              ro code   0x800'1d94     0x4  startup_stm32f103xb.o [1]
  .text              ro code   0x800'1d98     0x4  startup_stm32f103xb.o [1]
  .text              ro code   0x800'1d9c     0x4  startup_stm32f103xb.o [1]
  .text              ro code   0x800'1da0     0x4  startup_stm32f103xb.o [1]
  .text              ro code   0x800'1da4     0x4  startup_stm32f103xb.o [1]
  .text              ro code   0x800'1da8     0x4  startup_stm32f103xb.o [1]
  .text              ro code   0x800'1dac     0x4  startup_stm32f103xb.o [1]
  .text              ro code   0x800'1db0     0x4  startup_stm32f103xb.o [1]
  .text              ro code   0x800'1db4     0x4  startup_stm32f103xb.o [1]
  .text              ro code   0x800'1db8     0x4  startup_stm32f103xb.o [1]
  .text              ro code   0x800'1dbc     0x4  startup_stm32f103xb.o [1]
  .text              ro code   0x800'1dc0     0x4  startup_stm32f103xb.o [1]
  .text              ro code   0x800'1dc4     0x4  startup_stm32f103xb.o [1]
  .text              ro code   0x800'1dc8     0x4  startup_stm32f103xb.o [1]
  .text              ro code   0x800'1dcc     0x4  startup_stm32f103xb.o [1]
  .text              ro code   0x800'1dd0     0x4  startup_stm32f103xb.o [1]
  .text              ro code   0x800'1dd4     0x4  startup_stm32f103xb.o [1]
  .text              ro code   0x800'1dd8     0x4  startup_stm32f103xb.o [1]
  .text              ro code   0x800'1ddc     0x4  startup_stm32f103xb.o [1]
  .text              ro code   0x800'1de0     0x4  startup_stm32f103xb.o [1]
  .text              ro code   0x800'1de4     0x4  startup_stm32f103xb.o [1]
  .text              ro code   0x800'1de8     0x4  startup_stm32f103xb.o [1]
  .text              ro code   0x800'1dec     0x4  startup_stm32f103xb.o [1]
  .text              ro code   0x800'1df0     0x4  startup_stm32f103xb.o [1]
  .text              ro code   0x800'1df4     0x4  startup_stm32f103xb.o [1]
  .text              ro code   0x800'1df8     0x4  startup_stm32f103xb.o [1]
  .text              ro code   0x800'1dfc     0x4  startup_stm32f103xb.o [1]
  .text              ro code   0x800'1e00     0x4  startup_stm32f103xb.o [1]
  .text              ro code   0x800'1e04     0x4  startup_stm32f103xb.o [1]
  .text              ro code   0x800'1e08     0x4  startup_stm32f103xb.o [1]
  .text              ro code   0x800'1e0c     0x4  startup_stm32f103xb.o [1]
  .text              ro code   0x800'1e10     0x4  startup_stm32f103xb.o [1]
  .text              ro code   0x800'1e14     0x4  startup_stm32f103xb.o [1]
  .text              ro code   0x800'1e18     0x4  startup_stm32f103xb.o [1]
  .text              ro code   0x800'1e1c     0x4  startup_stm32f103xb.o [1]
  .text              ro code   0x800'1e20     0x4  startup_stm32f103xb.o [1]
  .text              ro code   0x800'1e24     0x4  startup_stm32f103xb.o [1]
  .text              ro code   0x800'1e28     0x4  startup_stm32f103xb.o [1]
  .text              ro code   0x800'1e2c     0x4  startup_stm32f103xb.o [1]
  .text              ro code   0x800'1e30     0x4  startup_stm32f103xb.o [1]
  .rodata            const     0x800'1e34     0x0  zero_init3.o [3]
  .rodata            const     0x800'1e34     0x0  copy_init3.o [3]
                             - 0x800'1e34  0x1d48

"P2", part 1 of 3:                           0x1c
  P2-1                        0x2000'0000    0x1c  <Init block>
    .data            inited   0x2000'0000     0xc  port.o [1]
    .data            inited   0x2000'000c     0xc  stm32f1xx_hal.o [1]
    .data            inited   0x2000'0018     0x4  system_stm32f1xx.o [1]
                            - 0x2000'001c    0x1c

"P2", part 2 of 3:                         0x13d4
  .bss               zero     0x2000'001c   0xfe8  heap_4.o [1]
  .bss               zero     0x2000'1004   0x254  freertos.o [1]
  .bss               zero     0x2000'1258    0x9c  tasks.o [1]
  .bss               zero     0x2000'12f4    0x8c  tasks.o [1]
  .bss               zero     0x2000'1380    0x40  stm32f1xx_hal_timebase_tim.o [1]
  .bss               zero     0x2000'13c0    0x30  main.o [1]
                            - 0x2000'13f0  0x13d4

"P2", part 3 of 3:                          0x400
  CSTACK                      0x2000'13f0   0x400  <Block>
    CSTACK           uninit   0x2000'13f0   0x400  <Block tail>
                            - 0x2000'17f0   0x400

Unused ranges:

         From           To      Size
         ----           --      ----
   0x800'1e34   0x801'ffff  0x1'e1cc
  0x2000'17f0  0x2000'4fff    0x3810


*******************************************************************************
*** INIT TABLE
***

          Address      Size
          -------      ----
Zero (__iar_zero_init3)
    1 destination range, total size 0x13d4:
          0x2000'001c  0x13d4

Copy (__iar_copy_init3)
    1 source range, total size 0x1c:
           0x800'1d38    0x1c
    1 destination range, total size 0x1c:
          0x2000'0000    0x1c



*******************************************************************************
*** MODULE SUMMARY
***

    Module                        ro code  ro data  rw data
    ------                        -------  -------  -------
command line/config:
    -------------------------------------------------------
    Total:

C:\Users\Чистое небо\Desktop\Э.01.00.00 Беспилотный мотодельтаплан\Вспомогательное электронное оборудование\firmware\AssistEquipment\EWARM\AssistEquipment\Obj: [1]
    cmsis_os.o                        130
    freertos.o                         20               596
    heap_4.o                          436             4 072
    list.o                            146
    main.o                            416       24       48
    port.o                            364       12       12
    portasm.o                         136
    startup_stm32f103xb.o             416
    stm32f1xx_hal.o                    64       12       12
    stm32f1xx_hal_can.o               806
    stm32f1xx_hal_cortex.o            152
    stm32f1xx_hal_gpio.o              444
    stm32f1xx_hal_msp.o               208
    stm32f1xx_hal_rcc.o             1 266
    stm32f1xx_hal_tim.o               542
    stm32f1xx_hal_tim_ex.o              4
    stm32f1xx_hal_timebase_tim.o      120                64
    stm32f1xx_it.o                     32
    system_stm32f1xx.o                 92       12        4
    tasks.o                         1 416               296
    -------------------------------------------------------
    Total:                          7 210       60    5 104

dl7M_tlf.a: [2]
    exit.o                              4
    low_level_init.o                    4
    -------------------------------------------------------
    Total:                              8

rt7M_tl.a: [3]
    ABImemclr4.o                        6
    ABImemcpy.o                       134
    ABImemset48.o                      50
    cexit.o                            10
    cmain.o                            30
    copy_init3.o                       44
    cstartup_M.o                       12
    data_init.o                        40
    zero_init3.o                       58
    -------------------------------------------------------
    Total:                            384

shb_l.a: [4]
    exit.o                             20
    -------------------------------------------------------
    Total:                             20

    Gaps                               14
    Linker created                              36    1 024
-----------------------------------------------------------
    Grand Total:                    7 636       96    6 128


*******************************************************************************
*** ENTRY LIST
***

Entry                       Address   Size  Type      Object
-----                       -------   ----  ----      ------
.iar.init_table$$Base    0x800'1cac          --   Gb  - Linker created -
.iar.init_table$$Limit   0x800'1cd0          --   Gb  - Linker created -
?main                    0x800'1cf1         Code  Gb  cmain.o [3]
AHBPrescTable            0x800'1c48   0x10  Data  Gb  system_stm32f1xx.o [1]
APBPrescTable            0x800'1d88    0x8  Data  Gb  system_stm32f1xx.o [1]
BusFault_Handler         0x800'1cd7    0x2  Code  Gb  stm32f1xx_it.o [1]
CAN_TX_TaskHandle       0x2000'13ec    0x4  Data  Gb  main.o [1]
CSTACK$$Base            0x2000'13f0          --   Gb  - Linker created -
CSTACK$$Limit           0x2000'17f0          --   Gb  - Linker created -
DebugMon_Handler         0x800'1cdb    0x2  Code  Gb  stm32f1xx_it.o [1]
HAL_CAN_IRQHandler       0x800'17cd  0x1f8  Code  Gb  stm32f1xx_hal_can.o [1]
HAL_CAN_Init             0x800'16b9   0xe6  Code  Gb  stm32f1xx_hal_can.o [1]
HAL_CAN_MspInit          0x800'1b25   0x7c  Code  Gb  stm32f1xx_hal_msp.o [1]
HAL_GPIO_Init            0x800'14fd  0x180  Code  Gb  stm32f1xx_hal_gpio.o [1]
HAL_GPIO_WritePin        0x800'167d    0x8  Code  Gb  stm32f1xx_hal_gpio.o [1]
HAL_GetTick              0x800'0ff1    0xc  Code  Wk  stm32f1xx_hal.o [1]
HAL_IncTick              0x800'1ad1   0x10  Code  Wk  stm32f1xx_hal.o [1]
HAL_Init                 0x800'14d1   0x20  Code  Gb  stm32f1xx_hal.o [1]
HAL_InitTick             0x800'0ffd   0x68  Code  Gb  stm32f1xx_hal_timebase_tim.o [1]
HAL_MspInit              0x800'1ae1   0x44  Code  Gb  stm32f1xx_hal_msp.o [1]
HAL_NVIC_EnableIRQ       0x800'10e3   0x16  Code  Gb  stm32f1xx_hal_cortex.o [1]
HAL_NVIC_SetPriority     0x800'10a9   0x3a  Code  Gb  stm32f1xx_hal_cortex.o [1]
HAL_NVIC_SetPriorityGrouping
                         0x800'108f   0x1a  Code  Gb  stm32f1xx_hal_cortex.o [1]
HAL_RCC_ClockConfig      0x800'0e1d   0xf4  Code  Gb  stm32f1xx_hal_rcc.o [1]
HAL_RCC_GetClockConfig   0x800'0f75   0x36  Code  Gb  stm32f1xx_hal_rcc.o [1]
HAL_RCC_GetPCLK1Freq     0x800'0f5f   0x10  Code  Gb  stm32f1xx_hal_rcc.o [1]
HAL_RCC_GetSysClockFreq
                         0x800'0f25   0x3a  Code  Gb  stm32f1xx_hal_rcc.o [1]
HAL_RCC_GetSysClockFreq::aPLLMULFactorTable
                         0x800'0fdc   0x10  Data  Lc  stm32f1xx_hal_rcc.o [1]
HAL_RCC_GetSysClockFreq::aPredivFactorTable
                         0x800'0fec    0x2  Data  Lc  stm32f1xx_hal_rcc.o [1]
HAL_RCC_OscConfig        0x800'0afd  0x318  Code  Gb  stm32f1xx_hal_rcc.o [1]
HAL_TIMEx_BreakCallback
                         0x800'14c9    0x2  Code  Wk  stm32f1xx_hal_tim_ex.o [1]
HAL_TIMEx_CommutCallback
                         0x800'14cd    0x2  Code  Wk  stm32f1xx_hal_tim_ex.o [1]
HAL_TIM_Base_Init        0x800'110d   0x1a  Code  Gb  stm32f1xx_hal_tim.o [1]
HAL_TIM_Base_Start_IT    0x800'1127   0x20  Code  Gb  stm32f1xx_hal_tim.o [1]
HAL_TIM_IRQHandler       0x800'116b  0x142  Code  Gb  stm32f1xx_hal_tim.o [1]
HAL_TIM_PeriodElapsedCallback
                         0x800'146d    0xe  Code  Gb  main.o [1]
HardFault_Handler        0x800'1cd3    0x2  Code  Gb  stm32f1xx_it.o [1]
MemManage_Handler        0x800'1cd5    0x2  Code  Gb  stm32f1xx_it.o [1]
NMI_Handler              0x800'1cd1    0x2  Code  Gb  stm32f1xx_it.o [1]
PendSV_Handler           0x800'0a75         Code  Gb  portasm.o [1]
Region$$Table$$Base      0x800'1cac          --   Gb  - Linker created -
Region$$Table$$Limit     0x800'1cd0          --   Gb  - Linker created -
SVC_Handler              0x800'0abb         Code  Gb  portasm.o [1]
StartDefaultTask         0x800'1459    0xa  Code  Gb  main.o [1]
Start_CAN_TX_Task        0x800'1463    0xa  Code  Gb  main.o [1]
SysTick_Handler          0x800'0a0d   0x1c  Code  Gb  port.o [1]
SystemClock_Config       0x800'1403   0x56  Code  Gb  main.o [1]
SystemCoreClock         0x2000'0018    0x4  Data  Gb  system_stm32f1xx.o [1]
SystemInit               0x800'1bfd   0x3c  Code  Gb  system_stm32f1xx.o [1]
TIM4_IRQHandler          0x800'1ce3    0x6  Code  Gb  stm32f1xx_it.o [1]
TIM_Base_SetConfig       0x800'12b3   0x5e  Code  Gb  stm32f1xx_hal_tim.o [1]
USB_LP_CAN1_RX0_IRQHandler
                         0x800'1cdd    0x6  Code  Gb  stm32f1xx_it.o [1]
UsageFault_Handler       0x800'1cd9    0x2  Code  Gb  stm32f1xx_it.o [1]
__NVIC_SetPriority       0x800'1075   0x1a  Code  Lc  stm32f1xx_hal_cortex.o [1]
__aeabi_memclr4          0x800'14f5         Code  Gb  ABImemclr4.o [3]
__aeabi_memcpy4          0x800'19c5         Code  Gb  ABImemcpy.o [3]
__aeabi_memcpy8          0x800'19c5         Code  Gb  ABImemcpy.o [3]
__cmain                  0x800'1cf1         Code  Gb  cmain.o [3]
__exit                   0x800'1d25   0x14  Code  Gb  exit.o [4]
__iar_Memset4_word       0x800'1bb1         Code  Gb  ABImemset48.o [3]
__iar_Memset8_word       0x800'1bb1         Code  Gb  ABImemset48.o [3]
__iar_copy_init3         0x800'1c59   0x2c  Code  Gb  copy_init3.o [3]
__iar_data_init3         0x800'1c85   0x28  Code  Gb  data_init.o [3]
__iar_program_start      0x800'1d7d         Code  Gb  cstartup_M.o [3]
__iar_zero_init3         0x800'08bb   0x3a  Code  Gb  zero_init3.o [3]
__low_level_init         0x800'1d0f    0x4  Code  Gb  low_level_init.o [2]
__vector_table           0x800'0000         Data  Gb  startup_stm32f103xb.o [1]
_call_main               0x800'1cfd         Code  Gb  cmain.o [3]
_exit                    0x800'1d19         Code  Gb  cexit.o [3]
_main                    0x800'1d0b         Code  Gb  cmain.o [3]
defaultTaskHandle       0x2000'13e8    0x4  Data  Gb  main.o [1]
exit                     0x800'1d13    0x4  Code  Gb  exit.o [2]
hcan                    0x2000'13c0   0x28  Data  Gb  main.o [1]
htim4                   0x2000'1380   0x40  Data  Gb  stm32f1xx_hal_timebase_tim.o [1]
main                     0x800'1329   0xda  Code  Gb  main.o [1]
makeFreeRtosPriority     0x800'1a4d    0xc  Code  Lc  cmsis_os.o [1]
osDelay                  0x800'1ac1    0xe  Code  Gb  cmsis_os.o [1]
osKernelStart            0x800'1a59    0xa  Code  Gb  cmsis_os.o [1]
osThreadCreate           0x800'1a63   0x5e  Code  Gb  cmsis_os.o [1]
prvAddCurrentTaskToDelayedList
                         0x800'05f9   0x5e  Code  Lc  tasks.o [1]
prvAddNewTaskToReadyList
                         0x800'021d   0xa8  Code  Lc  tasks.o [1]
prvDeleteTCB             0x800'0577   0x2e  Code  Lc  tasks.o [1]
prvIdleTask              0x800'0535   0x42  Code  Lc  tasks.o [1]
prvInitialiseNewTask     0x800'01a5   0x78  Code  Lc  tasks.o [1]
prvInsertBlockIntoFreeList
                         0x800'07db   0x46  Code  Lc  heap_4.o [1]
prvResetNextTaskUnblockTime
                         0x800'05a5   0x1a  Code  Lc  tasks.o [1]
prvTaskExitError         0x800'0915   0x1c  Code  Lc  port.o [1]
pvPortMalloc             0x800'0675  0x104  Code  Gb  heap_4.o [1]
pxCurrentTCB            0x2000'1280    0x4  Data  Gb  tasks.o [1]
pxDelayedTaskList       0x2000'1284    0x4  Data  Lc  tasks.o [1]
pxEnd                   0x2000'0024    0x4  Data  Lc  heap_4.o [1]
pxOverflowDelayedTaskList
                        0x2000'1288    0x4  Data  Lc  tasks.o [1]
pxPortInitialiseStack    0x800'08f5   0x20  Code  Gb  port.o [1]
pxReadyTasksLists       0x2000'12f4   0x8c  Data  Lc  tasks.o [1]
ucHeap                  0x2000'0034  0xfd0  Data  Lc  heap_4.o [1]
ucMaxSysCallPriority    0x2000'0000    0x1  Data  Lc  port.o [1]
ulMaxPRIGROUPValue      0x2000'0008    0x4  Data  Lc  port.o [1]
uwTick                  0x2000'0010    0x4  Data  Gb  stm32f1xx_hal.o [1]
uwTickFreq              0x2000'000c    0x1  Data  Gb  stm32f1xx_hal.o [1]
uwTickPrio              0x2000'0014    0x4  Data  Gb  stm32f1xx_hal.o [1]
uxCriticalNesting       0x2000'0004    0x4  Data  Lc  port.o [1]
uxCurrentNumberOfTasks  0x2000'12a4    0x4  Data  Lc  tasks.o [1]
uxDeletedTasksWaitingCleanUp
                        0x2000'128c    0x4  Data  Lc  tasks.o [1]
uxListRemove             0x800'0895   0x26  Code  Gb  list.o [1]
uxPendedTicks           0x2000'12b4    0x4  Data  Lc  tasks.o [1]
uxSchedulerSuspended    0x2000'12c8    0x4  Data  Lc  tasks.o [1]
uxTaskNumber            0x2000'12c0    0x4  Data  Lc  tasks.o [1]
uxTopReadyPriority      0x2000'12ac    0x4  Data  Lc  tasks.o [1]
vApplicationGetIdleTaskMemory
                         0x800'0a61   0x14  Code  Gb  freertos.o [1]
vListInitialise          0x800'0829   0x1a  Code  Gb  list.o [1]
vListInitialiseItem      0x800'0843    0x6  Code  Gb  list.o [1]
vListInsert              0x800'0863   0x32  Code  Gb  list.o [1]
vListInsertEnd           0x800'0849   0x1a  Code  Gb  list.o [1]
vPortEnterCritical       0x800'09b9   0x32  Code  Gb  port.o [1]
vPortExitCritical        0x800'09eb   0x22  Code  Gb  port.o [1]
vPortFree                0x800'0787   0x46  Code  Gb  heap_4.o [1]
vPortStartFirstTask      0x800'0adb         Code  Gb  portasm.o [1]
vTaskDelay               0x800'02c5   0x2e  Code  Gb  tasks.o [1]
vTaskStartScheduler      0x800'02f9   0x54  Code  Gb  tasks.o [1]
vTaskSuspendAll          0x800'0355    0xc  Code  Gb  tasks.o [1]
vTaskSwitchContext       0x800'04c5   0x52  Code  Gb  tasks.o [1]
xBlockAllocatedBit      0x2000'0030    0x4  Data  Lc  heap_4.o [1]
xDelayedTaskList1       0x2000'12cc   0x14  Data  Lc  tasks.o [1]
xDelayedTaskList2       0x2000'12e0   0x14  Data  Lc  tasks.o [1]
xFreeBytesRemaining     0x2000'0028    0x4  Data  Lc  heap_4.o [1]
xIdleStack              0x2000'1058  0x200  Data  Lc  freertos.o [1]
xIdleTaskTCBBuffer      0x2000'1004   0x54  Data  Lc  freertos.o [1]
xMinimumEverFreeBytesRemaining
                        0x2000'002c    0x4  Data  Lc  heap_4.o [1]
xNextTaskUnblockTime    0x2000'12c4    0x4  Data  Lc  tasks.o [1]
xNumOfOverflows         0x2000'12bc    0x4  Data  Lc  tasks.o [1]
xPendingReadyList       0x2000'1258   0x14  Data  Lc  tasks.o [1]
xPortStartScheduler      0x800'0931   0x78  Code  Gb  port.o [1]
xSchedulerRunning       0x2000'12b0    0x4  Data  Lc  tasks.o [1]
xStart                  0x2000'001c    0x8  Data  Lc  heap_4.o [1]
xSuspendedTaskList      0x2000'1290   0x14  Data  Lc  tasks.o [1]
xTaskCreate              0x800'0149   0x5c  Code  Gb  tasks.o [1]
xTaskCreateStatic        0x800'00ed   0x5c  Code  Gb  tasks.o [1]
xTaskIncrementTick       0x800'0409   0xbc  Code  Gb  tasks.o [1]
xTaskResumeAll           0x800'0361   0x98  Code  Gb  tasks.o [1]
xTasksWaitingTermination
                        0x2000'126c   0x14  Data  Lc  tasks.o [1]
xTickCount              0x2000'12a8    0x4  Data  Lc  tasks.o [1]
xYieldPending           0x2000'12b8    0x4  Data  Lc  tasks.o [1]


[1] = C:\Users\Чистое небо\Desktop\Э.01.00.00 Беспилотный мотодельтаплан\Вспомогательное электронное оборудование\firmware\AssistEquipment\EWARM\AssistEquipment\Obj
[2] = dl7M_tlf.a
[3] = rt7M_tl.a
[4] = shb_l.a

  7 636 bytes of readonly  code memory
     96 bytes of readonly  data memory
  6 128 bytes of readwrite data memory

Errors: none
Warnings: none
