###############################################################################
#
# IAR ELF Linker V8.30.1.114/W32 for ARM                  12/May/2020  11:16:44
# Copyright 2007-2018 IAR Systems AB.
#
#    Output file  =  
#        C:\Users\Чистое небо\Desktop\Э.01.00.00
#        Беспилотный
#        мотодельтаплан\Вспомогательное
#        электронное
#        оборудование\firmware\AssistEquipment\EWARM\AssistEquipment\Exe\AssistEquipment.out
#    Map file     =  
#        C:\Users\Чистое небо\Desktop\Э.01.00.00
#        Беспилотный
#        мотодельтаплан\Вспомогательное
#        электронное
#        оборудование\firmware\AssistEquipment\EWARM\AssistEquipment\List\AssistEquipment.map
#    Command line =  
#        -f C:\Users\A146~1\AppData\Local\Temp\EWDED3.tmp
#        ("C:\Users\Чистое небо\Desktop\Э.01.00.00
#        Беспилотный
#        мотодельтаплан\Вспомогательное
#        электронное
#        оборудование\firmware\AssistEquipment\EWARM\AssistEquipment\Obj\cmsis_os.o"
#        "C:\Users\Чистое небо\Desktop\Э.01.00.00
#        Беспилотный
#        мотодельтаплан\Вспомогательное
#        электронное
#        оборудование\firmware\AssistEquipment\EWARM\AssistEquipment\Obj\croutine.o"
#        "C:\Users\Чистое небо\Desktop\Э.01.00.00
#        Беспилотный
#        мотодельтаплан\Вспомогательное
#        электронное
#        оборудование\firmware\AssistEquipment\EWARM\AssistEquipment\Obj\event_groups.o"
#        "C:\Users\Чистое небо\Desktop\Э.01.00.00
#        Беспилотный
#        мотодельтаплан\Вспомогательное
#        электронное
#        оборудование\firmware\AssistEquipment\EWARM\AssistEquipment\Obj\freertos.o"
#        "C:\Users\Чистое небо\Desktop\Э.01.00.00
#        Беспилотный
#        мотодельтаплан\Вспомогательное
#        электронное
#        оборудование\firmware\AssistEquipment\EWARM\AssistEquipment\Obj\heap_4.o"
#        "C:\Users\Чистое небо\Desktop\Э.01.00.00
#        Беспилотный
#        мотодельтаплан\Вспомогательное
#        электронное
#        оборудование\firmware\AssistEquipment\EWARM\AssistEquipment\Obj\list.o"
#        "C:\Users\Чистое небо\Desktop\Э.01.00.00
#        Беспилотный
#        мотодельтаплан\Вспомогательное
#        электронное
#        оборудование\firmware\AssistEquipment\EWARM\AssistEquipment\Obj\main.o"
#        "C:\Users\Чистое небо\Desktop\Э.01.00.00
#        Беспилотный
#        мотодельтаплан\Вспомогательное
#        электронное
#        оборудование\firmware\AssistEquipment\EWARM\AssistEquipment\Obj\port.o"
#        "C:\Users\Чистое небо\Desktop\Э.01.00.00
#        Беспилотный
#        мотодельтаплан\Вспомогательное
#        электронное
#        оборудование\firmware\AssistEquipment\EWARM\AssistEquipment\Obj\portasm.o"
#        "C:\Users\Чистое небо\Desktop\Э.01.00.00
#        Беспилотный
#        мотодельтаплан\Вспомогательное
#        электронное
#        оборудование\firmware\AssistEquipment\EWARM\AssistEquipment\Obj\queue.o"
#        "C:\Users\Чистое небо\Desktop\Э.01.00.00
#        Беспилотный
#        мотодельтаплан\Вспомогательное
#        электронное
#        оборудование\firmware\AssistEquipment\EWARM\AssistEquipment\Obj\startup_stm32f103xb.o"
#        "C:\Users\Чистое небо\Desktop\Э.01.00.00
#        Беспилотный
#        мотодельтаплан\Вспомогательное
#        электронное
#        оборудование\firmware\AssistEquipment\EWARM\AssistEquipment\Obj\stm32f1xx_hal.o"
#        "C:\Users\Чистое небо\Desktop\Э.01.00.00
#        Беспилотный
#        мотодельтаплан\Вспомогательное
#        электронное
#        оборудование\firmware\AssistEquipment\EWARM\AssistEquipment\Obj\stm32f1xx_hal_can.o"
#        "C:\Users\Чистое небо\Desktop\Э.01.00.00
#        Беспилотный
#        мотодельтаплан\Вспомогательное
#        электронное
#        оборудование\firmware\AssistEquipment\EWARM\AssistEquipment\Obj\stm32f1xx_hal_cortex.o"
#        "C:\Users\Чистое небо\Desktop\Э.01.00.00
#        Беспилотный
#        мотодельтаплан\Вспомогательное
#        электронное
#        оборудование\firmware\AssistEquipment\EWARM\AssistEquipment\Obj\stm32f1xx_hal_dma.o"
#        "C:\Users\Чистое небо\Desktop\Э.01.00.00
#        Беспилотный
#        мотодельтаплан\Вспомогательное
#        электронное
#        оборудование\firmware\AssistEquipment\EWARM\AssistEquipment\Obj\stm32f1xx_hal_exti.o"
#        "C:\Users\Чистое небо\Desktop\Э.01.00.00
#        Беспилотный
#        мотодельтаплан\Вспомогательное
#        электронное
#        оборудование\firmware\AssistEquipment\EWARM\AssistEquipment\Obj\stm32f1xx_hal_flash.o"
#        "C:\Users\Чистое небо\Desktop\Э.01.00.00
#        Беспилотный
#        мотодельтаплан\Вспомогательное
#        электронное
#        оборудование\firmware\AssistEquipment\EWARM\AssistEquipment\Obj\stm32f1xx_hal_flash_ex.o"
#        "C:\Users\Чистое небо\Desktop\Э.01.00.00
#        Беспилотный
#        мотодельтаплан\Вспомогательное
#        электронное
#        оборудование\firmware\AssistEquipment\EWARM\AssistEquipment\Obj\stm32f1xx_hal_gpio.o"
#        "C:\Users\Чистое небо\Desktop\Э.01.00.00
#        Беспилотный
#        мотодельтаплан\Вспомогательное
#        электронное
#        оборудование\firmware\AssistEquipment\EWARM\AssistEquipment\Obj\stm32f1xx_hal_gpio_ex.o"
#        "C:\Users\Чистое небо\Desktop\Э.01.00.00
#        Беспилотный
#        мотодельтаплан\Вспомогательное
#        электронное
#        оборудование\firmware\AssistEquipment\EWARM\AssistEquipment\Obj\stm32f1xx_hal_msp.o"
#        "C:\Users\Чистое небо\Desktop\Э.01.00.00
#        Беспилотный
#        мотодельтаплан\Вспомогательное
#        электронное
#        оборудование\firmware\AssistEquipment\EWARM\AssistEquipment\Obj\stm32f1xx_hal_pwr.o"
#        "C:\Users\Чистое небо\Desktop\Э.01.00.00
#        Беспилотный
#        мотодельтаплан\Вспомогательное
#        электронное
#        оборудование\firmware\AssistEquipment\EWARM\AssistEquipment\Obj\stm32f1xx_hal_rcc.o"
#        "C:\Users\Чистое небо\Desktop\Э.01.00.00
#        Беспилотный
#        мотодельтаплан\Вспомогательное
#        электронное
#        оборудование\firmware\AssistEquipment\EWARM\AssistEquipment\Obj\stm32f1xx_hal_rcc_ex.o"
#        "C:\Users\Чистое небо\Desktop\Э.01.00.00
#        Беспилотный
#        мотодельтаплан\Вспомогательное
#        электронное
#        оборудование\firmware\AssistEquipment\EWARM\AssistEquipment\Obj\stm32f1xx_hal_tim.o"
#        "C:\Users\Чистое небо\Desktop\Э.01.00.00
#        Беспилотный
#        мотодельтаплан\Вспомогательное
#        электронное
#        оборудование\firmware\AssistEquipment\EWARM\AssistEquipment\Obj\stm32f1xx_hal_tim_ex.o"
#        "C:\Users\Чистое небо\Desktop\Э.01.00.00
#        Беспилотный
#        мотодельтаплан\Вспомогательное
#        электронное
#        оборудование\firmware\AssistEquipment\EWARM\AssistEquipment\Obj\stm32f1xx_hal_timebase_tim.o"
#        "C:\Users\Чистое небо\Desktop\Э.01.00.00
#        Беспилотный
#        мотодельтаплан\Вспомогательное
#        электронное
#        оборудование\firmware\AssistEquipment\EWARM\AssistEquipment\Obj\stm32f1xx_it.o"
#        "C:\Users\Чистое небо\Desktop\Э.01.00.00
#        Беспилотный
#        мотодельтаплан\Вспомогательное
#        электронное
#        оборудование\firmware\AssistEquipment\EWARM\AssistEquipment\Obj\stream_buffer.o"
#        "C:\Users\Чистое небо\Desktop\Э.01.00.00
#        Беспилотный
#        мотодельтаплан\Вспомогательное
#        электронное
#        оборудование\firmware\AssistEquipment\EWARM\AssistEquipment\Obj\system_stm32f1xx.o"
#        "C:\Users\Чистое небо\Desktop\Э.01.00.00
#        Беспилотный
#        мотодельтаплан\Вспомогательное
#        электронное
#        оборудование\firmware\AssistEquipment\EWARM\AssistEquipment\Obj\tasks.o"
#        "C:\Users\Чистое небо\Desktop\Э.01.00.00
#        Беспилотный
#        мотодельтаплан\Вспомогательное
#        электронное
#        оборудование\firmware\AssistEquipment\EWARM\AssistEquipment\Obj\timers.o"
#        --redirect _Printf=_PrintfFull --redirect _Scanf=_ScanfFull
#        --no_out_extension -o "C:\Users\Чистое
#        небо\Desktop\Э.01.00.00 Беспилотный
#        мотодельтаплан\Вспомогательное
#        электронное
#        оборудование\firmware\AssistEquipment\EWARM\AssistEquipment\Exe\AssistEquipment.out"
#        --map "C:\Users\Чистое небо\Desktop\Э.01.00.00
#        Беспилотный
#        мотодельтаплан\Вспомогательное
#        электронное
#        оборудование\firmware\AssistEquipment\EWARM\AssistEquipment\List\AssistEquipment.map"
#        --config "C:\Users\Чистое небо\Desktop\Э.01.00.00
#        Беспилотный
#        мотодельтаплан\Вспомогательное
#        электронное
#        оборудование\firmware\AssistEquipment\EWARM/stm32f103xb_flash.icf"
#        --semihosting --entry __iar_program_start --vfe --text_out locale)
#
###############################################################################

*******************************************************************************
*** RUNTIME MODEL ATTRIBUTES
***

CppFlavor       = *
__SystemLibrary = DLib
__dlib_version  = 6


*******************************************************************************
*** HEAP SELECTION
***

The basic heap was selected because no calls to memory allocation
functions were found in the application outside of system library
functions, and there are calls to deallocation functions in the
application.


*******************************************************************************
*** PLACEMENT SUMMARY
***

"A0":  place at 0x800'0000 { ro section .intvec };
"P1":  place in [from 0x800'0000 to 0x801'ffff] { ro };
define block CSTACK with size = 1K, alignment = 8 { };
define block HEAP with size = 512, alignment = 8 { };
"P2":  place in [from 0x2000'0000 to 0x2000'4fff] {
          rw, block CSTACK, block HEAP };
initialize by copy { rw };

  Section            Kind         Address    Size  Object
  -------            ----         -------    ----  ------
"A0":                                        0xec
  .intvec            ro code   0x800'0000    0xec  startup_stm32f103xb.o [1]
                             - 0x800'00ec    0xec

"P1":                                      0x2858
  .text              ro code   0x800'00ec   0x790  stm32f1xx_hal_can.o [1]
  .text              ro code   0x800'087c    0xec  stm32f1xx_hal_msp.o [1]
  .text              ro code   0x800'0968     0xc  stm32f1xx_hal.o [1]
  .text              ro code   0x800'0974     0x2  stm32f1xx_hal_can.o [1]
  .text              ro code   0x800'0976     0x2  stm32f1xx_hal_can.o [1]
  .text              ro code   0x800'0978     0x2  stm32f1xx_hal_can.o [1]
  .text              ro code   0x800'097a     0x2  stm32f1xx_hal_can.o [1]
  .text              ro code   0x800'097c     0x2  stm32f1xx_hal_can.o [1]
  .text              ro code   0x800'097e     0x2  stm32f1xx_hal_can.o [1]
  .text              ro code   0x800'0980     0x2  stm32f1xx_hal_can.o [1]
  .text              ro code   0x800'0982    0x3a  zero_init3.o [3]
  .text              ro code   0x800'09bc   0x23a  main.o [1]
  .text              ro code   0x800'0bf6     0x2  stm32f1xx_hal_can.o [1]
  .text              ro code   0x800'0bf8     0x2  stm32f1xx_hal_can.o [1]
  .text              ro code   0x800'0bfa     0x2  stm32f1xx_hal_can.o [1]
  .text              ro code   0x800'0bfc     0x2  stm32f1xx_hal_can.o [1]
  .text              ro code   0x800'0bfe     0x2  stm32f1xx_hal_can.o [1]
  .text              ro code   0x800'0c00    0xe8  stm32f1xx_hal_cortex.o [1]
  .text              ro code   0x800'0ce8     0x6  ABImemclr4.o [3]
  .rodata            const     0x800'0cee     0x2  stm32f1xx_hal_rcc.o [1]
  .text              ro code   0x800'0cf0   0x21c  stm32f1xx_hal_gpio.o [1]
  .text              ro code   0x800'0f0c    0x24  stm32f1xx_hal.o [1]
  .text              ro code   0x800'0f30    0x86  ABImemcpy.o [3]
  .text              ro code   0x800'0fb8    0x94  cmsis_os.o [1]
  .text              ro code   0x800'104c   0x638  stm32f1xx_hal_rcc.o [1]
  .text              ro code   0x800'1684    0x18  stm32f1xx_hal.o [1]
  .text              ro code   0x800'169c    0x32  ABImemset48.o [3]
  .text              ro code   0x800'16d0    0x80  stm32f1xx_hal_timebase_tim.o [1]
  .text              ro code   0x800'1750   0x770  tasks.o [1]
  .text              ro code   0x800'1ec0   0x24a  stm32f1xx_hal_tim.o [1]
  .text              ro code   0x800'210c   0x260  heap_4.o [1]
  .text              ro code   0x800'236c    0x98  list.o [1]
  .text              ro code   0x800'2404   0x1ac  port.o [1]
  .text              ro code   0x800'25b0    0x64  freertos.o [1]
  .text              ro code   0x800'2614     0x2  stm32f1xx_hal_tim.o [1]
  .text              ro code   0x800'2616     0x2  stm32f1xx_hal_tim.o [1]
  .text              ro code   0x800'2618     0x2  stm32f1xx_hal_tim.o [1]
  .text              ro code   0x800'261a     0x2  stm32f1xx_hal_tim_ex.o [1]
  .text              ro code   0x800'261c     0x2  stm32f1xx_hal_tim.o [1]
  .text              ro code   0x800'261e     0x2  stm32f1xx_hal_tim_ex.o [1]
  CODE               ro code   0x800'2620    0x88  portasm.o [1]
  .text              ro code   0x800'26a8    0x58  system_stm32f1xx.o [1]
  .text              ro code   0x800'2700    0x2c  copy_init3.o [3]
  .text              ro code   0x800'272c    0x28  stm32f1xx_it.o [1]
  .text              ro code   0x800'2754    0x28  data_init.o [3]
  .iar.init_table    const     0x800'277c    0x24  - Linker created -
  .text              ro code   0x800'27a0    0x1e  cmain.o [3]
  .text              ro code   0x800'27be     0x4  low_level_init.o [2]
  .text              ro code   0x800'27c2     0x4  exit.o [2]
  .text              ro code   0x800'27c8     0xa  cexit.o [3]
  .text              ro code   0x800'27d4    0x14  exit.o [4]
  .rodata            const     0x800'27e8    0x1c  main.o [1]
  .rodata            const     0x800'2804    0x1c  main.o [1]
  .rodata            const     0x800'2820    0x10  stm32f1xx_hal_rcc.o [1]
  .rodata            const     0x800'2830    0x10  system_stm32f1xx.o [1]
  .text              ro code   0x800'2840    0x10  startup_stm32f103xb.o [1]
  Initializer bytes  const     0x800'2850    0x10  <for P2-1>
  .rodata            const     0x800'2860     0xc  main.o [1]
  .rodata            const     0x800'286c     0xc  main.o [1]
  .text              ro code   0x800'2878     0xc  cstartup_M.o [3]
  .rodata            const     0x800'2884     0x8  freertos.o [1]
  .rodata            const     0x800'288c     0x8  system_stm32f1xx.o [1]
  .rodata            const     0x800'2894     0x8  tasks.o [1]
  .rodata            const     0x800'289c     0x4  heap_4.o [1]
  .text              ro code   0x800'28a0     0x4  startup_stm32f103xb.o [1]
  .text              ro code   0x800'28a4     0x4  startup_stm32f103xb.o [1]
  .text              ro code   0x800'28a8     0x4  startup_stm32f103xb.o [1]
  .text              ro code   0x800'28ac     0x4  startup_stm32f103xb.o [1]
  .text              ro code   0x800'28b0     0x4  startup_stm32f103xb.o [1]
  .text              ro code   0x800'28b4     0x4  startup_stm32f103xb.o [1]
  .text              ro code   0x800'28b8     0x4  startup_stm32f103xb.o [1]
  .text              ro code   0x800'28bc     0x4  startup_stm32f103xb.o [1]
  .text              ro code   0x800'28c0     0x4  startup_stm32f103xb.o [1]
  .text              ro code   0x800'28c4     0x4  startup_stm32f103xb.o [1]
  .text              ro code   0x800'28c8     0x4  startup_stm32f103xb.o [1]
  .text              ro code   0x800'28cc     0x4  startup_stm32f103xb.o [1]
  .text              ro code   0x800'28d0     0x4  startup_stm32f103xb.o [1]
  .text              ro code   0x800'28d4     0x4  startup_stm32f103xb.o [1]
  .text              ro code   0x800'28d8     0x4  startup_stm32f103xb.o [1]
  .text              ro code   0x800'28dc     0x4  startup_stm32f103xb.o [1]
  .text              ro code   0x800'28e0     0x4  startup_stm32f103xb.o [1]
  .text              ro code   0x800'28e4     0x4  startup_stm32f103xb.o [1]
  .text              ro code   0x800'28e8     0x4  startup_stm32f103xb.o [1]
  .text              ro code   0x800'28ec     0x4  startup_stm32f103xb.o [1]
  .text              ro code   0x800'28f0     0x4  startup_stm32f103xb.o [1]
  .text              ro code   0x800'28f4     0x4  startup_stm32f103xb.o [1]
  .text              ro code   0x800'28f8     0x4  startup_stm32f103xb.o [1]
  .text              ro code   0x800'28fc     0x4  startup_stm32f103xb.o [1]
  .text              ro code   0x800'2900     0x4  startup_stm32f103xb.o [1]
  .text              ro code   0x800'2904     0x4  startup_stm32f103xb.o [1]
  .text              ro code   0x800'2908     0x4  startup_stm32f103xb.o [1]
  .text              ro code   0x800'290c     0x4  startup_stm32f103xb.o [1]
  .text              ro code   0x800'2910     0x4  startup_stm32f103xb.o [1]
  .text              ro code   0x800'2914     0x4  startup_stm32f103xb.o [1]
  .text              ro code   0x800'2918     0x4  startup_stm32f103xb.o [1]
  .text              ro code   0x800'291c     0x4  startup_stm32f103xb.o [1]
  .text              ro code   0x800'2920     0x4  startup_stm32f103xb.o [1]
  .text              ro code   0x800'2924     0x4  startup_stm32f103xb.o [1]
  .text              ro code   0x800'2928     0x4  startup_stm32f103xb.o [1]
  .text              ro code   0x800'292c     0x4  startup_stm32f103xb.o [1]
  .text              ro code   0x800'2930     0x4  startup_stm32f103xb.o [1]
  .text              ro code   0x800'2934     0x4  startup_stm32f103xb.o [1]
  .text              ro code   0x800'2938     0x4  startup_stm32f103xb.o [1]
  .text              ro code   0x800'293c     0x4  startup_stm32f103xb.o [1]
  .text              ro code   0x800'2940     0x4  startup_stm32f103xb.o [1]
  .rodata            const     0x800'2944     0x0  zero_init3.o [3]
  .rodata            const     0x800'2944     0x0  copy_init3.o [3]
                             - 0x800'2944  0x2858

"P2", part 1 of 3:                           0x10
  P2-1                        0x2000'0000     0xd  <Init block>
    .data            inited   0x2000'0000     0x4  port.o [1]
    .data            inited   0x2000'0004     0x4  stm32f1xx_hal.o [1]
    .data            inited   0x2000'0008     0x4  system_stm32f1xx.o [1]
    .data            inited   0x2000'000c     0x1  stm32f1xx_hal.o [1]
                            - 0x2000'000d     0xd

"P2", part 2 of 3:                         0x13e4
  .bss               zero     0x2000'0010   0xfd0  heap_4.o [1]
  .bss               zero     0x2000'0fe0   0x200  freertos.o [1]
  .bss               zero     0x2000'11e0    0x8c  tasks.o [1]
  .bss               zero     0x2000'126c    0x54  freertos.o [1]
  .bss               zero     0x2000'12c0    0x40  stm32f1xx_hal_timebase_tim.o [1]
  .bss               zero     0x2000'1300    0x28  main.o [1]
  .bss               zero     0x2000'1328    0x14  tasks.o [1]
  .bss               zero     0x2000'133c    0x14  tasks.o [1]
  .bss               zero     0x2000'1350    0x14  tasks.o [1]
  .bss               zero     0x2000'1364    0x14  tasks.o [1]
  .bss               zero     0x2000'1378    0x14  tasks.o [1]
  .bss               zero     0x2000'138c     0x8  heap_4.o [1]
  .bss               zero     0x2000'1394     0x4  heap_4.o [1]
  .bss               zero     0x2000'1398     0x4  heap_4.o [1]
  .bss               zero     0x2000'139c     0x4  heap_4.o [1]
  .bss               zero     0x2000'13a0     0x4  heap_4.o [1]
  .bss               zero     0x2000'13a4     0x4  main.o [1]
  .bss               zero     0x2000'13a8     0x4  main.o [1]
  .bss               zero     0x2000'13ac     0x4  port.o [1]
  .bss               zero     0x2000'13b0     0x4  stm32f1xx_hal.o [1]
  .bss               zero     0x2000'13b4     0x4  tasks.o [1]
  .bss               zero     0x2000'13b8     0x4  tasks.o [1]
  .bss               zero     0x2000'13bc     0x4  tasks.o [1]
  .bss               zero     0x2000'13c0     0x4  tasks.o [1]
  .bss               zero     0x2000'13c4     0x4  tasks.o [1]
  .bss               zero     0x2000'13c8     0x4  tasks.o [1]
  .bss               zero     0x2000'13cc     0x4  tasks.o [1]
  .bss               zero     0x2000'13d0     0x4  tasks.o [1]
  .bss               zero     0x2000'13d4     0x4  tasks.o [1]
  .bss               zero     0x2000'13d8     0x4  tasks.o [1]
  .bss               zero     0x2000'13dc     0x4  tasks.o [1]
  .bss               zero     0x2000'13e0     0x4  tasks.o [1]
  .bss               zero     0x2000'13e4     0x4  tasks.o [1]
  .bss               zero     0x2000'13e8     0x4  tasks.o [1]
  .bss               zero     0x2000'13ec     0x4  tasks.o [1]
  .bss               zero     0x2000'13f0     0x1  port.o [1]
                            - 0x2000'13f1  0x13e1

"P2", part 3 of 3:                          0x400
  CSTACK                      0x2000'13f8   0x400  <Block>
    CSTACK           uninit   0x2000'13f8   0x400  <Block tail>
                            - 0x2000'17f8   0x400

Unused ranges:

         From           To      Size
         ----           --      ----
   0x800'2944   0x801'ffff  0x1'd6bc
  0x2000'13f4  0x2000'13f7       0x4
  0x2000'17f8  0x2000'4fff    0x3808


*******************************************************************************
*** INIT TABLE
***

          Address      Size
          -------      ----
Zero (__iar_zero_init3)
    1 destination range, total size 0x13e1:
          0x2000'0010  0x13e1

Copy (__iar_copy_init3)
    1 source range, total size 0x10 (123% of destination):
           0x800'2850    0x10
    1 destination range, total size 0xd:
          0x2000'0000     0xd



*******************************************************************************
*** MODULE SUMMARY
***

    Module                        ro code  ro data  rw data
    ------                        -------  -------  -------
command line/config:
    -------------------------------------------------------
    Total:

C:\Users\Чистое небо\Desktop\Э.01.00.00 Беспилотный мотодельтаплан\Вспомогательное электронное оборудование\firmware\AssistEquipment\EWARM\AssistEquipment\Obj: [1]
    cmsis_os.o                        148
    freertos.o                        100        8      596
    heap_4.o                          608        4    4 072
    list.o                            152
    main.o                            570       80       48
    port.o                            428        4        9
    portasm.o                         136
    startup_stm32f103xb.o             416
    stm32f1xx_hal.o                    72        5        9
    stm32f1xx_hal_can.o             1 960
    stm32f1xx_hal_cortex.o            232
    stm32f1xx_hal_gpio.o              540
    stm32f1xx_hal_msp.o               236
    stm32f1xx_hal_rcc.o             1 592       18
    stm32f1xx_hal_tim.o               594
    stm32f1xx_hal_tim_ex.o              4
    stm32f1xx_hal_timebase_tim.o      128                64
    stm32f1xx_it.o                     40
    system_stm32f1xx.o                 88       28        4
    tasks.o                         1 904        8      300
    -------------------------------------------------------
    Total:                          9 948      155    5 102

dl7M_tlf.a: [2]
    exit.o                              4
    low_level_init.o                    4
    -------------------------------------------------------
    Total:                              8

rt7M_tl.a: [3]
    ABImemclr4.o                        6
    ABImemcpy.o                       134
    ABImemset48.o                      50
    cexit.o                            10
    cmain.o                            30
    copy_init3.o                       44
    cstartup_M.o                       12
    data_init.o                        40
    zero_init3.o                       58
    -------------------------------------------------------
    Total:                            384

shb_l.a: [4]
    exit.o                             20
    -------------------------------------------------------
    Total:                             20

    Gaps                               10
    Linker created                              39    1 024
-----------------------------------------------------------
    Grand Total:                   10 370      194    6 126


*******************************************************************************
*** ENTRY LIST
***

Entry                       Address   Size  Type      Object
-----                       -------   ----  ----      ------
.iar.init_table$$Base    0x800'277c          --   Gb  - Linker created -
.iar.init_table$$Limit   0x800'27a0          --   Gb  - Linker created -
?main                    0x800'27a1         Code  Gb  cmain.o [3]
AHBPrescTable            0x800'2830   0x10  Data  Gb  system_stm32f1xx.o [1]
APBPrescTable            0x800'288c    0x8  Data  Gb  system_stm32f1xx.o [1]
BusFault_Handler         0x800'2733    0x2  Code  Gb  stm32f1xx_it.o [1]
CAN_TX_TaskHandle       0x2000'13a8    0x4  Data  Gb  main.o [1]
CSTACK$$Base            0x2000'13f8          --   Gb  - Linker created -
CSTACK$$Limit           0x2000'17f8          --   Gb  - Linker created -
DebugMon_Handler         0x800'2737    0x2  Code  Gb  stm32f1xx_it.o [1]
Error_Handler            0x800'0bf5    0x2  Code  Gb  main.o [1]
HAL_CAN_ActivateNotification
                         0x800'0621   0x2c  Code  Gb  stm32f1xx_hal_can.o [1]
HAL_CAN_AddTxMessage     0x800'03c3  0x10a  Code  Gb  stm32f1xx_hal_can.o [1]
HAL_CAN_ConfigFilter     0x800'0259  0x10e  Code  Gb  stm32f1xx_hal_can.o [1]
HAL_CAN_GetRxMessage     0x800'04cd  0x154  Code  Gb  stm32f1xx_hal_can.o [1]
HAL_CAN_IRQHandler       0x800'064d  0x230  Code  Gb  stm32f1xx_hal_can.o [1]
HAL_CAN_Init             0x800'00ed  0x16c  Code  Gb  stm32f1xx_hal_can.o [1]
HAL_CAN_MspInit          0x800'08c3   0x92  Code  Gb  stm32f1xx_hal_msp.o [1]
HAL_CAN_RxFifo0MsgPendingCallback
                         0x800'0b89   0x2c  Code  Gb  main.o [1]
HAL_CAN_Start            0x800'0367   0x5c  Code  Gb  stm32f1xx_hal_can.o [1]
HAL_GPIO_Init            0x800'0cf1  0x1b0  Code  Gb  stm32f1xx_hal_gpio.o [1]
HAL_GPIO_TogglePin       0x800'0eb5   0x16  Code  Gb  stm32f1xx_hal_gpio.o [1]
HAL_GPIO_WritePin        0x800'0ea1   0x14  Code  Gb  stm32f1xx_hal_gpio.o [1]
HAL_GetTick              0x800'0969    0xc  Code  Wk  stm32f1xx_hal.o [1]
HAL_IncTick              0x800'1685   0x18  Code  Wk  stm32f1xx_hal.o [1]
HAL_Init                 0x800'0f0d   0x20  Code  Gb  stm32f1xx_hal.o [1]
HAL_InitTick             0x800'16d1   0x70  Code  Gb  stm32f1xx_hal_timebase_tim.o [1]
HAL_MspInit              0x800'087d   0x46  Code  Gb  stm32f1xx_hal_msp.o [1]
HAL_NVIC_EnableIRQ       0x800'0ccb    0xa  Code  Gb  stm32f1xx_hal_cortex.o [1]
HAL_NVIC_SetPriority     0x800'0ca9   0x22  Code  Gb  stm32f1xx_hal_cortex.o [1]
HAL_NVIC_SetPriorityGrouping
                         0x800'0ca1    0x8  Code  Gb  stm32f1xx_hal_cortex.o [1]
HAL_RCC_ClockConfig      0x800'141f  0x146  Code  Gb  stm32f1xx_hal_rcc.o [1]
HAL_RCC_GetClockConfig   0x800'15e3   0x34  Code  Gb  stm32f1xx_hal_rcc.o [1]
HAL_RCC_GetHCLKFreq      0x800'15c7    0x6  Code  Gb  stm32f1xx_hal_rcc.o [1]
HAL_RCC_GetPCLK1Freq     0x800'15cd   0x16  Code  Gb  stm32f1xx_hal_rcc.o [1]
HAL_RCC_GetSysClockFreq
                         0x800'1565   0x62  Code  Gb  stm32f1xx_hal_rcc.o [1]
HAL_RCC_OscConfig        0x800'104d  0x3d2  Code  Gb  stm32f1xx_hal_rcc.o [1]
HAL_TIMEx_BreakCallback
                         0x800'261b    0x2  Code  Wk  stm32f1xx_hal_tim_ex.o [1]
HAL_TIMEx_CommutCallback
                         0x800'261f    0x2  Code  Wk  stm32f1xx_hal_tim_ex.o [1]
HAL_TIM_Base_Init        0x800'1ec1   0x38  Code  Gb  stm32f1xx_hal_tim.o [1]
HAL_TIM_Base_Start_IT    0x800'1ef9   0x28  Code  Gb  stm32f1xx_hal_tim.o [1]
HAL_TIM_IRQHandler       0x800'1f21  0x176  Code  Gb  stm32f1xx_hal_tim.o [1]
HAL_TIM_PeriodElapsedCallback
                         0x800'0bbf   0x10  Code  Gb  main.o [1]
HardFault_Handler        0x800'272f    0x2  Code  Gb  stm32f1xx_it.o [1]
MX_CAN_Init              0x800'0a6d   0x9a  Code  Lc  main.o [1]
MX_GPIO_Init             0x800'0b07   0x82  Code  Lc  main.o [1]
MemManage_Handler        0x800'2731    0x2  Code  Gb  stm32f1xx_it.o [1]
NMI_Handler              0x800'272d    0x2  Code  Gb  stm32f1xx_it.o [1]
NVIC_EncodePriority      0x800'0c65   0x3c  Code  Lc  stm32f1xx_hal_cortex.o [1]
PendSV_Handler           0x800'2621         Code  Gb  portasm.o [1]
RCC_Delay                0x800'1617   0x24  Code  Lc  stm32f1xx_hal_rcc.o [1]
Region$$Table$$Base      0x800'277c          --   Gb  - Linker created -
Region$$Table$$Limit     0x800'27a0          --   Gb  - Linker created -
SVC_Handler              0x800'2667         Code  Gb  portasm.o [1]
StartDefaultTask         0x800'0bb5    0xa  Code  Gb  main.o [1]
Start_CAN_TX_Task        0x800'25bf   0x44  Code  Gb  freertos.o [1]
SysTick_Handler          0x800'253d   0x28  Code  Gb  port.o [1]
SystemClock_Config       0x800'0a03   0x6a  Code  Gb  main.o [1]
SystemCoreClock         0x2000'0008    0x4  Data  Gb  system_stm32f1xx.o [1]
SystemInit               0x800'26a9   0x3e  Code  Gb  system_stm32f1xx.o [1]
TIM4_IRQHandler          0x800'2743    0xa  Code  Gb  stm32f1xx_it.o [1]
TIM_Base_SetConfig       0x800'2097   0x64  Code  Gb  stm32f1xx_hal_tim.o [1]
USB_LP_CAN1_RX0_IRQHandler
                         0x800'2739    0xa  Code  Gb  stm32f1xx_it.o [1]
UsageFault_Handler       0x800'2735    0x2  Code  Gb  stm32f1xx_it.o [1]
__NVIC_EnableIRQ         0x800'0c25   0x1c  Code  Lc  stm32f1xx_hal_cortex.o [1]
__NVIC_GetPriorityGrouping
                         0x800'0c1b    0xa  Code  Lc  stm32f1xx_hal_cortex.o [1]
__NVIC_SetPriority       0x800'0c41   0x24  Code  Lc  stm32f1xx_hal_cortex.o [1]
__NVIC_SetPriorityGrouping
                         0x800'0c01   0x1a  Code  Lc  stm32f1xx_hal_cortex.o [1]
__aeabi_memclr4          0x800'0ce9         Code  Gb  ABImemclr4.o [3]
__aeabi_memcpy4          0x800'0f31         Code  Gb  ABImemcpy.o [3]
__aeabi_memcpy8          0x800'0f31         Code  Gb  ABImemcpy.o [3]
__cmain                  0x800'27a1         Code  Gb  cmain.o [3]
__exit                   0x800'27d5   0x14  Code  Gb  exit.o [4]
__iar_Memset4_word       0x800'169d         Code  Gb  ABImemset48.o [3]
__iar_Memset8_word       0x800'169d         Code  Gb  ABImemset48.o [3]
__iar_copy_init3         0x800'2701   0x2c  Code  Gb  copy_init3.o [3]
__iar_data_init3         0x800'2755   0x28  Code  Gb  data_init.o [3]
__iar_program_start      0x800'2879         Code  Gb  cstartup_M.o [3]
__iar_zero_init3         0x800'0983   0x3a  Code  Gb  zero_init3.o [3]
__low_level_init         0x800'27bf    0x4  Code  Gb  low_level_init.o [2]
__vector_table           0x800'0000         Data  Gb  startup_stm32f103xb.o [1]
_call_main               0x800'27ad         Code  Gb  cmain.o [3]
_exit                    0x800'27c9         Code  Gb  cexit.o [3]
_main                    0x800'27bb         Code  Gb  cmain.o [3]
defaultTaskHandle       0x2000'13a4    0x4  Data  Gb  main.o [1]
exit                     0x800'27c3    0x4  Code  Gb  exit.o [2]
hcan                    0x2000'1300   0x28  Data  Gb  main.o [1]
htim4                   0x2000'12c0   0x40  Data  Gb  stm32f1xx_hal_timebase_tim.o [1]
main                     0x800'09bd   0x46  Code  Gb  main.o [1]
makeFreeRtosPriority     0x800'0fb9   0x16  Code  Lc  cmsis_os.o [1]
osDelay                  0x800'1037   0x16  Code  Gb  cmsis_os.o [1]
osKernelStart            0x800'0fcf    0xa  Code  Gb  cmsis_os.o [1]
osThreadCreate           0x800'0fd9   0x5e  Code  Gb  cmsis_os.o [1]
prvAddCurrentTaskToDelayedList
                         0x800'1e29   0x6e  Code  Lc  tasks.o [1]
prvAddNewTaskToReadyList
                         0x800'18f1   0x9a  Code  Lc  tasks.o [1]
prvCheckTasksWaitingTermination
                         0x800'1d45   0x38  Code  Lc  tasks.o [1]
prvDeleteTCB             0x800'1d85   0x42  Code  Lc  tasks.o [1]
prvHeapInit              0x800'2293   0x5e  Code  Lc  heap_4.o [1]
prvIdleTask              0x800'1cc1   0x22  Code  Lc  tasks.o [1]
prvInitialiseNewTask     0x800'1847   0xaa  Code  Lc  tasks.o [1]
prvInitialiseTaskLists   0x800'1cf1   0x50  Code  Lc  tasks.o [1]
prvInsertBlockIntoFreeList
                         0x800'22f1   0x5e  Code  Lc  heap_4.o [1]
prvResetNextTaskUnblockTime
                         0x800'1dc7   0x28  Code  Lc  tasks.o [1]
prvTaskExitError         0x800'2425   0x2a  Code  Lc  port.o [1]
pvPortMalloc             0x800'210d  0x114  Code  Gb  heap_4.o [1]
pxCurrentTCB            0x2000'13b4    0x4  Data  Gb  tasks.o [1]
pxDelayedTaskList       0x2000'13b8    0x4  Data  Lc  tasks.o [1]
pxEnd                   0x2000'1394    0x4  Data  Lc  heap_4.o [1]
pxOverflowDelayedTaskList
                        0x2000'13bc    0x4  Data  Lc  tasks.o [1]
pxPortInitialiseStack    0x800'2405   0x20  Code  Gb  port.o [1]
pxReadyTasksLists       0x2000'11e0   0x8c  Data  Lc  tasks.o [1]
ucHeap                  0x2000'0010  0xfd0  Data  Lc  heap_4.o [1]
ucMaxSysCallPriority    0x2000'13f0    0x1  Data  Lc  port.o [1]
ulMaxPRIGROUPValue      0x2000'13ac    0x4  Data  Lc  port.o [1]
uwTick                  0x2000'13b0    0x4  Data  Gb  stm32f1xx_hal.o [1]
uwTickFreq              0x2000'000c    0x1  Data  Gb  stm32f1xx_hal.o [1]
uwTickPrio              0x2000'0004    0x4  Data  Gb  stm32f1xx_hal.o [1]
uxCriticalNesting       0x2000'0000    0x4  Data  Lc  port.o [1]
uxCurrentNumberOfTasks  0x2000'13c4    0x4  Data  Lc  tasks.o [1]
uxDeletedTasksWaitingCleanUp
                        0x2000'13c0    0x4  Data  Lc  tasks.o [1]
uxListRemove             0x800'23df   0x26  Code  Gb  list.o [1]
uxPendedTicks           0x2000'13d4    0x4  Data  Lc  tasks.o [1]
uxSchedulerSuspended    0x2000'13ec    0x4  Data  Lc  tasks.o [1]
uxTaskNumber            0x2000'13e0    0x4  Data  Lc  tasks.o [1]
uxTopReadyPriority      0x2000'13cc    0x4  Data  Lc  tasks.o [1]
vApplicationGetIdleTaskMemory
                         0x800'25b1    0xe  Code  Gb  freertos.o [1]
vListInitialise          0x800'236d   0x1e  Code  Gb  list.o [1]
vListInitialiseItem      0x800'238b    0x6  Code  Gb  list.o [1]
vListInsert              0x800'23a9   0x36  Code  Gb  list.o [1]
vListInsertEnd           0x800'2391   0x18  Code  Gb  list.o [1]
vPortEnterCritical       0x800'24dd   0x34  Code  Gb  port.o [1]
vPortExitCritical        0x800'2511   0x2c  Code  Gb  port.o [1]
vPortFree                0x800'2221   0x72  Code  Gb  heap_4.o [1]
vPortStartFirstTask      0x800'2687         Code  Gb  portasm.o [1]
vTaskDelay               0x800'198b   0x4c  Code  Gb  tasks.o [1]
vTaskStartScheduler      0x800'19d7   0x8e  Code  Gb  tasks.o [1]
vTaskSuspendAll          0x800'1a65    0xc  Code  Gb  tasks.o [1]
vTaskSwitchContext       0x800'1c4d   0x6c  Code  Gb  tasks.o [1]
xBlockAllocatedBit      0x2000'13a0    0x4  Data  Lc  heap_4.o [1]
xDelayedTaskList1       0x2000'1328   0x14  Data  Lc  tasks.o [1]
xDelayedTaskList2       0x2000'133c   0x14  Data  Lc  tasks.o [1]
xFreeBytesRemaining     0x2000'1398    0x4  Data  Lc  heap_4.o [1]
xHeapStructSize          0x800'289c    0x4  Data  Lc  heap_4.o [1]
xIdleStack              0x2000'0fe0  0x200  Data  Lc  freertos.o [1]
xIdleTaskHandle         0x2000'13e8    0x4  Data  Lc  tasks.o [1]
xIdleTaskTCBBuffer      0x2000'126c   0x54  Data  Lc  freertos.o [1]
xMinimumEverFreeBytesRemaining
                        0x2000'139c    0x4  Data  Lc  heap_4.o [1]
xNextTaskUnblockTime    0x2000'13e4    0x4  Data  Lc  tasks.o [1]
xNumOfOverflows         0x2000'13dc    0x4  Data  Lc  tasks.o [1]
xPendingReadyList       0x2000'1350   0x14  Data  Lc  tasks.o [1]
xPortStartScheduler      0x800'244f   0x8e  Code  Gb  port.o [1]
xSchedulerRunning       0x2000'13d0    0x4  Data  Lc  tasks.o [1]
xStart                  0x2000'138c    0x8  Data  Lc  heap_4.o [1]
xSuspendedTaskList      0x2000'1378   0x14  Data  Lc  tasks.o [1]
xTaskCreate              0x800'17d3   0x74  Code  Gb  tasks.o [1]
xTaskCreateStatic        0x800'1751   0x82  Code  Gb  tasks.o [1]
xTaskIncrementTick       0x800'1b55   0xf8  Code  Gb  tasks.o [1]
xTaskResumeAll           0x800'1a71   0xe4  Code  Gb  tasks.o [1]
xTasksWaitingTermination
                        0x2000'1364   0x14  Data  Lc  tasks.o [1]
xTickCount              0x2000'13c8    0x4  Data  Lc  tasks.o [1]
xYieldPending           0x2000'13d8    0x4  Data  Lc  tasks.o [1]


[1] = C:\Users\Чистое небо\Desktop\Э.01.00.00 Беспилотный мотодельтаплан\Вспомогательное электронное оборудование\firmware\AssistEquipment\EWARM\AssistEquipment\Obj
[2] = dl7M_tlf.a
[3] = rt7M_tl.a
[4] = shb_l.a

  10 370 bytes of readonly  code memory
     194 bytes of readonly  data memory
   6 126 bytes of readwrite data memory

Errors: none
Warnings: none
