###############################################################################
#
# IAR ELF Linker V8.30.1.114/W32 for ARM                  07/Aug/2020  12:04:15
# Copyright 2007-2018 IAR Systems AB.
#
#    Output file  =  
#        C:\Users\Чистое небо\Desktop\Э.01.00.00
#        Беспилотный
#        мотодельтаплан\Вспомогательное
#        электронное
#        оборудование\firmware\AssistEquipment\EWARM\AssistEquipment\Exe\AssistEquipment.out
#    Map file     =  
#        C:\Users\Чистое небо\Desktop\Э.01.00.00
#        Беспилотный
#        мотодельтаплан\Вспомогательное
#        электронное
#        оборудование\firmware\AssistEquipment\EWARM\AssistEquipment\List\AssistEquipment.map
#    Command line =  
#        -f C:\Users\A146~1\AppData\Local\Temp\EW9960.tmp
#        ("C:\Users\Чистое небо\Desktop\Э.01.00.00
#        Беспилотный
#        мотодельтаплан\Вспомогательное
#        электронное
#        оборудование\firmware\AssistEquipment\EWARM\AssistEquipment\Obj\cmsis_os.o"
#        "C:\Users\Чистое небо\Desktop\Э.01.00.00
#        Беспилотный
#        мотодельтаплан\Вспомогательное
#        электронное
#        оборудование\firmware\AssistEquipment\EWARM\AssistEquipment\Obj\croutine.o"
#        "C:\Users\Чистое небо\Desktop\Э.01.00.00
#        Беспилотный
#        мотодельтаплан\Вспомогательное
#        электронное
#        оборудование\firmware\AssistEquipment\EWARM\AssistEquipment\Obj\event_groups.o"
#        "C:\Users\Чистое небо\Desktop\Э.01.00.00
#        Беспилотный
#        мотодельтаплан\Вспомогательное
#        электронное
#        оборудование\firmware\AssistEquipment\EWARM\AssistEquipment\Obj\freertos.o"
#        "C:\Users\Чистое небо\Desktop\Э.01.00.00
#        Беспилотный
#        мотодельтаплан\Вспомогательное
#        электронное
#        оборудование\firmware\AssistEquipment\EWARM\AssistEquipment\Obj\heap_4.o"
#        "C:\Users\Чистое небо\Desktop\Э.01.00.00
#        Беспилотный
#        мотодельтаплан\Вспомогательное
#        электронное
#        оборудование\firmware\AssistEquipment\EWARM\AssistEquipment\Obj\list.o"
#        "C:\Users\Чистое небо\Desktop\Э.01.00.00
#        Беспилотный
#        мотодельтаплан\Вспомогательное
#        электронное
#        оборудование\firmware\AssistEquipment\EWARM\AssistEquipment\Obj\main.o"
#        "C:\Users\Чистое небо\Desktop\Э.01.00.00
#        Беспилотный
#        мотодельтаплан\Вспомогательное
#        электронное
#        оборудование\firmware\AssistEquipment\EWARM\AssistEquipment\Obj\port.o"
#        "C:\Users\Чистое небо\Desktop\Э.01.00.00
#        Беспилотный
#        мотодельтаплан\Вспомогательное
#        электронное
#        оборудование\firmware\AssistEquipment\EWARM\AssistEquipment\Obj\portasm.o"
#        "C:\Users\Чистое небо\Desktop\Э.01.00.00
#        Беспилотный
#        мотодельтаплан\Вспомогательное
#        электронное
#        оборудование\firmware\AssistEquipment\EWARM\AssistEquipment\Obj\queue.o"
#        "C:\Users\Чистое небо\Desktop\Э.01.00.00
#        Беспилотный
#        мотодельтаплан\Вспомогательное
#        электронное
#        оборудование\firmware\AssistEquipment\EWARM\AssistEquipment\Obj\servo.o"
#        "C:\Users\Чистое небо\Desktop\Э.01.00.00
#        Беспилотный
#        мотодельтаплан\Вспомогательное
#        электронное
#        оборудование\firmware\AssistEquipment\EWARM\AssistEquipment\Obj\startup_stm32f103xb.o"
#        "C:\Users\Чистое небо\Desktop\Э.01.00.00
#        Беспилотный
#        мотодельтаплан\Вспомогательное
#        электронное
#        оборудование\firmware\AssistEquipment\EWARM\AssistEquipment\Obj\stm32f1xx_hal.o"
#        "C:\Users\Чистое небо\Desktop\Э.01.00.00
#        Беспилотный
#        мотодельтаплан\Вспомогательное
#        электронное
#        оборудование\firmware\AssistEquipment\EWARM\AssistEquipment\Obj\stm32f1xx_hal_can.o"
#        "C:\Users\Чистое небо\Desktop\Э.01.00.00
#        Беспилотный
#        мотодельтаплан\Вспомогательное
#        электронное
#        оборудование\firmware\AssistEquipment\EWARM\AssistEquipment\Obj\stm32f1xx_hal_cortex.o"
#        "C:\Users\Чистое небо\Desktop\Э.01.00.00
#        Беспилотный
#        мотодельтаплан\Вспомогательное
#        электронное
#        оборудование\firmware\AssistEquipment\EWARM\AssistEquipment\Obj\stm32f1xx_hal_dma.o"
#        "C:\Users\Чистое небо\Desktop\Э.01.00.00
#        Беспилотный
#        мотодельтаплан\Вспомогательное
#        электронное
#        оборудование\firmware\AssistEquipment\EWARM\AssistEquipment\Obj\stm32f1xx_hal_exti.o"
#        "C:\Users\Чистое небо\Desktop\Э.01.00.00
#        Беспилотный
#        мотодельтаплан\Вспомогательное
#        электронное
#        оборудование\firmware\AssistEquipment\EWARM\AssistEquipment\Obj\stm32f1xx_hal_flash.o"
#        "C:\Users\Чистое небо\Desktop\Э.01.00.00
#        Беспилотный
#        мотодельтаплан\Вспомогательное
#        электронное
#        оборудование\firmware\AssistEquipment\EWARM\AssistEquipment\Obj\stm32f1xx_hal_flash_ex.o"
#        "C:\Users\Чистое небо\Desktop\Э.01.00.00
#        Беспилотный
#        мотодельтаплан\Вспомогательное
#        электронное
#        оборудование\firmware\AssistEquipment\EWARM\AssistEquipment\Obj\stm32f1xx_hal_gpio.o"
#        "C:\Users\Чистое небо\Desktop\Э.01.00.00
#        Беспилотный
#        мотодельтаплан\Вспомогательное
#        электронное
#        оборудование\firmware\AssistEquipment\EWARM\AssistEquipment\Obj\stm32f1xx_hal_gpio_ex.o"
#        "C:\Users\Чистое небо\Desktop\Э.01.00.00
#        Беспилотный
#        мотодельтаплан\Вспомогательное
#        электронное
#        оборудование\firmware\AssistEquipment\EWARM\AssistEquipment\Obj\stm32f1xx_hal_msp.o"
#        "C:\Users\Чистое небо\Desktop\Э.01.00.00
#        Беспилотный
#        мотодельтаплан\Вспомогательное
#        электронное
#        оборудование\firmware\AssistEquipment\EWARM\AssistEquipment\Obj\stm32f1xx_hal_pwr.o"
#        "C:\Users\Чистое небо\Desktop\Э.01.00.00
#        Беспилотный
#        мотодельтаплан\Вспомогательное
#        электронное
#        оборудование\firmware\AssistEquipment\EWARM\AssistEquipment\Obj\stm32f1xx_hal_rcc.o"
#        "C:\Users\Чистое небо\Desktop\Э.01.00.00
#        Беспилотный
#        мотодельтаплан\Вспомогательное
#        электронное
#        оборудование\firmware\AssistEquipment\EWARM\AssistEquipment\Obj\stm32f1xx_hal_rcc_ex.o"
#        "C:\Users\Чистое небо\Desktop\Э.01.00.00
#        Беспилотный
#        мотодельтаплан\Вспомогательное
#        электронное
#        оборудование\firmware\AssistEquipment\EWARM\AssistEquipment\Obj\stm32f1xx_hal_tim.o"
#        "C:\Users\Чистое небо\Desktop\Э.01.00.00
#        Беспилотный
#        мотодельтаплан\Вспомогательное
#        электронное
#        оборудование\firmware\AssistEquipment\EWARM\AssistEquipment\Obj\stm32f1xx_hal_tim_ex.o"
#        "C:\Users\Чистое небо\Desktop\Э.01.00.00
#        Беспилотный
#        мотодельтаплан\Вспомогательное
#        электронное
#        оборудование\firmware\AssistEquipment\EWARM\AssistEquipment\Obj\stm32f1xx_hal_timebase_tim.o"
#        "C:\Users\Чистое небо\Desktop\Э.01.00.00
#        Беспилотный
#        мотодельтаплан\Вспомогательное
#        электронное
#        оборудование\firmware\AssistEquipment\EWARM\AssistEquipment\Obj\stm32f1xx_it.o"
#        "C:\Users\Чистое небо\Desktop\Э.01.00.00
#        Беспилотный
#        мотодельтаплан\Вспомогательное
#        электронное
#        оборудование\firmware\AssistEquipment\EWARM\AssistEquipment\Obj\stream_buffer.o"
#        "C:\Users\Чистое небо\Desktop\Э.01.00.00
#        Беспилотный
#        мотодельтаплан\Вспомогательное
#        электронное
#        оборудование\firmware\AssistEquipment\EWARM\AssistEquipment\Obj\system_stm32f1xx.o"
#        "C:\Users\Чистое небо\Desktop\Э.01.00.00
#        Беспилотный
#        мотодельтаплан\Вспомогательное
#        электронное
#        оборудование\firmware\AssistEquipment\EWARM\AssistEquipment\Obj\tasks.o"
#        "C:\Users\Чистое небо\Desktop\Э.01.00.00
#        Беспилотный
#        мотодельтаплан\Вспомогательное
#        электронное
#        оборудование\firmware\AssistEquipment\EWARM\AssistEquipment\Obj\timers.o"
#        --redirect _Printf=_PrintfFull --redirect _Scanf=_ScanfFull
#        --no_out_extension -o "C:\Users\Чистое
#        небо\Desktop\Э.01.00.00 Беспилотный
#        мотодельтаплан\Вспомогательное
#        электронное
#        оборудование\firmware\AssistEquipment\EWARM\AssistEquipment\Exe\AssistEquipment.out"
#        --map "C:\Users\Чистое небо\Desktop\Э.01.00.00
#        Беспилотный
#        мотодельтаплан\Вспомогательное
#        электронное
#        оборудование\firmware\AssistEquipment\EWARM\AssistEquipment\List\AssistEquipment.map"
#        --config "C:\Users\Чистое небо\Desktop\Э.01.00.00
#        Беспилотный
#        мотодельтаплан\Вспомогательное
#        электронное
#        оборудование\firmware\AssistEquipment\EWARM/stm32f103xb_flash.icf"
#        --semihosting --entry __iar_program_start --vfe --text_out locale)
#
###############################################################################

*******************************************************************************
*** RUNTIME MODEL ATTRIBUTES
***

CppFlavor       = *
__SystemLibrary = DLib
__dlib_version  = 6


*******************************************************************************
*** HEAP SELECTION
***

The basic heap was selected because no calls to memory allocation
functions were found in the application outside of system library
functions, and there are calls to deallocation functions in the
application.


*******************************************************************************
*** PLACEMENT SUMMARY
***

"A0":  place at 0x800'0000 { ro section .intvec };
"P1":  place in [from 0x800'0000 to 0x801'ffff] { ro };
define block CSTACK with size = 1K, alignment = 8 { };
define block HEAP with size = 512, alignment = 8 { };
"P2":  place in [from 0x2000'0000 to 0x2000'4fff] {
          rw, block CSTACK, block HEAP };
initialize by copy { rw };

  Section            Kind         Address    Size  Object
  -------            ----         -------    ----  ------
"A0":                                        0xec
  .intvec            ro code   0x800'0000    0xec  startup_stm32f103xb.o [1]
                             - 0x800'00ec    0xec

"P1":                                      0x30f0
  .text              ro code   0x800'00ec   0x790  stm32f1xx_hal_can.o [1]
  .text              ro code   0x800'087c   0x184  stm32f1xx_hal_msp.o [1]
  .text              ro code   0x800'0a00     0xc  stm32f1xx_hal.o [1]
  .text              ro code   0x800'0a0c     0x2  stm32f1xx_hal_can.o [1]
  .text              ro code   0x800'0a0e     0x2  stm32f1xx_hal_can.o [1]
  .text              ro code   0x800'0a10     0x2  stm32f1xx_hal_can.o [1]
  .text              ro code   0x800'0a12     0x2  stm32f1xx_hal_can.o [1]
  .text              ro code   0x800'0a14     0x2  stm32f1xx_hal_can.o [1]
  .text              ro code   0x800'0a16     0x2  stm32f1xx_hal_can.o [1]
  .text              ro code   0x800'0a18     0x2  stm32f1xx_hal_can.o [1]
  .text              ro code   0x800'0a1a    0x3a  zero_init3.o [3]
  .text              ro code   0x800'0a54   0x10c  freertos.o [1]
  .text              ro code   0x800'0b60     0x2  stm32f1xx_hal_can.o [1]
  .text              ro code   0x800'0b62     0x2  stm32f1xx_hal_can.o [1]
  .text              ro code   0x800'0b64     0x2  stm32f1xx_hal_can.o [1]
  .text              ro code   0x800'0b66     0x2  stm32f1xx_hal_can.o [1]
  .text              ro code   0x800'0b68     0x2  stm32f1xx_hal_can.o [1]
  .rodata            const     0x800'0b6a     0x2  stm32f1xx_hal_rcc.o [1]
  .text              ro code   0x800'0b6c    0xe8  stm32f1xx_hal_cortex.o [1]
  .text              ro code   0x800'0c54     0x6  ABImemclr4.o [3]
  .text              ro code   0x800'0c5c   0x21c  stm32f1xx_hal_gpio.o [1]
  .text              ro code   0x800'0e78   0x3d4  main.o [1]
  .text              ro code   0x800'124c   0x1ac  port.o [1]
  .text              ro code   0x800'13f8   0x770  tasks.o [1]
  .text              ro code   0x800'1b68    0x88  servo.o [1]
  .text              ro code   0x800'1bf0    0x32  ABImemset48.o [3]
  .text              ro code   0x800'1c24    0x24  stm32f1xx_hal.o [1]
  .text              ro code   0x800'1c48    0x86  ABImemcpy.o [3]
  .text              ro code   0x800'1cd0    0x7e  cmsis_os.o [1]
  .text              ro code   0x800'1d50   0x638  stm32f1xx_hal_rcc.o [1]
  .text              ro code   0x800'2388   0x706  stm32f1xx_hal_tim.o [1]
  .text              ro code   0x800'2a90    0x4c  stm32f1xx_hal_tim_ex.o [1]
  .text              ro code   0x800'2adc    0x18  stm32f1xx_hal.o [1]
  .text              ro code   0x800'2af4    0x28  stm32f1xx_hal.o [1]
  CODE               ro code   0x800'2b1c    0x88  portasm.o [1]
  .text              ro code   0x800'2ba4   0x260  heap_4.o [1]
  .text              ro code   0x800'2e04    0x98  list.o [1]
  .text              ro code   0x800'2e9c    0x80  stm32f1xx_hal_timebase_tim.o [1]
  .text              ro code   0x800'2f1c     0x2  stm32f1xx_hal_tim.o [1]
  .text              ro code   0x800'2f1e     0x2  stm32f1xx_hal_tim.o [1]
  .text              ro code   0x800'2f20     0x2  stm32f1xx_hal_tim.o [1]
  .text              ro code   0x800'2f22     0x2  stm32f1xx_hal_tim.o [1]
  .text              ro code   0x800'2f24     0x2  stm32f1xx_hal_tim_ex.o [1]
  .text              ro code   0x800'2f26     0x2  stm32f1xx_hal_tim.o [1]
  .text              ro code   0x800'2f28     0x2  stm32f1xx_hal_tim_ex.o [1]
  .text              ro code   0x800'2f2c    0x58  system_stm32f1xx.o [1]
  .text              ro code   0x800'2f84    0x38  stm32f1xx_it.o [1]
  .text              ro code   0x800'2fbc    0x2c  copy_init3.o [3]
  .text              ro code   0x800'2fe8    0x28  data_init.o [3]
  .iar.init_table    const     0x800'3010    0x24  - Linker created -
  .text              ro code   0x800'3034    0x1e  cmain.o [3]
  .text              ro code   0x800'3052     0x4  low_level_init.o [2]
  .text              ro code   0x800'3056     0x4  exit.o [2]
  .text              ro code   0x800'305c     0xa  cexit.o [3]
  .text              ro code   0x800'3068    0x14  exit.o [4]
  .rodata            const     0x800'307c    0x1c  main.o [1]
  .rodata            const     0x800'3098    0x1c  main.o [1]
  .rodata            const     0x800'30b4    0x10  stm32f1xx_hal_rcc.o [1]
  .rodata            const     0x800'30c4    0x10  system_stm32f1xx.o [1]
  .text              ro code   0x800'30d4    0x10  startup_stm32f103xb.o [1]
  Initializer bytes  const     0x800'30e4    0x10  <for P2-1>
  .rodata            const     0x800'30f4     0xc  main.o [1]
  .rodata            const     0x800'3100     0xc  main.o [1]
  .text              ro code   0x800'310c     0xc  cstartup_M.o [3]
  .rodata            const     0x800'3118     0x8  main.o [1]
  .rodata            const     0x800'3120     0x8  main.o [1]
  .rodata            const     0x800'3128     0x8  system_stm32f1xx.o [1]
  .rodata            const     0x800'3130     0x8  tasks.o [1]
  .rodata            const     0x800'3138     0x4  heap_4.o [1]
  .text              ro code   0x800'313c     0x4  startup_stm32f103xb.o [1]
  .text              ro code   0x800'3140     0x4  startup_stm32f103xb.o [1]
  .text              ro code   0x800'3144     0x4  startup_stm32f103xb.o [1]
  .text              ro code   0x800'3148     0x4  startup_stm32f103xb.o [1]
  .text              ro code   0x800'314c     0x4  startup_stm32f103xb.o [1]
  .text              ro code   0x800'3150     0x4  startup_stm32f103xb.o [1]
  .text              ro code   0x800'3154     0x4  startup_stm32f103xb.o [1]
  .text              ro code   0x800'3158     0x4  startup_stm32f103xb.o [1]
  .text              ro code   0x800'315c     0x4  startup_stm32f103xb.o [1]
  .text              ro code   0x800'3160     0x4  startup_stm32f103xb.o [1]
  .text              ro code   0x800'3164     0x4  startup_stm32f103xb.o [1]
  .text              ro code   0x800'3168     0x4  startup_stm32f103xb.o [1]
  .text              ro code   0x800'316c     0x4  startup_stm32f103xb.o [1]
  .text              ro code   0x800'3170     0x4  startup_stm32f103xb.o [1]
  .text              ro code   0x800'3174     0x4  startup_stm32f103xb.o [1]
  .text              ro code   0x800'3178     0x4  startup_stm32f103xb.o [1]
  .text              ro code   0x800'317c     0x4  startup_stm32f103xb.o [1]
  .text              ro code   0x800'3180     0x4  startup_stm32f103xb.o [1]
  .text              ro code   0x800'3184     0x4  startup_stm32f103xb.o [1]
  .text              ro code   0x800'3188     0x4  startup_stm32f103xb.o [1]
  .text              ro code   0x800'318c     0x4  startup_stm32f103xb.o [1]
  .text              ro code   0x800'3190     0x4  startup_stm32f103xb.o [1]
  .text              ro code   0x800'3194     0x4  startup_stm32f103xb.o [1]
  .text              ro code   0x800'3198     0x4  startup_stm32f103xb.o [1]
  .text              ro code   0x800'319c     0x4  startup_stm32f103xb.o [1]
  .text              ro code   0x800'31a0     0x4  startup_stm32f103xb.o [1]
  .text              ro code   0x800'31a4     0x4  startup_stm32f103xb.o [1]
  .text              ro code   0x800'31a8     0x4  startup_stm32f103xb.o [1]
  .text              ro code   0x800'31ac     0x4  startup_stm32f103xb.o [1]
  .text              ro code   0x800'31b0     0x4  startup_stm32f103xb.o [1]
  .text              ro code   0x800'31b4     0x4  startup_stm32f103xb.o [1]
  .text              ro code   0x800'31b8     0x4  startup_stm32f103xb.o [1]
  .text              ro code   0x800'31bc     0x4  startup_stm32f103xb.o [1]
  .text              ro code   0x800'31c0     0x4  startup_stm32f103xb.o [1]
  .text              ro code   0x800'31c4     0x4  startup_stm32f103xb.o [1]
  .text              ro code   0x800'31c8     0x4  startup_stm32f103xb.o [1]
  .text              ro code   0x800'31cc     0x4  startup_stm32f103xb.o [1]
  .text              ro code   0x800'31d0     0x4  startup_stm32f103xb.o [1]
  .text              ro code   0x800'31d4     0x4  startup_stm32f103xb.o [1]
  .text              ro code   0x800'31d8     0x4  startup_stm32f103xb.o [1]
  .rodata            const     0x800'31dc     0x0  zero_init3.o [3]
  .rodata            const     0x800'31dc     0x0  copy_init3.o [3]
                             - 0x800'31dc  0x30f0

"P2", part 1 of 3:                           0x10
  P2-1                        0x2000'0000     0xd  <Init block>
    .data            inited   0x2000'0000     0x4  port.o [1]
    .data            inited   0x2000'0004     0x4  stm32f1xx_hal.o [1]
    .data            inited   0x2000'0008     0x4  system_stm32f1xx.o [1]
    .data            inited   0x2000'000c     0x1  stm32f1xx_hal.o [1]
                            - 0x2000'000d     0xd

"P2", part 2 of 3:                         0x1470
  .bss               zero     0x2000'0010   0xfd0  heap_4.o [1]
  .bss               zero     0x2000'0fe0   0x200  freertos.o [1]
  .bss               zero     0x2000'11e0    0x8c  tasks.o [1]
  .bss               zero     0x2000'126c    0x54  freertos.o [1]
  .bss               zero     0x2000'12c0    0x40  main.o [1]
  .bss               zero     0x2000'1300    0x40  main.o [1]
  .bss               zero     0x2000'1340    0x40  stm32f1xx_hal_timebase_tim.o [1]
  .bss               zero     0x2000'1380    0x28  main.o [1]
  .bss               zero     0x2000'13a8    0x14  tasks.o [1]
  .bss               zero     0x2000'13bc    0x14  tasks.o [1]
  .bss               zero     0x2000'13d0    0x14  tasks.o [1]
  .bss               zero     0x2000'13e4    0x14  tasks.o [1]
  .bss               zero     0x2000'13f8    0x14  tasks.o [1]
  .bss               zero     0x2000'140c     0xc  freertos.o [1]
  .bss               zero     0x2000'1418     0x8  heap_4.o [1]
  .bss               zero     0x2000'1420     0x4  heap_4.o [1]
  .bss               zero     0x2000'1424     0x4  heap_4.o [1]
  .bss               zero     0x2000'1428     0x4  heap_4.o [1]
  .bss               zero     0x2000'142c     0x4  heap_4.o [1]
  .bss               zero     0x2000'1430     0x4  main.o [1]
  .bss               zero     0x2000'1434     0x4  main.o [1]
  .bss               zero     0x2000'1438     0x4  port.o [1]
  .bss               zero     0x2000'143c     0x4  stm32f1xx_hal.o [1]
  .bss               zero     0x2000'1440     0x4  tasks.o [1]
  .bss               zero     0x2000'1444     0x4  tasks.o [1]
  .bss               zero     0x2000'1448     0x4  tasks.o [1]
  .bss               zero     0x2000'144c     0x4  tasks.o [1]
  .bss               zero     0x2000'1450     0x4  tasks.o [1]
  .bss               zero     0x2000'1454     0x4  tasks.o [1]
  .bss               zero     0x2000'1458     0x4  tasks.o [1]
  .bss               zero     0x2000'145c     0x4  tasks.o [1]
  .bss               zero     0x2000'1460     0x4  tasks.o [1]
  .bss               zero     0x2000'1464     0x4  tasks.o [1]
  .bss               zero     0x2000'1468     0x4  tasks.o [1]
  .bss               zero     0x2000'146c     0x4  tasks.o [1]
  .bss               zero     0x2000'1470     0x4  tasks.o [1]
  .bss               zero     0x2000'1474     0x4  tasks.o [1]
  .bss               zero     0x2000'1478     0x4  tasks.o [1]
  .bss               zero     0x2000'147c     0x1  freertos.o [1]
  .bss               zero     0x2000'147d     0x1  freertos.o [1]
  .bss               zero     0x2000'147e     0x1  main.o [1]
  .bss               zero     0x2000'147f     0x1  port.o [1]
                            - 0x2000'1480  0x1470

"P2", part 3 of 3:                          0x400
  CSTACK                      0x2000'1480   0x400  <Block>
    CSTACK           uninit   0x2000'1480   0x400  <Block tail>
                            - 0x2000'1880   0x400

Unused ranges:

         From           To      Size
         ----           --      ----
   0x800'31dc   0x801'ffff  0x1'ce24
  0x2000'1880  0x2000'4fff    0x3780


*******************************************************************************
*** INIT TABLE
***

          Address      Size
          -------      ----
Zero (__iar_zero_init3)
    1 destination range, total size 0x1470:
          0x2000'0010  0x1470

Copy (__iar_copy_init3)
    1 source range, total size 0x10 (123% of destination):
           0x800'30e4    0x10
    1 destination range, total size 0xd:
          0x2000'0000     0xd



*******************************************************************************
*** MODULE SUMMARY
***

    Module                        ro code  ro data  rw data
    ------                        -------  -------  -------
command line/config:
    -------------------------------------------------------
    Total:

C:\Users\Чистое небо\Desktop\Э.01.00.00 Беспилотный мотодельтаплан\Вспомогательное электронное оборудование\firmware\AssistEquipment\EWARM\AssistEquipment\Obj: [1]
    cmsis_os.o                        126
    freertos.o                        268               610
    heap_4.o                          608        4    4 072
    list.o                            152
    main.o                            980       96      177
    port.o                            428        4        9
    portasm.o                         136
    servo.o                           136
    startup_stm32f103xb.o             412
    stm32f1xx_hal.o                   112        5        9
    stm32f1xx_hal_can.o             1 960
    stm32f1xx_hal_cortex.o            232
    stm32f1xx_hal_gpio.o              540
    stm32f1xx_hal_msp.o               388
    stm32f1xx_hal_rcc.o             1 592       18
    stm32f1xx_hal_tim.o             1 808
    stm32f1xx_hal_tim_ex.o             80
    stm32f1xx_hal_timebase_tim.o      128                64
    stm32f1xx_it.o                     56
    system_stm32f1xx.o                 88       28        4
    tasks.o                         1 904        8      300
    -------------------------------------------------------
    Total:                         12 134      163    5 245

dl7M_tlf.a: [2]
    exit.o                              4
    low_level_init.o                    4
    -------------------------------------------------------
    Total:                              8

rt7M_tl.a: [3]
    ABImemclr4.o                        6
    ABImemcpy.o                       134
    ABImemset48.o                      50
    cexit.o                            10
    cmain.o                            30
    copy_init3.o                       44
    cstartup_M.o                       12
    data_init.o                        40
    zero_init3.o                       58
    -------------------------------------------------------
    Total:                            384

shb_l.a: [4]
    exit.o                             20
    -------------------------------------------------------
    Total:                             20

    Gaps                               16
    Linker created                              39    1 024
-----------------------------------------------------------
    Grand Total:                   12 562      202    6 269


*******************************************************************************
*** ENTRY LIST
***

Entry                       Address   Size  Type      Object
-----                       -------   ----  ----      ------
.iar.init_table$$Base    0x800'3010          --   Gb  - Linker created -
.iar.init_table$$Limit   0x800'3034          --   Gb  - Linker created -
?main                    0x800'3035         Code  Gb  cmain.o [3]
AHBPrescTable            0x800'30c4   0x10  Data  Gb  system_stm32f1xx.o [1]
APBPrescTable            0x800'3128    0x8  Data  Gb  system_stm32f1xx.o [1]
BusFault_Handler         0x800'2f8b    0x2  Code  Gb  stm32f1xx_it.o [1]
CAN_TX_TaskHandle       0x2000'1434    0x4  Data  Gb  main.o [1]
CSTACK$$Base            0x2000'1480          --   Gb  - Linker created -
CSTACK$$Limit           0x2000'1880          --   Gb  - Linker created -
DebugMon_Handler         0x800'2f8f    0x2  Code  Gb  stm32f1xx_it.o [1]
Error_Handler            0x800'119f   0x72  Code  Gb  main.o [1]
FuelCapacity            0x2000'147d    0x1  Data  Gb  freertos.o [1]
HAL_CAN_ActivateNotification
                         0x800'0621   0x2c  Code  Gb  stm32f1xx_hal_can.o [1]
HAL_CAN_AddTxMessage     0x800'03c3  0x10a  Code  Gb  stm32f1xx_hal_can.o [1]
HAL_CAN_ConfigFilter     0x800'0259  0x10e  Code  Gb  stm32f1xx_hal_can.o [1]
HAL_CAN_GetRxMessage     0x800'04cd  0x154  Code  Gb  stm32f1xx_hal_can.o [1]
HAL_CAN_IRQHandler       0x800'064d  0x230  Code  Gb  stm32f1xx_hal_can.o [1]
HAL_CAN_Init             0x800'00ed  0x16c  Code  Gb  stm32f1xx_hal_can.o [1]
HAL_CAN_MspInit          0x800'08c3   0x92  Code  Gb  stm32f1xx_hal_msp.o [1]
HAL_CAN_RxFifo0MsgPendingCallback
                         0x800'0a63   0x38  Code  Gb  freertos.o [1]
HAL_CAN_Start            0x800'0367   0x5c  Code  Gb  stm32f1xx_hal_can.o [1]
HAL_Delay                0x800'2af5   0x28  Code  Wk  stm32f1xx_hal.o [1]
HAL_GPIO_Init            0x800'0c5d  0x1b0  Code  Gb  stm32f1xx_hal_gpio.o [1]
HAL_GPIO_TogglePin       0x800'0e21   0x16  Code  Gb  stm32f1xx_hal_gpio.o [1]
HAL_GPIO_WritePin        0x800'0e0d   0x14  Code  Gb  stm32f1xx_hal_gpio.o [1]
HAL_GetTick              0x800'0a01    0xc  Code  Wk  stm32f1xx_hal.o [1]
HAL_IncTick              0x800'2add   0x18  Code  Wk  stm32f1xx_hal.o [1]
HAL_Init                 0x800'1c25   0x20  Code  Gb  stm32f1xx_hal.o [1]
HAL_InitTick             0x800'2e9d   0x70  Code  Gb  stm32f1xx_hal_timebase_tim.o [1]
HAL_MspInit              0x800'087d   0x46  Code  Gb  stm32f1xx_hal_msp.o [1]
HAL_NVIC_EnableIRQ       0x800'0c37    0xa  Code  Gb  stm32f1xx_hal_cortex.o [1]
HAL_NVIC_SetPriority     0x800'0c15   0x22  Code  Gb  stm32f1xx_hal_cortex.o [1]
HAL_NVIC_SetPriorityGrouping
                         0x800'0c0d    0x8  Code  Gb  stm32f1xx_hal_cortex.o [1]
HAL_RCC_ClockConfig      0x800'2123  0x146  Code  Gb  stm32f1xx_hal_rcc.o [1]
HAL_RCC_GetClockConfig   0x800'22e7   0x34  Code  Gb  stm32f1xx_hal_rcc.o [1]
HAL_RCC_GetHCLKFreq      0x800'22cb    0x6  Code  Gb  stm32f1xx_hal_rcc.o [1]
HAL_RCC_GetPCLK1Freq     0x800'22d1   0x16  Code  Gb  stm32f1xx_hal_rcc.o [1]
HAL_RCC_GetSysClockFreq
                         0x800'2269   0x62  Code  Gb  stm32f1xx_hal_rcc.o [1]
HAL_RCC_OscConfig        0x800'1d51  0x3d2  Code  Gb  stm32f1xx_hal_rcc.o [1]
HAL_TIMEx_BreakCallback
                         0x800'2f25    0x2  Code  Wk  stm32f1xx_hal_tim_ex.o [1]
HAL_TIMEx_CommutCallback
                         0x800'2f29    0x2  Code  Wk  stm32f1xx_hal_tim_ex.o [1]
HAL_TIMEx_MasterConfigSynchronization
                         0x800'2a91   0x4c  Code  Gb  stm32f1xx_hal_tim_ex.o [1]
HAL_TIM_Base_Init        0x800'2389   0x38  Code  Gb  stm32f1xx_hal_tim.o [1]
HAL_TIM_Base_MspInit     0x800'0955   0x4e  Code  Gb  stm32f1xx_hal_msp.o [1]
HAL_TIM_Base_Start_IT    0x800'23c1   0x28  Code  Gb  stm32f1xx_hal_tim.o [1]
HAL_TIM_ConfigClockSource
                         0x800'273f   0xe8  Code  Gb  stm32f1xx_hal_tim.o [1]
HAL_TIM_IRQHandler       0x800'24cd  0x176  Code  Gb  stm32f1xx_hal_tim.o [1]
HAL_TIM_MspPostInit      0x800'09a3   0x42  Code  Gb  stm32f1xx_hal_msp.o [1]
HAL_TIM_PWM_ConfigChannel
                         0x800'2643   0xfc  Code  Gb  stm32f1xx_hal_tim.o [1]
HAL_TIM_PWM_Init         0x800'23e9   0x38  Code  Gb  stm32f1xx_hal_tim.o [1]
HAL_TIM_PWM_Start        0x800'2421   0x3e  Code  Gb  stm32f1xx_hal_tim.o [1]
HAL_TIM_PWM_Stop         0x800'245f   0x68  Code  Gb  stm32f1xx_hal_tim.o [1]
HAL_TIM_PeriodElapsedCallback
                         0x800'117f   0x20  Code  Gb  main.o [1]
HardFault_Handler        0x800'2f87    0x2  Code  Gb  stm32f1xx_it.o [1]
MX_CAN_Init              0x800'0f31   0x98  Code  Lc  main.o [1]
MX_GPIO_Init             0x800'10fd   0x82  Code  Lc  main.o [1]
MX_TIM2_Init             0x800'0fc9   0xb2  Code  Lc  main.o [1]
MX_TIM3_Init             0x800'107b   0x82  Code  Lc  main.o [1]
MemManage_Handler        0x800'2f89    0x2  Code  Gb  stm32f1xx_it.o [1]
NMI_Handler              0x800'2f85    0x2  Code  Gb  stm32f1xx_it.o [1]
NVIC_EncodePriority      0x800'0bd1   0x3c  Code  Lc  stm32f1xx_hal_cortex.o [1]
PendSV_Handler           0x800'2b1d         Code  Gb  portasm.o [1]
RCC_Delay                0x800'231b   0x24  Code  Lc  stm32f1xx_hal_rcc.o [1]
RPM                     0x2000'147c    0x1  Data  Gb  freertos.o [1]
Region$$Table$$Base      0x800'3010          --   Gb  - Linker created -
Region$$Table$$Limit     0x800'3034          --   Gb  - Linker created -
SVC_Handler              0x800'2b63         Code  Gb  portasm.o [1]
ServoAccel              0x2000'140c    0xc  Data  Gb  freertos.o [1]
ServoSetAngle            0x800'1b85   0x6c  Code  Gb  servo.o [1]
ServoStart               0x800'1b77    0xe  Code  Gb  servo.o [1]
ServoStop                0x800'1b69    0xe  Code  Gb  servo.o [1]
SignalStatus            0x2000'147e    0x1  Data  Gb  main.o [1]
StartDefaultTask         0x800'0b07   0x30  Code  Gb  freertos.o [1]
Start_CAN_TX_Task        0x800'0a9b   0x6c  Code  Gb  freertos.o [1]
SysTick_Handler          0x800'1385   0x28  Code  Gb  port.o [1]
SystemClock_Config       0x800'0ec7   0x6a  Code  Gb  main.o [1]
SystemCoreClock         0x2000'0008    0x4  Data  Gb  system_stm32f1xx.o [1]
SystemInit               0x800'2f2d   0x3e  Code  Gb  system_stm32f1xx.o [1]
TIM3_IRQHandler          0x800'2f9b    0xa  Code  Gb  stm32f1xx_it.o [1]
TIM4_IRQHandler          0x800'2fa5    0xa  Code  Gb  stm32f1xx_it.o [1]
TIM_Base_SetConfig       0x800'2827   0x64  Code  Gb  stm32f1xx_hal_tim.o [1]
TIM_CCxChannelCmd        0x800'2a69   0x26  Code  Gb  stm32f1xx_hal_tim.o [1]
TIM_ETR_SetConfig        0x800'2a53   0x16  Code  Gb  stm32f1xx_hal_tim.o [1]
TIM_ITRx_SetConfig       0x800'2a43   0x10  Code  Lc  stm32f1xx_hal_tim.o [1]
TIM_OC1_SetConfig        0x800'288b   0x58  Code  Lc  stm32f1xx_hal_tim.o [1]
TIM_OC2_SetConfig        0x800'28e3   0x62  Code  Gb  stm32f1xx_hal_tim.o [1]
TIM_OC3_SetConfig        0x800'2945   0x60  Code  Lc  stm32f1xx_hal_tim.o [1]
TIM_OC4_SetConfig        0x800'29a5   0x46  Code  Lc  stm32f1xx_hal_tim.o [1]
TIM_TI1_ConfigInputStage
                         0x800'29f9   0x24  Code  Lc  stm32f1xx_hal_tim.o [1]
TIM_TI2_ConfigInputStage
                         0x800'2a1d   0x26  Code  Lc  stm32f1xx_hal_tim.o [1]
USB_LP_CAN1_RX0_IRQHandler
                         0x800'2f91    0xa  Code  Gb  stm32f1xx_it.o [1]
UsageFault_Handler       0x800'2f8d    0x2  Code  Gb  stm32f1xx_it.o [1]
__NVIC_EnableIRQ         0x800'0b91   0x1c  Code  Lc  stm32f1xx_hal_cortex.o [1]
__NVIC_GetPriorityGrouping
                         0x800'0b87    0xa  Code  Lc  stm32f1xx_hal_cortex.o [1]
__NVIC_SetPriority       0x800'0bad   0x24  Code  Lc  stm32f1xx_hal_cortex.o [1]
__NVIC_SetPriorityGrouping
                         0x800'0b6d   0x1a  Code  Lc  stm32f1xx_hal_cortex.o [1]
__aeabi_memclr4          0x800'0c55         Code  Gb  ABImemclr4.o [3]
__aeabi_memcpy4          0x800'1c49         Code  Gb  ABImemcpy.o [3]
__aeabi_memcpy8          0x800'1c49         Code  Gb  ABImemcpy.o [3]
__cmain                  0x800'3035         Code  Gb  cmain.o [3]
__exit                   0x800'3069   0x14  Code  Gb  exit.o [4]
__iar_Memset4_word       0x800'1bf1         Code  Gb  ABImemset48.o [3]
__iar_Memset8_word       0x800'1bf1         Code  Gb  ABImemset48.o [3]
__iar_copy_init3         0x800'2fbd   0x2c  Code  Gb  copy_init3.o [3]
__iar_data_init3         0x800'2fe9   0x28  Code  Gb  data_init.o [3]
__iar_program_start      0x800'310d         Code  Gb  cstartup_M.o [3]
__iar_zero_init3         0x800'0a1b   0x3a  Code  Gb  zero_init3.o [3]
__low_level_init         0x800'3053    0x4  Code  Gb  low_level_init.o [2]
__vector_table           0x800'0000         Data  Gb  startup_stm32f103xb.o [1]
_call_main               0x800'3041         Code  Gb  cmain.o [3]
_exit                    0x800'305d         Code  Gb  cexit.o [3]
_main                    0x800'304f         Code  Gb  cmain.o [3]
defaultTaskHandle       0x2000'1430    0x4  Data  Gb  main.o [1]
exit                     0x800'3057    0x4  Code  Gb  exit.o [2]
hcan                    0x2000'1380   0x28  Data  Gb  main.o [1]
htim2                   0x2000'12c0   0x40  Data  Gb  main.o [1]
htim3                   0x2000'1300   0x40  Data  Gb  main.o [1]
htim4                   0x2000'1340   0x40  Data  Gb  stm32f1xx_hal_timebase_tim.o [1]
main                     0x800'0e79   0x4e  Code  Gb  main.o [1]
makeFreeRtosPriority     0x800'1cd1   0x16  Code  Lc  cmsis_os.o [1]
osKernelStart            0x800'1ce7    0xa  Code  Gb  cmsis_os.o [1]
osThreadCreate           0x800'1cf1   0x5e  Code  Gb  cmsis_os.o [1]
prvAddCurrentTaskToDelayedList
                         0x800'1ad1   0x6e  Code  Lc  tasks.o [1]
prvAddNewTaskToReadyList
                         0x800'1599   0x9a  Code  Lc  tasks.o [1]
prvCheckTasksWaitingTermination
                         0x800'19ed   0x38  Code  Lc  tasks.o [1]
prvDeleteTCB             0x800'1a2d   0x42  Code  Lc  tasks.o [1]
prvHeapInit              0x800'2d2b   0x5e  Code  Lc  heap_4.o [1]
prvIdleTask              0x800'1969   0x22  Code  Lc  tasks.o [1]
prvInitialiseNewTask     0x800'14ef   0xaa  Code  Lc  tasks.o [1]
prvInitialiseTaskLists   0x800'1999   0x50  Code  Lc  tasks.o [1]
prvInsertBlockIntoFreeList
                         0x800'2d89   0x5e  Code  Lc  heap_4.o [1]
prvResetNextTaskUnblockTime
                         0x800'1a6f   0x28  Code  Lc  tasks.o [1]
prvTaskExitError         0x800'126d   0x2a  Code  Lc  port.o [1]
pvPortMalloc             0x800'2ba5  0x114  Code  Gb  heap_4.o [1]
pxCurrentTCB            0x2000'1440    0x4  Data  Gb  tasks.o [1]
pxDelayedTaskList       0x2000'1444    0x4  Data  Lc  tasks.o [1]
pxEnd                   0x2000'1420    0x4  Data  Lc  heap_4.o [1]
pxOverflowDelayedTaskList
                        0x2000'1448    0x4  Data  Lc  tasks.o [1]
pxPortInitialiseStack    0x800'124d   0x20  Code  Gb  port.o [1]
pxReadyTasksLists       0x2000'11e0   0x8c  Data  Lc  tasks.o [1]
ucHeap                  0x2000'0010  0xfd0  Data  Lc  heap_4.o [1]
ucMaxSysCallPriority    0x2000'147f    0x1  Data  Lc  port.o [1]
ulMaxPRIGROUPValue      0x2000'1438    0x4  Data  Lc  port.o [1]
uwTick                  0x2000'143c    0x4  Data  Gb  stm32f1xx_hal.o [1]
uwTickFreq              0x2000'000c    0x1  Data  Gb  stm32f1xx_hal.o [1]
uwTickPrio              0x2000'0004    0x4  Data  Gb  stm32f1xx_hal.o [1]
uxCriticalNesting       0x2000'0000    0x4  Data  Lc  port.o [1]
uxCurrentNumberOfTasks  0x2000'1450    0x4  Data  Lc  tasks.o [1]
uxDeletedTasksWaitingCleanUp
                        0x2000'144c    0x4  Data  Lc  tasks.o [1]
uxListRemove             0x800'2e77   0x26  Code  Gb  list.o [1]
uxPendedTicks           0x2000'1460    0x4  Data  Lc  tasks.o [1]
uxSchedulerSuspended    0x2000'1478    0x4  Data  Lc  tasks.o [1]
uxTaskNumber            0x2000'146c    0x4  Data  Lc  tasks.o [1]
uxTopReadyPriority      0x2000'1458    0x4  Data  Lc  tasks.o [1]
vApplicationGetIdleTaskMemory
                         0x800'0a55    0xe  Code  Gb  freertos.o [1]
vListInitialise          0x800'2e05   0x1e  Code  Gb  list.o [1]
vListInitialiseItem      0x800'2e23    0x6  Code  Gb  list.o [1]
vListInsert              0x800'2e41   0x36  Code  Gb  list.o [1]
vListInsertEnd           0x800'2e29   0x18  Code  Gb  list.o [1]
vPortEnterCritical       0x800'1325   0x34  Code  Gb  port.o [1]
vPortExitCritical        0x800'1359   0x2c  Code  Gb  port.o [1]
vPortFree                0x800'2cb9   0x72  Code  Gb  heap_4.o [1]
vPortStartFirstTask      0x800'2b83         Code  Gb  portasm.o [1]
vTaskDelay               0x800'1633   0x4c  Code  Gb  tasks.o [1]
vTaskStartScheduler      0x800'167f   0x8e  Code  Gb  tasks.o [1]
vTaskSuspendAll          0x800'170d    0xc  Code  Gb  tasks.o [1]
vTaskSwitchContext       0x800'18f5   0x6c  Code  Gb  tasks.o [1]
xBlockAllocatedBit      0x2000'142c    0x4  Data  Lc  heap_4.o [1]
xDelayedTaskList1       0x2000'13a8   0x14  Data  Lc  tasks.o [1]
xDelayedTaskList2       0x2000'13bc   0x14  Data  Lc  tasks.o [1]
xFreeBytesRemaining     0x2000'1424    0x4  Data  Lc  heap_4.o [1]
xHeapStructSize          0x800'3138    0x4  Data  Lc  heap_4.o [1]
xIdleStack              0x2000'0fe0  0x200  Data  Lc  freertos.o [1]
xIdleTaskHandle         0x2000'1474    0x4  Data  Lc  tasks.o [1]
xIdleTaskTCBBuffer      0x2000'126c   0x54  Data  Lc  freertos.o [1]
xMinimumEverFreeBytesRemaining
                        0x2000'1428    0x4  Data  Lc  heap_4.o [1]
xNextTaskUnblockTime    0x2000'1470    0x4  Data  Lc  tasks.o [1]
xNumOfOverflows         0x2000'1468    0x4  Data  Lc  tasks.o [1]
xPendingReadyList       0x2000'13d0   0x14  Data  Lc  tasks.o [1]
xPortStartScheduler      0x800'1297   0x8e  Code  Gb  port.o [1]
xSchedulerRunning       0x2000'145c    0x4  Data  Lc  tasks.o [1]
xStart                  0x2000'1418    0x8  Data  Lc  heap_4.o [1]
xSuspendedTaskList      0x2000'13f8   0x14  Data  Lc  tasks.o [1]
xTaskCreate              0x800'147b   0x74  Code  Gb  tasks.o [1]
xTaskCreateStatic        0x800'13f9   0x82  Code  Gb  tasks.o [1]
xTaskIncrementTick       0x800'17fd   0xf8  Code  Gb  tasks.o [1]
xTaskResumeAll           0x800'1719   0xe4  Code  Gb  tasks.o [1]
xTasksWaitingTermination
                        0x2000'13e4   0x14  Data  Lc  tasks.o [1]
xTickCount              0x2000'1454    0x4  Data  Lc  tasks.o [1]
xYieldPending           0x2000'1464    0x4  Data  Lc  tasks.o [1]


[1] = C:\Users\Чистое небо\Desktop\Э.01.00.00 Беспилотный мотодельтаплан\Вспомогательное электронное оборудование\firmware\AssistEquipment\EWARM\AssistEquipment\Obj
[2] = dl7M_tlf.a
[3] = rt7M_tl.a
[4] = shb_l.a

  12 562 bytes of readonly  code memory
     202 bytes of readonly  data memory
   6 269 bytes of readwrite data memory

Errors: none
Warnings: none
