###############################################################################
#
# IAR ELF Linker V8.30.1.114/W32 for ARM                  03/Sep/2020  14:02:32
# Copyright 2007-2018 IAR Systems AB.
#
#    Output file  =  
#        C:\Users\Чистое небо\Desktop\Э.01.00.00
#        Беспилотный
#        мотодельтаплан\Вспомогательное
#        электронное
#        оборудование\firmware\AssistEquipment\EWARM\AssistEquipment\Exe\AssistEquipment.out
#    Map file     =  
#        C:\Users\Чистое небо\Desktop\Э.01.00.00
#        Беспилотный
#        мотодельтаплан\Вспомогательное
#        электронное
#        оборудование\firmware\AssistEquipment\EWARM\AssistEquipment\List\AssistEquipment.map
#    Command line =  
#        -f C:\Users\A146~1\AppData\Local\Temp\EW257B.tmp
#        ("C:\Users\Чистое небо\Desktop\Э.01.00.00
#        Беспилотный
#        мотодельтаплан\Вспомогательное
#        электронное
#        оборудование\firmware\AssistEquipment\EWARM\AssistEquipment\Obj\cmsis_os.o"
#        "C:\Users\Чистое небо\Desktop\Э.01.00.00
#        Беспилотный
#        мотодельтаплан\Вспомогательное
#        электронное
#        оборудование\firmware\AssistEquipment\EWARM\AssistEquipment\Obj\croutine.o"
#        "C:\Users\Чистое небо\Desktop\Э.01.00.00
#        Беспилотный
#        мотодельтаплан\Вспомогательное
#        электронное
#        оборудование\firmware\AssistEquipment\EWARM\AssistEquipment\Obj\event_groups.o"
#        "C:\Users\Чистое небо\Desktop\Э.01.00.00
#        Беспилотный
#        мотодельтаплан\Вспомогательное
#        электронное
#        оборудование\firmware\AssistEquipment\EWARM\AssistEquipment\Obj\freertos.o"
#        "C:\Users\Чистое небо\Desktop\Э.01.00.00
#        Беспилотный
#        мотодельтаплан\Вспомогательное
#        электронное
#        оборудование\firmware\AssistEquipment\EWARM\AssistEquipment\Obj\heap_4.o"
#        "C:\Users\Чистое небо\Desktop\Э.01.00.00
#        Беспилотный
#        мотодельтаплан\Вспомогательное
#        электронное
#        оборудование\firmware\AssistEquipment\EWARM\AssistEquipment\Obj\list.o"
#        "C:\Users\Чистое небо\Desktop\Э.01.00.00
#        Беспилотный
#        мотодельтаплан\Вспомогательное
#        электронное
#        оборудование\firmware\AssistEquipment\EWARM\AssistEquipment\Obj\main.o"
#        "C:\Users\Чистое небо\Desktop\Э.01.00.00
#        Беспилотный
#        мотодельтаплан\Вспомогательное
#        электронное
#        оборудование\firmware\AssistEquipment\EWARM\AssistEquipment\Obj\port.o"
#        "C:\Users\Чистое небо\Desktop\Э.01.00.00
#        Беспилотный
#        мотодельтаплан\Вспомогательное
#        электронное
#        оборудование\firmware\AssistEquipment\EWARM\AssistEquipment\Obj\portasm.o"
#        "C:\Users\Чистое небо\Desktop\Э.01.00.00
#        Беспилотный
#        мотодельтаплан\Вспомогательное
#        электронное
#        оборудование\firmware\AssistEquipment\EWARM\AssistEquipment\Obj\queue.o"
#        "C:\Users\Чистое небо\Desktop\Э.01.00.00
#        Беспилотный
#        мотодельтаплан\Вспомогательное
#        электронное
#        оборудование\firmware\AssistEquipment\EWARM\AssistEquipment\Obj\servo.o"
#        "C:\Users\Чистое небо\Desktop\Э.01.00.00
#        Беспилотный
#        мотодельтаплан\Вспомогательное
#        электронное
#        оборудование\firmware\AssistEquipment\EWARM\AssistEquipment\Obj\startup_stm32f103xb.o"
#        "C:\Users\Чистое небо\Desktop\Э.01.00.00
#        Беспилотный
#        мотодельтаплан\Вспомогательное
#        электронное
#        оборудование\firmware\AssistEquipment\EWARM\AssistEquipment\Obj\stm32f1xx_hal.o"
#        "C:\Users\Чистое небо\Desktop\Э.01.00.00
#        Беспилотный
#        мотодельтаплан\Вспомогательное
#        электронное
#        оборудование\firmware\AssistEquipment\EWARM\AssistEquipment\Obj\stm32f1xx_hal_can.o"
#        "C:\Users\Чистое небо\Desktop\Э.01.00.00
#        Беспилотный
#        мотодельтаплан\Вспомогательное
#        электронное
#        оборудование\firmware\AssistEquipment\EWARM\AssistEquipment\Obj\stm32f1xx_hal_cortex.o"
#        "C:\Users\Чистое небо\Desktop\Э.01.00.00
#        Беспилотный
#        мотодельтаплан\Вспомогательное
#        электронное
#        оборудование\firmware\AssistEquipment\EWARM\AssistEquipment\Obj\stm32f1xx_hal_dma.o"
#        "C:\Users\Чистое небо\Desktop\Э.01.00.00
#        Беспилотный
#        мотодельтаплан\Вспомогательное
#        электронное
#        оборудование\firmware\AssistEquipment\EWARM\AssistEquipment\Obj\stm32f1xx_hal_exti.o"
#        "C:\Users\Чистое небо\Desktop\Э.01.00.00
#        Беспилотный
#        мотодельтаплан\Вспомогательное
#        электронное
#        оборудование\firmware\AssistEquipment\EWARM\AssistEquipment\Obj\stm32f1xx_hal_flash.o"
#        "C:\Users\Чистое небо\Desktop\Э.01.00.00
#        Беспилотный
#        мотодельтаплан\Вспомогательное
#        электронное
#        оборудование\firmware\AssistEquipment\EWARM\AssistEquipment\Obj\stm32f1xx_hal_flash_ex.o"
#        "C:\Users\Чистое небо\Desktop\Э.01.00.00
#        Беспилотный
#        мотодельтаплан\Вспомогательное
#        электронное
#        оборудование\firmware\AssistEquipment\EWARM\AssistEquipment\Obj\stm32f1xx_hal_gpio.o"
#        "C:\Users\Чистое небо\Desktop\Э.01.00.00
#        Беспилотный
#        мотодельтаплан\Вспомогательное
#        электронное
#        оборудование\firmware\AssistEquipment\EWARM\AssistEquipment\Obj\stm32f1xx_hal_gpio_ex.o"
#        "C:\Users\Чистое небо\Desktop\Э.01.00.00
#        Беспилотный
#        мотодельтаплан\Вспомогательное
#        электронное
#        оборудование\firmware\AssistEquipment\EWARM\AssistEquipment\Obj\stm32f1xx_hal_iwdg.o"
#        "C:\Users\Чистое небо\Desktop\Э.01.00.00
#        Беспилотный
#        мотодельтаплан\Вспомогательное
#        электронное
#        оборудование\firmware\AssistEquipment\EWARM\AssistEquipment\Obj\stm32f1xx_hal_msp.o"
#        "C:\Users\Чистое небо\Desktop\Э.01.00.00
#        Беспилотный
#        мотодельтаплан\Вспомогательное
#        электронное
#        оборудование\firmware\AssistEquipment\EWARM\AssistEquipment\Obj\stm32f1xx_hal_pwr.o"
#        "C:\Users\Чистое небо\Desktop\Э.01.00.00
#        Беспилотный
#        мотодельтаплан\Вспомогательное
#        электронное
#        оборудование\firmware\AssistEquipment\EWARM\AssistEquipment\Obj\stm32f1xx_hal_rcc.o"
#        "C:\Users\Чистое небо\Desktop\Э.01.00.00
#        Беспилотный
#        мотодельтаплан\Вспомогательное
#        электронное
#        оборудование\firmware\AssistEquipment\EWARM\AssistEquipment\Obj\stm32f1xx_hal_rcc_ex.o"
#        "C:\Users\Чистое небо\Desktop\Э.01.00.00
#        Беспилотный
#        мотодельтаплан\Вспомогательное
#        электронное
#        оборудование\firmware\AssistEquipment\EWARM\AssistEquipment\Obj\stm32f1xx_hal_tim.o"
#        "C:\Users\Чистое небо\Desktop\Э.01.00.00
#        Беспилотный
#        мотодельтаплан\Вспомогательное
#        электронное
#        оборудование\firmware\AssistEquipment\EWARM\AssistEquipment\Obj\stm32f1xx_hal_tim_ex.o"
#        "C:\Users\Чистое небо\Desktop\Э.01.00.00
#        Беспилотный
#        мотодельтаплан\Вспомогательное
#        электронное
#        оборудование\firmware\AssistEquipment\EWARM\AssistEquipment\Obj\stm32f1xx_hal_timebase_tim.o"
#        "C:\Users\Чистое небо\Desktop\Э.01.00.00
#        Беспилотный
#        мотодельтаплан\Вспомогательное
#        электронное
#        оборудование\firmware\AssistEquipment\EWARM\AssistEquipment\Obj\stm32f1xx_it.o"
#        "C:\Users\Чистое небо\Desktop\Э.01.00.00
#        Беспилотный
#        мотодельтаплан\Вспомогательное
#        электронное
#        оборудование\firmware\AssistEquipment\EWARM\AssistEquipment\Obj\stream_buffer.o"
#        "C:\Users\Чистое небо\Desktop\Э.01.00.00
#        Беспилотный
#        мотодельтаплан\Вспомогательное
#        электронное
#        оборудование\firmware\AssistEquipment\EWARM\AssistEquipment\Obj\system_stm32f1xx.o"
#        "C:\Users\Чистое небо\Desktop\Э.01.00.00
#        Беспилотный
#        мотодельтаплан\Вспомогательное
#        электронное
#        оборудование\firmware\AssistEquipment\EWARM\AssistEquipment\Obj\tasks.o"
#        "C:\Users\Чистое небо\Desktop\Э.01.00.00
#        Беспилотный
#        мотодельтаплан\Вспомогательное
#        электронное
#        оборудование\firmware\AssistEquipment\EWARM\AssistEquipment\Obj\timers.o"
#        --redirect _Printf=_PrintfFull --redirect _Scanf=_ScanfFull
#        --no_out_extension -o "C:\Users\Чистое
#        небо\Desktop\Э.01.00.00 Беспилотный
#        мотодельтаплан\Вспомогательное
#        электронное
#        оборудование\firmware\AssistEquipment\EWARM\AssistEquipment\Exe\AssistEquipment.out"
#        --map "C:\Users\Чистое небо\Desktop\Э.01.00.00
#        Беспилотный
#        мотодельтаплан\Вспомогательное
#        электронное
#        оборудование\firmware\AssistEquipment\EWARM\AssistEquipment\List\AssistEquipment.map"
#        --config "C:\Users\Чистое небо\Desktop\Э.01.00.00
#        Беспилотный
#        мотодельтаплан\Вспомогательное
#        электронное
#        оборудование\firmware\AssistEquipment\EWARM/stm32f103xb_flash.icf"
#        --semihosting --entry __iar_program_start --vfe --text_out locale)
#
###############################################################################

*******************************************************************************
*** RUNTIME MODEL ATTRIBUTES
***

CppFlavor       = *
__SystemLibrary = DLib
__dlib_version  = 6


*******************************************************************************
*** HEAP SELECTION
***

The basic heap was selected because no calls to memory allocation
functions were found in the application outside of system library
functions, and there are calls to deallocation functions in the
application.


*******************************************************************************
*** PLACEMENT SUMMARY
***

"A0":  place at 0x800'0000 { ro section .intvec };
"P1":  place in [from 0x800'0000 to 0x801'ffff] { ro };
define block CSTACK with size = 1K, alignment = 8 { };
define block HEAP with size = 512, alignment = 8 { };
"P2":  place in [from 0x2000'0000 to 0x2000'4fff] {
          rw, block CSTACK, block HEAP };
initialize by copy { rw };

  Section            Kind         Address    Size  Object
  -------            ----         -------    ----  ------
"A0":                                        0xec
  .intvec            ro code   0x800'0000    0xec  startup_stm32f103xb.o [1]
                             - 0x800'00ec    0xec

"P1":                                      0x36e8
  .text              ro code   0x800'00ec   0x91a  stm32f1xx_hal_tim.o [1]
  .text              ro code   0x800'0a06    0x3a  zero_init3.o [3]
  .text              ro code   0x800'0a40   0x204  stm32f1xx_hal_msp.o [1]
  .text              ro code   0x800'0c44     0x2  stm32f1xx_hal_tim.o [1]
  .text              ro code   0x800'0c46     0x2  stm32f1xx_hal_tim.o [1]
  .text              ro code   0x800'0c48   0x1c0  freertos.o [1]
  .text              ro code   0x800'0e08     0x2  stm32f1xx_hal_tim.o [1]
  .text              ro code   0x800'0e0a     0x2  stm32f1xx_hal_tim.o [1]
  .text              ro code   0x800'0e0c   0x56c  main.o [1]
  .text              ro code   0x800'1378     0x2  stm32f1xx_hal_tim_ex.o [1]
  .text              ro code   0x800'137a     0x2  stm32f1xx_hal_tim.o [1]
  .text              ro code   0x800'137c     0x2  stm32f1xx_hal_tim_ex.o [1]
  .rodata            const     0x800'137e     0x2  stm32f1xx_hal_rcc.o [1]
  .text              ro code   0x800'1380    0xe8  stm32f1xx_hal_cortex.o [1]
  .text              ro code   0x800'1468     0x6  ABImemclr4.o [3]
  .text              ro code   0x800'1470   0x21c  stm32f1xx_hal_gpio.o [1]
  .text              ro code   0x800'168c   0x770  tasks.o [1]
  .text              ro code   0x800'1dfc   0x790  stm32f1xx_hal_can.o [1]
  .text              ro code   0x800'258c   0x1ac  port.o [1]
  .text              ro code   0x800'2738    0x5c  stm32f1xx_hal_iwdg.o [1]
  .text              ro code   0x800'2794    0xb4  servo.o [1]
  .text              ro code   0x800'2848    0x24  stm32f1xx_hal.o [1]
  .text              ro code   0x800'286c    0x86  ABImemcpy.o [3]
  .text              ro code   0x800'28f4    0x7e  cmsis_os.o [1]
  .text              ro code   0x800'2974   0x638  stm32f1xx_hal_rcc.o [1]
  .text              ro code   0x800'2fac    0xa6  stm32f1xx_hal_tim_ex.o [1]
  .text              ro code   0x800'3054    0x18  stm32f1xx_hal.o [1]
  .text              ro code   0x800'306c    0x28  stm32f1xx_hal.o [1]
  .text              ro code   0x800'3094    0x32  ABImemset48.o [3]
  .text              ro code   0x800'30c8   0x260  heap_4.o [1]
  .text              ro code   0x800'3328    0x98  list.o [1]
  .text              ro code   0x800'33c0     0xc  stm32f1xx_hal.o [1]
  .text              ro code   0x800'33cc     0x2  stm32f1xx_hal_can.o [1]
  .text              ro code   0x800'33ce     0x2  stm32f1xx_hal_can.o [1]
  .text              ro code   0x800'33d0     0x2  stm32f1xx_hal_can.o [1]
  .text              ro code   0x800'33d2     0x2  stm32f1xx_hal_can.o [1]
  .text              ro code   0x800'33d4     0x2  stm32f1xx_hal_can.o [1]
  .text              ro code   0x800'33d6     0x2  stm32f1xx_hal_can.o [1]
  .text              ro code   0x800'33d8     0x2  stm32f1xx_hal_can.o [1]
  .text              ro code   0x800'33da     0x2  stm32f1xx_hal_can.o [1]
  .text              ro code   0x800'33dc     0x2  stm32f1xx_hal_can.o [1]
  .text              ro code   0x800'33de     0x2  stm32f1xx_hal_can.o [1]
  .text              ro code   0x800'33e0     0x2  stm32f1xx_hal_can.o [1]
  .text              ro code   0x800'33e2     0x2  stm32f1xx_hal_can.o [1]
  CODE               ro code   0x800'33e4    0x88  portasm.o [1]
  .text              ro code   0x800'346c    0x80  stm32f1xx_hal_timebase_tim.o [1]
  .text              ro code   0x800'34ec    0x58  system_stm32f1xx.o [1]
  .text              ro code   0x800'3544    0x44  stm32f1xx_it.o [1]
  .text              ro code   0x800'3588    0x2c  copy_init3.o [3]
  .text              ro code   0x800'35b4    0x28  data_init.o [3]
  .iar.init_table    const     0x800'35dc    0x24  - Linker created -
  .text              ro code   0x800'3600    0x1e  cmain.o [3]
  .text              ro code   0x800'361e     0x4  low_level_init.o [2]
  .text              ro code   0x800'3622     0x4  exit.o [2]
  .text              ro code   0x800'3628     0xa  cexit.o [3]
  .text              ro code   0x800'3634    0x14  exit.o [4]
  .rodata            const     0x800'3648    0x1c  main.o [1]
  .rodata            const     0x800'3664    0x1c  main.o [1]
  .rodata            const     0x800'3680    0x1c  main.o [1]
  Initializer bytes  const     0x800'369c    0x14  <for P2-1>
  .rodata            const     0x800'36b0    0x10  stm32f1xx_hal_rcc.o [1]
  .rodata            const     0x800'36c0    0x10  system_stm32f1xx.o [1]
  .text              ro code   0x800'36d0    0x10  startup_stm32f103xb.o [1]
  .rodata            const     0x800'36e0     0xc  main.o [1]
  .rodata            const     0x800'36ec     0xc  main.o [1]
  .text              ro code   0x800'36f8     0xc  cstartup_M.o [3]
  .rodata            const     0x800'3704     0x8  main.o [1]
  .rodata            const     0x800'370c     0x8  main.o [1]
  .rodata            const     0x800'3714     0x8  main.o [1]
  .rodata            const     0x800'371c     0x8  main.o [1]
  .rodata            const     0x800'3724     0x8  system_stm32f1xx.o [1]
  .rodata            const     0x800'372c     0x8  tasks.o [1]
  .rodata            const     0x800'3734     0x4  heap_4.o [1]
  .text              ro code   0x800'3738     0x4  startup_stm32f103xb.o [1]
  .text              ro code   0x800'373c     0x4  startup_stm32f103xb.o [1]
  .text              ro code   0x800'3740     0x4  startup_stm32f103xb.o [1]
  .text              ro code   0x800'3744     0x4  startup_stm32f103xb.o [1]
  .text              ro code   0x800'3748     0x4  startup_stm32f103xb.o [1]
  .text              ro code   0x800'374c     0x4  startup_stm32f103xb.o [1]
  .text              ro code   0x800'3750     0x4  startup_stm32f103xb.o [1]
  .text              ro code   0x800'3754     0x4  startup_stm32f103xb.o [1]
  .text              ro code   0x800'3758     0x4  startup_stm32f103xb.o [1]
  .text              ro code   0x800'375c     0x4  startup_stm32f103xb.o [1]
  .text              ro code   0x800'3760     0x4  startup_stm32f103xb.o [1]
  .text              ro code   0x800'3764     0x4  startup_stm32f103xb.o [1]
  .text              ro code   0x800'3768     0x4  startup_stm32f103xb.o [1]
  .text              ro code   0x800'376c     0x4  startup_stm32f103xb.o [1]
  .text              ro code   0x800'3770     0x4  startup_stm32f103xb.o [1]
  .text              ro code   0x800'3774     0x4  startup_stm32f103xb.o [1]
  .text              ro code   0x800'3778     0x4  startup_stm32f103xb.o [1]
  .text              ro code   0x800'377c     0x4  startup_stm32f103xb.o [1]
  .text              ro code   0x800'3780     0x4  startup_stm32f103xb.o [1]
  .text              ro code   0x800'3784     0x4  startup_stm32f103xb.o [1]
  .text              ro code   0x800'3788     0x4  startup_stm32f103xb.o [1]
  .text              ro code   0x800'378c     0x4  startup_stm32f103xb.o [1]
  .text              ro code   0x800'3790     0x4  startup_stm32f103xb.o [1]
  .text              ro code   0x800'3794     0x4  startup_stm32f103xb.o [1]
  .text              ro code   0x800'3798     0x4  startup_stm32f103xb.o [1]
  .text              ro code   0x800'379c     0x4  startup_stm32f103xb.o [1]
  .text              ro code   0x800'37a0     0x4  startup_stm32f103xb.o [1]
  .text              ro code   0x800'37a4     0x4  startup_stm32f103xb.o [1]
  .text              ro code   0x800'37a8     0x4  startup_stm32f103xb.o [1]
  .text              ro code   0x800'37ac     0x4  startup_stm32f103xb.o [1]
  .text              ro code   0x800'37b0     0x4  startup_stm32f103xb.o [1]
  .text              ro code   0x800'37b4     0x4  startup_stm32f103xb.o [1]
  .text              ro code   0x800'37b8     0x4  startup_stm32f103xb.o [1]
  .text              ro code   0x800'37bc     0x4  startup_stm32f103xb.o [1]
  .text              ro code   0x800'37c0     0x4  startup_stm32f103xb.o [1]
  .text              ro code   0x800'37c4     0x4  startup_stm32f103xb.o [1]
  .text              ro code   0x800'37c8     0x4  startup_stm32f103xb.o [1]
  .text              ro code   0x800'37cc     0x4  startup_stm32f103xb.o [1]
  .text              ro code   0x800'37d0     0x4  startup_stm32f103xb.o [1]
  .rodata            const     0x800'37d4     0x0  zero_init3.o [3]
  .rodata            const     0x800'37d4     0x0  copy_init3.o [3]
                             - 0x800'37d4  0x36e8

"P2", part 1 of 3:                           0x14
  P2-1                        0x2000'0000    0x11  <Init block>
    .data            inited   0x2000'0000     0x4  port.o [1]
    .data            inited   0x2000'0004     0x4  stm32f1xx_hal.o [1]
    .data            inited   0x2000'0008     0x4  system_stm32f1xx.o [1]
    .data            inited   0x2000'000c     0x2  servo.o [1]
    .data            inited   0x2000'000e     0x2  servo.o [1]
    .data            inited   0x2000'0010     0x1  stm32f1xx_hal.o [1]
                            - 0x2000'0011    0x11

"P2", part 2 of 3:                         0x14c4
  .bss               zero     0x2000'0014   0xfd0  heap_4.o [1]
  .bss               zero     0x2000'0fe4   0x200  freertos.o [1]
  .bss               zero     0x2000'11e4    0x8c  tasks.o [1]
  .bss               zero     0x2000'1270    0x54  freertos.o [1]
  .bss               zero     0x2000'12c4    0x40  main.o [1]
  .bss               zero     0x2000'1304    0x40  main.o [1]
  .bss               zero     0x2000'1344    0x40  main.o [1]
  .bss               zero     0x2000'1384    0x40  stm32f1xx_hal_timebase_tim.o [1]
  .bss               zero     0x2000'13c4    0x28  main.o [1]
  .bss               zero     0x2000'13ec    0x14  tasks.o [1]
  .bss               zero     0x2000'1400    0x14  tasks.o [1]
  .bss               zero     0x2000'1414    0x14  tasks.o [1]
  .bss               zero     0x2000'1428    0x14  tasks.o [1]
  .bss               zero     0x2000'143c    0x14  tasks.o [1]
  .bss               zero     0x2000'1450     0xc  freertos.o [1]
  .bss               zero     0x2000'145c     0xc  main.o [1]
  .bss               zero     0x2000'1468     0x8  heap_4.o [1]
  .bss               zero     0x2000'1470     0x4  freertos.o [1]
  .bss               zero     0x2000'1474     0x4  heap_4.o [1]
  .bss               zero     0x2000'1478     0x4  heap_4.o [1]
  .bss               zero     0x2000'147c     0x4  heap_4.o [1]
  .bss               zero     0x2000'1480     0x4  heap_4.o [1]
  .bss               zero     0x2000'1484     0x4  main.o [1]
  .bss               zero     0x2000'1488     0x4  main.o [1]
  .bss               zero     0x2000'148c     0x4  main.o [1]
  .bss               zero     0x2000'1490     0x4  port.o [1]
  .bss               zero     0x2000'1494     0x4  stm32f1xx_hal.o [1]
  .bss               zero     0x2000'1498     0x4  tasks.o [1]
  .bss               zero     0x2000'149c     0x4  tasks.o [1]
  .bss               zero     0x2000'14a0     0x4  tasks.o [1]
  .bss               zero     0x2000'14a4     0x4  tasks.o [1]
  .bss               zero     0x2000'14a8     0x4  tasks.o [1]
  .bss               zero     0x2000'14ac     0x4  tasks.o [1]
  .bss               zero     0x2000'14b0     0x4  tasks.o [1]
  .bss               zero     0x2000'14b4     0x4  tasks.o [1]
  .bss               zero     0x2000'14b8     0x4  tasks.o [1]
  .bss               zero     0x2000'14bc     0x4  tasks.o [1]
  .bss               zero     0x2000'14c0     0x4  tasks.o [1]
  .bss               zero     0x2000'14c4     0x4  tasks.o [1]
  .bss               zero     0x2000'14c8     0x4  tasks.o [1]
  .bss               zero     0x2000'14cc     0x4  tasks.o [1]
  .bss               zero     0x2000'14d0     0x4  tasks.o [1]
  .bss               zero     0x2000'14d4     0x1  freertos.o [1]
  .bss               zero     0x2000'14d5     0x1  freertos.o [1]
  .bss               zero     0x2000'14d6     0x1  main.o [1]
  .bss               zero     0x2000'14d7     0x1  port.o [1]
                            - 0x2000'14d8  0x14c4

"P2", part 3 of 3:                          0x400
  CSTACK                      0x2000'14d8   0x400  <Block>
    CSTACK           uninit   0x2000'14d8   0x400  <Block tail>
                            - 0x2000'18d8   0x400

Unused ranges:

         From           To      Size
         ----           --      ----
   0x800'37d4   0x801'ffff  0x1'c82c
  0x2000'18d8  0x2000'4fff    0x3728


*******************************************************************************
*** INIT TABLE
***

          Address      Size
          -------      ----
Zero (__iar_zero_init3)
    1 destination range, total size 0x14c4:
          0x2000'0014  0x14c4

Copy (__iar_copy_init3)
    1 source range, total size 0x14 (117% of destination):
           0x800'369c    0x14
    1 destination range, total size 0x11:
          0x2000'0000    0x11



*******************************************************************************
*** MODULE SUMMARY
***

    Module                        ro code  ro data  rw data
    ------                        -------  -------  -------
command line/config:
    -------------------------------------------------------
    Total:

C:\Users\Чистое небо\Desktop\Э.01.00.00 Беспилотный мотодельтаплан\Вспомогательное электронное оборудование\firmware\AssistEquipment\EWARM\AssistEquipment\Obj: [1]
    cmsis_os.o                        126
    freertos.o                        448               614
    heap_4.o                          608        4    4 072
    list.o                            152
    main.o                          1 388      140      257
    port.o                            428        4        9
    portasm.o                         136
    servo.o                           180        4        4
    startup_stm32f103xb.o             408
    stm32f1xx_hal.o                   112        5        9
    stm32f1xx_hal_can.o             1 960
    stm32f1xx_hal_cortex.o            232
    stm32f1xx_hal_gpio.o              540
    stm32f1xx_hal_iwdg.o               92
    stm32f1xx_hal_msp.o               516
    stm32f1xx_hal_rcc.o             1 592       18
    stm32f1xx_hal_tim.o             2 340
    stm32f1xx_hal_tim_ex.o            170
    stm32f1xx_hal_timebase_tim.o      128                64
    stm32f1xx_it.o                     68
    system_stm32f1xx.o                 88       28        4
    tasks.o                         1 904        8      300
    -------------------------------------------------------
    Total:                         13 616      211    5 333

dl7M_tlf.a: [2]
    exit.o                              4
    low_level_init.o                    4
    -------------------------------------------------------
    Total:                              8

rt7M_tl.a: [3]
    ABImemclr4.o                        6
    ABImemcpy.o                       134
    ABImemset48.o                      50
    cexit.o                            10
    cmain.o                            30
    copy_init3.o                       44
    cstartup_M.o                       12
    data_init.o                        40
    zero_init3.o                       58
    -------------------------------------------------------
    Total:                            384

shb_l.a: [4]
    exit.o                             20
    -------------------------------------------------------
    Total:                             20

    Gaps                               14
    Linker created                              39    1 024
-----------------------------------------------------------
    Grand Total:                   14 042      250    6 357


*******************************************************************************
*** ENTRY LIST
***

Entry                       Address   Size  Type      Object
-----                       -------   ----  ----      ------
.iar.init_table$$Base    0x800'35dc          --   Gb  - Linker created -
.iar.init_table$$Limit   0x800'3600          --   Gb  - Linker created -
?main                    0x800'3601         Code  Gb  cmain.o [3]
AHBPrescTable            0x800'36c0   0x10  Data  Gb  system_stm32f1xx.o [1]
APBPrescTable            0x800'3724    0x8  Data  Gb  system_stm32f1xx.o [1]
BusFault_Handler         0x800'354b    0x2  Code  Gb  stm32f1xx_it.o [1]
CAN_TX_TaskHandle       0x2000'1488    0x4  Data  Gb  main.o [1]
CSTACK$$Base            0x2000'14d8          --   Gb  - Linker created -
CSTACK$$Limit           0x2000'18d8          --   Gb  - Linker created -
DebugMon_Handler         0x800'354f    0x2  Code  Gb  stm32f1xx_it.o [1]
Error_Handler            0x800'12ab   0x72  Code  Gb  main.o [1]
FuelCapacity            0x2000'14d5    0x1  Data  Gb  freertos.o [1]
HAL_CAN_ActivateNotification
                         0x800'2331   0x2c  Code  Gb  stm32f1xx_hal_can.o [1]
HAL_CAN_AddTxMessage     0x800'20d3  0x10a  Code  Gb  stm32f1xx_hal_can.o [1]
HAL_CAN_ConfigFilter     0x800'1f69  0x10e  Code  Gb  stm32f1xx_hal_can.o [1]
HAL_CAN_GetRxMessage     0x800'21dd  0x154  Code  Gb  stm32f1xx_hal_can.o [1]
HAL_CAN_IRQHandler       0x800'235d  0x230  Code  Gb  stm32f1xx_hal_can.o [1]
HAL_CAN_Init             0x800'1dfd  0x16c  Code  Gb  stm32f1xx_hal_can.o [1]
HAL_CAN_MspInit          0x800'0a87   0x92  Code  Gb  stm32f1xx_hal_msp.o [1]
HAL_CAN_RxFifo0MsgPendingCallback
                         0x800'0c9b   0x66  Code  Gb  freertos.o [1]
HAL_CAN_Start            0x800'2077   0x5c  Code  Gb  stm32f1xx_hal_can.o [1]
HAL_Delay                0x800'306d   0x28  Code  Wk  stm32f1xx_hal.o [1]
HAL_GPIO_Init            0x800'1471  0x1b0  Code  Gb  stm32f1xx_hal_gpio.o [1]
HAL_GPIO_TogglePin       0x800'1635   0x16  Code  Gb  stm32f1xx_hal_gpio.o [1]
HAL_GPIO_WritePin        0x800'1621   0x14  Code  Gb  stm32f1xx_hal_gpio.o [1]
HAL_GetTick              0x800'33c1    0xc  Code  Wk  stm32f1xx_hal.o [1]
HAL_IWDG_Init            0x800'2739   0x50  Code  Gb  stm32f1xx_hal_iwdg.o [1]
HAL_IWDG_Refresh         0x800'2789    0xc  Code  Gb  stm32f1xx_hal_iwdg.o [1]
HAL_IncTick              0x800'3055   0x18  Code  Wk  stm32f1xx_hal.o [1]
HAL_Init                 0x800'2849   0x20  Code  Gb  stm32f1xx_hal.o [1]
HAL_InitTick             0x800'346d   0x70  Code  Gb  stm32f1xx_hal_timebase_tim.o [1]
HAL_MspInit              0x800'0a41   0x46  Code  Gb  stm32f1xx_hal_msp.o [1]
HAL_NVIC_EnableIRQ       0x800'144b    0xa  Code  Gb  stm32f1xx_hal_cortex.o [1]
HAL_NVIC_SetPriority     0x800'1429   0x22  Code  Gb  stm32f1xx_hal_cortex.o [1]
HAL_NVIC_SetPriorityGrouping
                         0x800'1421    0x8  Code  Gb  stm32f1xx_hal_cortex.o [1]
HAL_RCC_ClockConfig      0x800'2d47  0x146  Code  Gb  stm32f1xx_hal_rcc.o [1]
HAL_RCC_GetClockConfig   0x800'2f0b   0x34  Code  Gb  stm32f1xx_hal_rcc.o [1]
HAL_RCC_GetHCLKFreq      0x800'2eef    0x6  Code  Gb  stm32f1xx_hal_rcc.o [1]
HAL_RCC_GetPCLK1Freq     0x800'2ef5   0x16  Code  Gb  stm32f1xx_hal_rcc.o [1]
HAL_RCC_GetSysClockFreq
                         0x800'2e8d   0x62  Code  Gb  stm32f1xx_hal_rcc.o [1]
HAL_RCC_OscConfig        0x800'2975  0x3d2  Code  Gb  stm32f1xx_hal_rcc.o [1]
HAL_TIMEx_BreakCallback
                         0x800'1379    0x2  Code  Wk  stm32f1xx_hal_tim_ex.o [1]
HAL_TIMEx_CommutCallback
                         0x800'137d    0x2  Code  Wk  stm32f1xx_hal_tim_ex.o [1]
HAL_TIMEx_ConfigBreakDeadTime
                         0x800'2ff9   0x5a  Code  Gb  stm32f1xx_hal_tim_ex.o [1]
HAL_TIMEx_MasterConfigSynchronization
                         0x800'2fad   0x4c  Code  Gb  stm32f1xx_hal_tim_ex.o [1]
HAL_TIM_Base_Init        0x800'00ed   0x38  Code  Gb  stm32f1xx_hal_tim.o [1]
HAL_TIM_Base_MspInit     0x800'0b19   0xc6  Code  Gb  stm32f1xx_hal_msp.o [1]
HAL_TIM_Base_Start_IT    0x800'0125   0x28  Code  Gb  stm32f1xx_hal_tim.o [1]
HAL_TIM_ConfigClockSource
                         0x800'05bb   0xe8  Code  Gb  stm32f1xx_hal_tim.o [1]
HAL_TIM_IC_CaptureCallback
                         0x800'0c57   0x20  Code  Gb  freertos.o [1]
HAL_TIM_IC_ConfigChannel
                         0x800'03eb   0xd4  Code  Gb  stm32f1xx_hal_tim.o [1]
HAL_TIM_IC_Init          0x800'01c3   0x38  Code  Gb  stm32f1xx_hal_tim.o [1]
HAL_TIM_IC_Start_IT      0x800'01fb   0x74  Code  Gb  stm32f1xx_hal_tim.o [1]
HAL_TIM_IRQHandler       0x800'0275  0x176  Code  Gb  stm32f1xx_hal_tim.o [1]
HAL_TIM_MspPostInit      0x800'0bdf   0x44  Code  Gb  stm32f1xx_hal_msp.o [1]
HAL_TIM_PWM_ConfigChannel
                         0x800'04bf   0xfc  Code  Gb  stm32f1xx_hal_tim.o [1]
HAL_TIM_PWM_Init         0x800'014d   0x38  Code  Gb  stm32f1xx_hal_tim.o [1]
HAL_TIM_PWM_Start        0x800'0185   0x3e  Code  Gb  stm32f1xx_hal_tim.o [1]
HAL_TIM_PeriodElapsedCallback
                         0x800'128b   0x20  Code  Gb  main.o [1]
HardFault_Handler        0x800'3547    0x2  Code  Gb  stm32f1xx_it.o [1]
MX_CAN_Init              0x800'0efd   0x9c  Code  Lc  main.o [1]
MX_GPIO_Init             0x800'11e1   0xaa  Code  Lc  main.o [1]
MX_IWDG_Init             0x800'0f99   0x24  Code  Lc  main.o [1]
MX_TIM1_Init             0x800'0fbd   0xf6  Code  Lc  main.o [1]
MX_TIM2_Init             0x800'10b3   0xac  Code  Lc  main.o [1]
MX_TIM3_Init             0x800'115f   0x82  Code  Lc  main.o [1]
MemManage_Handler        0x800'3549    0x2  Code  Gb  stm32f1xx_it.o [1]
NMI_Handler              0x800'3545    0x2  Code  Gb  stm32f1xx_it.o [1]
NVIC_EncodePriority      0x800'13e5   0x3c  Code  Lc  stm32f1xx_hal_cortex.o [1]
PendSV_Handler           0x800'33e5         Code  Gb  portasm.o [1]
RCC_Delay                0x800'2f3f   0x24  Code  Lc  stm32f1xx_hal_rcc.o [1]
RPM                     0x2000'14d4    0x1  Data  Gb  freertos.o [1]
RPMTaskHandle           0x2000'148c    0x4  Data  Gb  main.o [1]
Region$$Table$$Base      0x800'35dc          --   Gb  - Linker created -
Region$$Table$$Limit     0x800'3600          --   Gb  - Linker created -
SVC_Handler              0x800'342b         Code  Gb  portasm.o [1]
ServoAccel              0x2000'1450    0xc  Data  Gb  freertos.o [1]
ServoMaxWidth           0x2000'000c    0x2  Data  Lc  servo.o [1]
ServoMinWidth           0x2000'000e    0x2  Data  Lc  servo.o [1]
ServoSetAngle            0x800'27a3   0x9a  Code  Gb  servo.o [1]
ServoStart               0x800'2795    0xe  Code  Gb  servo.o [1]
SignalStatus            0x2000'14d6    0x1  Data  Gb  main.o [1]
StartDefaultTask         0x800'0d73   0x5c  Code  Gb  freertos.o [1]
StartRPMTask             0x800'0c77   0x24  Code  Gb  freertos.o [1]
Start_CAN_TX_Task        0x800'0d01   0x72  Code  Gb  freertos.o [1]
SysTick_Handler          0x800'26c5   0x28  Code  Gb  port.o [1]
SystemClock_Config       0x800'0e8f   0x6e  Code  Gb  main.o [1]
SystemCoreClock         0x2000'0008    0x4  Data  Gb  system_stm32f1xx.o [1]
SystemInit               0x800'34ed   0x3e  Code  Gb  system_stm32f1xx.o [1]
TIM2_IRQHandler          0x800'355b    0xa  Code  Gb  stm32f1xx_it.o [1]
TIM3_IRQHandler          0x800'3565    0xa  Code  Gb  stm32f1xx_it.o [1]
TIM4_IRQHandler          0x800'356f    0xa  Code  Gb  stm32f1xx_it.o [1]
TIM_Base_SetConfig       0x800'06a3   0x64  Code  Gb  stm32f1xx_hal_tim.o [1]
TIM_CCxChannelCmd        0x800'09e1   0x26  Code  Gb  stm32f1xx_hal_tim.o [1]
TIM_ETR_SetConfig        0x800'09cb   0x16  Code  Gb  stm32f1xx_hal_tim.o [1]
TIM_ITRx_SetConfig       0x800'09bb   0x10  Code  Lc  stm32f1xx_hal_tim.o [1]
TIM_OC1_SetConfig        0x800'0707   0x58  Code  Lc  stm32f1xx_hal_tim.o [1]
TIM_OC2_SetConfig        0x800'075f   0x62  Code  Gb  stm32f1xx_hal_tim.o [1]
TIM_OC3_SetConfig        0x800'07c1   0x60  Code  Lc  stm32f1xx_hal_tim.o [1]
TIM_OC4_SetConfig        0x800'0821   0x46  Code  Lc  stm32f1xx_hal_tim.o [1]
TIM_TI1_ConfigInputStage
                         0x800'08d1   0x24  Code  Lc  stm32f1xx_hal_tim.o [1]
TIM_TI1_SetConfig        0x800'0867   0x5e  Code  Gb  stm32f1xx_hal_tim.o [1]
TIM_TI2_ConfigInputStage
                         0x800'092b   0x26  Code  Lc  stm32f1xx_hal_tim.o [1]
TIM_TI2_SetConfig        0x800'08f5   0x36  Code  Lc  stm32f1xx_hal_tim.o [1]
TIM_TI3_SetConfig        0x800'0951   0x34  Code  Lc  stm32f1xx_hal_tim.o [1]
TIM_TI4_SetConfig        0x800'0985   0x36  Code  Lc  stm32f1xx_hal_tim.o [1]
USB_LP_CAN1_RX0_IRQHandler
                         0x800'3551    0xa  Code  Gb  stm32f1xx_it.o [1]
UsageFault_Handler       0x800'354d    0x2  Code  Gb  stm32f1xx_it.o [1]
__NVIC_EnableIRQ         0x800'13a5   0x1c  Code  Lc  stm32f1xx_hal_cortex.o [1]
__NVIC_GetPriorityGrouping
                         0x800'139b    0xa  Code  Lc  stm32f1xx_hal_cortex.o [1]
__NVIC_SetPriority       0x800'13c1   0x24  Code  Lc  stm32f1xx_hal_cortex.o [1]
__NVIC_SetPriorityGrouping
                         0x800'1381   0x1a  Code  Lc  stm32f1xx_hal_cortex.o [1]
__aeabi_memclr4          0x800'1469         Code  Gb  ABImemclr4.o [3]
__aeabi_memcpy4          0x800'286d         Code  Gb  ABImemcpy.o [3]
__aeabi_memcpy8          0x800'286d         Code  Gb  ABImemcpy.o [3]
__cmain                  0x800'3601         Code  Gb  cmain.o [3]
__exit                   0x800'3635   0x14  Code  Gb  exit.o [4]
__iar_Memset4_word       0x800'3095         Code  Gb  ABImemset48.o [3]
__iar_Memset8_word       0x800'3095         Code  Gb  ABImemset48.o [3]
__iar_copy_init3         0x800'3589   0x2c  Code  Gb  copy_init3.o [3]
__iar_data_init3         0x800'35b5   0x28  Code  Gb  data_init.o [3]
__iar_program_start      0x800'36f9         Code  Gb  cstartup_M.o [3]
__iar_zero_init3         0x800'0a07   0x3a  Code  Gb  zero_init3.o [3]
__low_level_init         0x800'361f    0x4  Code  Gb  low_level_init.o [2]
__vector_table           0x800'0000         Data  Gb  startup_stm32f103xb.o [1]
_call_main               0x800'360d         Code  Gb  cmain.o [3]
_exit                    0x800'3629         Code  Gb  cexit.o [3]
_main                    0x800'361b         Code  Gb  cmain.o [3]
defaultTaskHandle       0x2000'1484    0x4  Data  Gb  main.o [1]
exit                     0x800'3623    0x4  Code  Gb  exit.o [2]
hcan                    0x2000'13c4   0x28  Data  Gb  main.o [1]
hiwdg                   0x2000'145c    0xc  Data  Gb  main.o [1]
htim1                   0x2000'12c4   0x40  Data  Gb  main.o [1]
htim2                   0x2000'1304   0x40  Data  Gb  main.o [1]
htim3                   0x2000'1344   0x40  Data  Gb  main.o [1]
htim4                   0x2000'1384   0x40  Data  Gb  stm32f1xx_hal_timebase_tim.o [1]
main                     0x800'0e0d   0x82  Code  Gb  main.o [1]
makeFreeRtosPriority     0x800'28f5   0x16  Code  Lc  cmsis_os.o [1]
osKernelStart            0x800'290b    0xa  Code  Gb  cmsis_os.o [1]
osThreadCreate           0x800'2915   0x5e  Code  Gb  cmsis_os.o [1]
prvAddCurrentTaskToDelayedList
                         0x800'1d65   0x6e  Code  Lc  tasks.o [1]
prvAddNewTaskToReadyList
                         0x800'182d   0x9a  Code  Lc  tasks.o [1]
prvCheckTasksWaitingTermination
                         0x800'1c81   0x38  Code  Lc  tasks.o [1]
prvDeleteTCB             0x800'1cc1   0x42  Code  Lc  tasks.o [1]
prvHeapInit              0x800'324f   0x5e  Code  Lc  heap_4.o [1]
prvIdleTask              0x800'1bfd   0x22  Code  Lc  tasks.o [1]
prvInitialiseNewTask     0x800'1783   0xaa  Code  Lc  tasks.o [1]
prvInitialiseTaskLists   0x800'1c2d   0x50  Code  Lc  tasks.o [1]
prvInsertBlockIntoFreeList
                         0x800'32ad   0x5e  Code  Lc  heap_4.o [1]
prvResetNextTaskUnblockTime
                         0x800'1d03   0x28  Code  Lc  tasks.o [1]
prvTaskExitError         0x800'25ad   0x2a  Code  Lc  port.o [1]
pvPortMalloc             0x800'30c9  0x114  Code  Gb  heap_4.o [1]
pxCurrentTCB            0x2000'1498    0x4  Data  Gb  tasks.o [1]
pxDelayedTaskList       0x2000'149c    0x4  Data  Lc  tasks.o [1]
pxEnd                   0x2000'1474    0x4  Data  Lc  heap_4.o [1]
pxOverflowDelayedTaskList
                        0x2000'14a0    0x4  Data  Lc  tasks.o [1]
pxPortInitialiseStack    0x800'258d   0x20  Code  Gb  port.o [1]
pxReadyTasksLists       0x2000'11e4   0x8c  Data  Lc  tasks.o [1]
revs                    0x2000'1470    0x4  Data  Gb  freertos.o [1]
ucHeap                  0x2000'0014  0xfd0  Data  Lc  heap_4.o [1]
ucMaxSysCallPriority    0x2000'14d7    0x1  Data  Lc  port.o [1]
ulMaxPRIGROUPValue      0x2000'1490    0x4  Data  Lc  port.o [1]
uwTick                  0x2000'1494    0x4  Data  Gb  stm32f1xx_hal.o [1]
uwTickFreq              0x2000'0010    0x1  Data  Gb  stm32f1xx_hal.o [1]
uwTickPrio              0x2000'0004    0x4  Data  Gb  stm32f1xx_hal.o [1]
uxCriticalNesting       0x2000'0000    0x4  Data  Lc  port.o [1]
uxCurrentNumberOfTasks  0x2000'14a8    0x4  Data  Lc  tasks.o [1]
uxDeletedTasksWaitingCleanUp
                        0x2000'14a4    0x4  Data  Lc  tasks.o [1]
uxListRemove             0x800'339b   0x26  Code  Gb  list.o [1]
uxPendedTicks           0x2000'14b8    0x4  Data  Lc  tasks.o [1]
uxSchedulerSuspended    0x2000'14d0    0x4  Data  Lc  tasks.o [1]
uxTaskNumber            0x2000'14c4    0x4  Data  Lc  tasks.o [1]
uxTopReadyPriority      0x2000'14b0    0x4  Data  Lc  tasks.o [1]
vApplicationGetIdleTaskMemory
                         0x800'0c49    0xe  Code  Gb  freertos.o [1]
vListInitialise          0x800'3329   0x1e  Code  Gb  list.o [1]
vListInitialiseItem      0x800'3347    0x6  Code  Gb  list.o [1]
vListInsert              0x800'3365   0x36  Code  Gb  list.o [1]
vListInsertEnd           0x800'334d   0x18  Code  Gb  list.o [1]
vPortEnterCritical       0x800'2665   0x34  Code  Gb  port.o [1]
vPortExitCritical        0x800'2699   0x2c  Code  Gb  port.o [1]
vPortFree                0x800'31dd   0x72  Code  Gb  heap_4.o [1]
vPortStartFirstTask      0x800'344b         Code  Gb  portasm.o [1]
vTaskDelay               0x800'18c7   0x4c  Code  Gb  tasks.o [1]
vTaskStartScheduler      0x800'1913   0x8e  Code  Gb  tasks.o [1]
vTaskSuspendAll          0x800'19a1    0xc  Code  Gb  tasks.o [1]
vTaskSwitchContext       0x800'1b89   0x6c  Code  Gb  tasks.o [1]
xBlockAllocatedBit      0x2000'1480    0x4  Data  Lc  heap_4.o [1]
xDelayedTaskList1       0x2000'13ec   0x14  Data  Lc  tasks.o [1]
xDelayedTaskList2       0x2000'1400   0x14  Data  Lc  tasks.o [1]
xFreeBytesRemaining     0x2000'1478    0x4  Data  Lc  heap_4.o [1]
xHeapStructSize          0x800'3734    0x4  Data  Lc  heap_4.o [1]
xIdleStack              0x2000'0fe4  0x200  Data  Lc  freertos.o [1]
xIdleTaskHandle         0x2000'14cc    0x4  Data  Lc  tasks.o [1]
xIdleTaskTCBBuffer      0x2000'1270   0x54  Data  Lc  freertos.o [1]
xMinimumEverFreeBytesRemaining
                        0x2000'147c    0x4  Data  Lc  heap_4.o [1]
xNextTaskUnblockTime    0x2000'14c8    0x4  Data  Lc  tasks.o [1]
xNumOfOverflows         0x2000'14c0    0x4  Data  Lc  tasks.o [1]
xPendingReadyList       0x2000'1414   0x14  Data  Lc  tasks.o [1]
xPortStartScheduler      0x800'25d7   0x8e  Code  Gb  port.o [1]
xSchedulerRunning       0x2000'14b4    0x4  Data  Lc  tasks.o [1]
xStart                  0x2000'1468    0x8  Data  Lc  heap_4.o [1]
xSuspendedTaskList      0x2000'143c   0x14  Data  Lc  tasks.o [1]
xTaskCreate              0x800'170f   0x74  Code  Gb  tasks.o [1]
xTaskCreateStatic        0x800'168d   0x82  Code  Gb  tasks.o [1]
xTaskIncrementTick       0x800'1a91   0xf8  Code  Gb  tasks.o [1]
xTaskResumeAll           0x800'19ad   0xe4  Code  Gb  tasks.o [1]
xTasksWaitingTermination
                        0x2000'1428   0x14  Data  Lc  tasks.o [1]
xTickCount              0x2000'14ac    0x4  Data  Lc  tasks.o [1]
xYieldPending           0x2000'14bc    0x4  Data  Lc  tasks.o [1]


[1] = C:\Users\Чистое небо\Desktop\Э.01.00.00 Беспилотный мотодельтаплан\Вспомогательное электронное оборудование\firmware\AssistEquipment\EWARM\AssistEquipment\Obj
[2] = dl7M_tlf.a
[3] = rt7M_tl.a
[4] = shb_l.a

  14 042 bytes of readonly  code memory
     250 bytes of readonly  data memory
   6 357 bytes of readwrite data memory

Errors: none
Warnings: none
